[malisper.me/index.html]
[backblue.gif]
[fade.gif]
[index.html]
[malisper.me/index.html]
[malisper.me/xmlrpc.php]
[malisper.me/page/2/index.html]
[malisper.me/wp-content/themes/scrawl-wpcom/style167b.css]
[malisper.me/wp-content/themes/scrawl-wpcom/fonts/genericons6de8.css]
[malisper.me/page/2/index.html]
[malisper.me/comments/feed/index.html]
[malisper.me/wp-includes/js/jquery/jquery-migrate.min330a.js]
[malisper.me/feed/index.html]
[malisper.me/wp-content/themes/scrawl-wpcom/style167b.css]
[malisper.me/wp-json/index.html]
[malisper.me/wp-includes/wlwmanifest.xml]
[malisper.me/xmlrpc0db0.php]
[malisper.me/wp-content/themes/scrawl-wpcom/fonts/genericons6de8.css]
[malisper.me/about-me/index.html]
[malisper.me/about-this-site-2/index.html]
[malisper.me/wp-includes/js/jquery/jqueryb8ff.js]
[malisper.me/2016/04/index.html]
[malisper.me/2016/01/index.html]
[malisper.me/2016/06/index.html]
[malisper.me/2015/12/index.html]
[malisper.me/about-me/index.html]
[malisper.me/about-this-site-2/index.html]
[malisper.me/2016/06/index.html]
[malisper.me/2016/04/index.html]
[malisper.me/2015/10/index.html]
[malisper.me/2015/11/index.html]
[malisper.me/2015/09/index.html]
[malisper.me/2016/01/index.html]
[malisper.me/2015/12/index.html]
[malisper.me/2015/11/index.html]
[malisper.me/2015/08/index.html]
[malisper.me/2015/10/index.html]
[malisper.me/2015/07/index.html]
[malisper.me/2015/06/index.html]
[malisper.me/2015/05/index.html]
[malisper.me/2015/09/index.html]
[malisper.me/2015/08/index.html]
[malisper.me/category/basics/index.html]
[malisper.me/2015/07/index.html]
[malisper.me/category/intermediate-macros/index.html]
[malisper.me/category/advanced-macros/index.html]
[malisper.me/category/debugging-common-lisp/index.html]
[malisper.me/2015/06/index.html]
[malisper.me/2015/05/index.html]
[malisper.me/category/basics/index.html]
[malisper.me/category/loops-in-lisp/index.html]
[malisper.me/category/intermediate-macros/index.html]
[malisper.me/2016/06/11/building-fizzbuzz-fractran-bottom/index.html]
[malisper.me/2015/11/24/loops-lisp-part-1-goto/index.html]
[malisper.me/author/malisper/index.html]
[malisper.me/category/advanced-macros/index.html]
[malisper.me/category/debugging-common-lisp/index.html]
[malisper.me/category/loops-in-lisp/index.html]
[malisper.me/2016/04/13/loops-in-lisp-part-4-series/index.html]
[malisper.me/2015/12/15/loops-in-lisp-part-2-loop/index.html]
[malisper.me/2016/01/12/loops-in-lisp-part-3-iterate/index.html]
[malisper.me/2016/04/20/writing-self-referential-programs/index.html]
[malisper.me/2016/06/11/building-fizzbuzz-fractran-bottom/index.html]
[malisper.me/2015/11/10/defmemo/index.html]
[malisper.me/2015/10/13/or/index.html]
[malisper.me/2015/09/22/getting-places/index.html]
[malisper.me/2015/09/29/zap/index.html]
[malisper.me/2015/11/24/loops-lisp-part-1-goto/index.html]
[malisper.me/2015/06/30/multiple-value-bind/index.html]
[malisper.me/2015/06/06/once-only/index.html]
[malisper.me/wp-content/plugins/syntaxhighlighter/syntaxhighlighter3/scripts/shBrushPlain09b1.js]
[malisper.me/author/malisper/index.html]
[malisper.me/wp-content/plugins/syntaxhighlighter/syntaxhighlighter3/styles/shCore09b1.css]
[malisper.me/wp-content/plugins/syntaxhighlighter/syntaxhighlighter3/styles/shThemeEclipse09b1.css]
[malisper.me/wp-content/plugins/easy-footnotes/assets/qtip/jquery.qtip.min167b.css]
[malisper.me/2016/04/20/writing-self-referential-programs/index.html]
[malisper.me/wp-content/plugins/syntaxhighlighter/syntaxhighlighter3/scripts/shCore09b1.js]
[malisper.me/2016/04/13/loops-in-lisp-part-4-series/index.html]
[malisper.me/wp-content/plugins/easy-footnotes/assets/easy-footnotes167b.css]
[malisper.me/wp-includes/css/dashicons.min167b.css]
[malisper.me/wp-content/themes/scrawl-wpcom/js/scrawld56c.js]
[malisper.me/2015/12/15/loops-in-lisp-part-2-loop/index.html]
[malisper.me/2016/01/12/loops-in-lisp-part-3-iterate/index.html]
[malisper.me/2015/11/10/defmemo/index.html]
[malisper.me/wp-content/themes/scrawl-wpcom/js/skip-link-focus-fix08e0.js]
[malisper.me/2015/10/13/or/index.html]
[malisper.me/wp-includes/js/wp-embed.min167b.js]
[malisper.me/wp-includes/js/imagesloaded.min55a0.js]
[malisper.me/2015/09/22/getting-places/index.html]
[malisper.me/2015/09/29/zap/index.html]
[malisper.me/wp-content/plugins/easy-footnotes/assets/qtip/jquery.qtipcall167b.js]
[malisper.me/2015/06/30/multiple-value-bind/index.html]
[malisper.me/2015/09/08/defasm/index.html]
[malisper.me/page/3/index.html]
[malisper.me/2015/06/06/once-only/index.html]
[malisper.me/wp-content/plugins/syntaxhighlighter/syntaxhighlighter3/styles/shCore09b1.css]
[malisper.me/2015/07/07/debugging-lisp-part-1-recompilation/index.html]
[malisper.me/2015/08/27/defaddress/index.html]
[malisper.me/wp-content/plugins/syntaxhighlighter/syntaxhighlighter3/styles/shThemeEclipse09b1.css]
[malisper.me/wp-content/plugins/easy-footnotes/assets/qtip/jquery.qtip.min167b.js]
[malisper.me/wp-content/plugins/easy-footnotes/assets/qtip/jquery.qtip.min167b.css]
[malisper.me/2015/07/14/debugging-lisp-part-2-inspecting/index.html]
[malisper.me/2015/07/22/debugging-lisp-part-3-redefining-classes/index.html]
[malisper.me/wp-content/plugins/easy-footnotes/assets/easy-footnotes167b.css]
[malisper.me/wp-includes/css/dashicons.min167b.css]
[malisper.me/wp-content/uploads/2015/08/ezgif.com-optimize-4.gif]
[malisper.me/wp-content/uploads/2015/08/ezgif.com-optimize-6.gif]
[malisper.me/page/3/index.html]
[malisper.me/2015/09/08/defasm/index.html]
[malisper.me/wp-content/uploads/2015/08/ezgif.com-optimize-9.gif]
[malisper.me/wp-content/uploads/2015/08/ezgif.com-optimize-7.gif]
[malisper.me/2015/08/27/defaddress/index.html]
[malisper.me/2015/08/05/debugging-lisp-part-4-restarts/index.html]
[malisper.me/2015/08/19/debugging-lisp-part-5-miscellaneous/index.html]
[malisper.me/wp-content/uploads/2015/08/ezgif.com-optimize-3.gif]
[malisper.me/wp-content/uploads/2015/08/ezgif.com-optimize-8.gif]
[malisper.me/wp-content/uploads/2015/07/ezgif.com-optimize1.gif]
[malisper.me/2015/08/19/debugging-lisp-part-5-miscellaneous/index.html]
[malisper.me/2015/07/07/debugging-lisp-part-1-recompilation/index.html]
[malisper.me/2015/07/14/debugging-lisp-part-2-inspecting/index.html]
[malisper.me/2015/07/22/debugging-lisp-part-3-redefining-classes/index.html]
[malisper.me/wp-content/uploads/2015/07/ezgif.com-optimize-1.gif]
[malisper.me/wp-content/uploads/2015/07/ezgif.com-optimize-21.gif]
[malisper.me/wp-content/uploads/2015/07/ezgif.com-crop1.gif]
[malisper.me/wp-content/uploads/2015/07/ezgif.com-optimize-22.gif]
[malisper.me/2015/08/05/debugging-lisp-part-4-restarts/index.html]
[malisper.me/wp-content/uploads/2015/07/ezgif.com-optimize-5.gif]
[malisper.me/wp-content/uploads/2015/07/ezgif.com-optimize-7.gif]
[malisper.me/wp-content/uploads/2015/07/ezgif.com-crop-4.gif]
[malisper.me/wp-content/uploads/2015/07/ezgif.com-crop-5.gif]
[malisper.me/wp-content/uploads/2015/07/ezgif.com-optimize-8.gif]
[malisper.me/wp-content/uploads/2015/07/ezgif.com-crop.gif]
[malisper.me/wp-content/uploads/2015/07/ezgif.com-resize.html]
[malisper.me/wp-content/uploads/2015/07/ezgif.com-optimize-2.gif]
[malisper.me/wp-content/uploads/2015/07/ezgif.com-optimize.gif]
[malisper.me/wp-content/uploads/2015/07/ezgif.com-crop-3.gif]
[malisper.me/wp-content/uploads/2015/07/ezgif.com-optimize-3.gif]
[malisper.me/2015/06/14/mapeach/index.html]
[malisper.me/2015/06/17/hofeach/index.html]
[malisper.me/wp-content/themes/scrawl-wpcom/fonts/genericons/genericons.css]
[malisper.me/2015/06/17/hofeach/index.html]
[malisper.me/2015/06/14/mapeach/index.html]
[malisper.me/wp-content/themes/scrawl-wpcom/fonts/genericons/genericons.css]
[malisper.me/about-me/feed/index.html]
[malisper.me/wp-json/oembed/1.0/embedb7f9.json]
[malisper.me/index8054.html]
[malisper.me/wp-json/oembed/1.0/embed22b9]
[malisper.me/wp-includes/js/comment-reply.min167b.js]
[malisper.me/about-this-site-2/feed/index.html]
[malisper.me/index49b1.html]
[malisper.me/wp-json/oembed/1.0/embed3736.json]
[malisper.me/wp-json/oembed/1.0/embed0cc8]
[malisper.me/about-this-site-2/index41b7.html]
[malisper.me/about-this-site-2/indexb147.html]
[malisper.me/about-this-site-2/index41b7.html]
[malisper.me/about-this-site-2/indexb147.html]
[malisper.me/about-this-site-2/index6a51.html]
[malisper.me/about-this-site-2/index6a51.html]
[malisper.me/about-this-site-2/indexdee6.html]
[malisper.me/about-this-site-2/index68b1.html]
[malisper.me/about-this-site-2/indexdee6.html]
[malisper.me/about-this-site-2/index68b1.html]
[malisper.me/2015/06/10/cl-who/index.html]
[malisper.me/2015/06/10/cl-who/index.html]
[malisper.me/2015/06/02/automatically-binding-gensyms/index.html]
[malisper.me/2015/05/31/efficiently-building-lists/index.html]
[malisper.me/2015/06/02/automatically-binding-gensyms/index.html]
[malisper.me/2015/05/31/efficiently-building-lists/index.html]
[malisper.me/2015/05/30/the-ret-macro/index.html]
[malisper.me/2015/05/30/the-ret-macro/index.html]
[malisper.me/category/advanced-macros/feed/index.html]
[malisper.me/category/basics/feed/index.html]
[malisper.me/category/debugging-common-lisp/feed/index.html]
[malisper.me/2016/06/11/building-fizzbuzz-fractran-bottom/feed/index.html]
[malisper.me/category/intermediate-macros/feed/index.html]
[malisper.me/wp-json/oembed/1.0/embedd594.json]
[malisper.me/category/loops-in-lisp/feed/index.html]
[malisper.me/index6cf2.html]
[malisper.me/wp-json/oembed/1.0/embedd53c]
[malisper.me/2015/11/24/loops-lisp-part-1-goto/feed/index.html]
[malisper.me/index7681.html]
[malisper.me/wp-json/oembed/1.0/embed75fe.json]
[malisper.me/wp-json/oembed/1.0/embeddc7f]
[malisper.me/2015/11/24/loops-lisp-part-1-goto/index30f5.html]
[malisper.me/2015/11/24/loops-lisp-part-1-goto/index30f5.html]
[malisper.me/2015/11/24/loops-lisp-part-1-goto/index9e05.html]
[malisper.me/2015/11/24/loops-lisp-part-1-goto/index9e05.html]
[malisper.me/2015/11/24/loops-lisp-part-1-goto/indexf304.html]
[malisper.me/2015/11/24/loops-lisp-part-1-goto/indexca54.html]
[malisper.me/2015/11/24/loops-lisp-part-1-goto/indexca54.html]
[malisper.me/2015/11/24/loops-lisp-part-1-goto/indexf304.html]
[malisper.me/author/malisper/page/2/index.html]
[malisper.me/2015/11/24/loops-lisp-part-1-goto/indexd6f9.html]
[malisper.me/2015/11/24/loops-lisp-part-1-goto/indexcaf2.html]
[malisper.me/2015/11/24/loops-lisp-part-1-goto/indexd6f9.html]
[malisper.me/2015/11/24/loops-lisp-part-1-goto/indexcaf2.html]
[malisper.me/2016/04/20/writing-self-referential-programs/feed/index.html]
[malisper.me/wp-json/oembed/1.0/embed5d6d.json]
[malisper.me/author/malisper/page/2/index.html]
[malisper.me/author/malisper/feed/index.html]
[malisper.me/index24bb.html]
[malisper.me/wp-json/oembed/1.0/embed35f9]
[malisper.me/2016/04/13/loops-in-lisp-part-4-series/feed/index.html]
[malisper.me/index8c47.html]
[malisper.me/wp-json/oembed/1.0/embedc14a.json]
[malisper.me/wp-json/oembed/1.0/embeddacc]
[malisper.me/2016/04/13/loops-in-lisp-part-4-series/indexe20f.html]
[malisper.me/2016/04/13/loops-in-lisp-part-4-series/indexe812.html]
[malisper.me/2016/04/13/loops-in-lisp-part-4-series/indexe20f.html]
[malisper.me/2016/04/13/loops-in-lisp-part-4-series/indexe812.html]
[malisper.me/2016/04/13/loops-in-lisp-part-4-series/index84ab.html]
[malisper.me/2016/04/13/loops-in-lisp-part-4-series/index84ab.html]
[malisper.me/2016/04/13/loops-in-lisp-part-4-series/index35e1.html]
[malisper.me/2015/12/15/loops-in-lisp-part-2-loop/feed/index.html]
[malisper.me/2016/04/13/loops-in-lisp-part-4-series/index35e1.html]
[malisper.me/index1d4f.html]
[malisper.me/wp-json/oembed/1.0/embed9a09.json]
[malisper.me/wp-json/oembed/1.0/embed641d]
[malisper.me/2016/01/12/loops-in-lisp-part-3-iterate/feed/index.html]
[malisper.me/indexfc88.html]
[malisper.me/wp-json/oembed/1.0/embedf8e0.json]
[malisper.me/wp-json/oembed/1.0/embed600d]
[malisper.me/2016/01/12/loops-in-lisp-part-3-iterate/indexa504.html]
[malisper.me/2016/01/12/loops-in-lisp-part-3-iterate/indexa504.html]
[malisper.me/2016/01/12/loops-in-lisp-part-3-iterate/indexc98b.html]
[malisper.me/2016/01/12/loops-in-lisp-part-3-iterate/index5bda.html]
[malisper.me/2016/01/12/loops-in-lisp-part-3-iterate/index5bda.html]
[malisper.me/2016/01/12/loops-in-lisp-part-3-iterate/indexc98b.html]
[malisper.me/2015/11/10/defmemo/feed/index.html]
[malisper.me/wp-json/oembed/1.0/embed79f1.json]
[malisper.me/index2b52.html]
[malisper.me/wp-json/oembed/1.0/embed8f8c]
[malisper.me/2015/11/10/defmemo/index043d.html]
[malisper.me/2015/11/10/defmemo/index043d.html]
[malisper.me/2015/11/10/defmemo/index9648.html]
[malisper.me/2015/11/10/defmemo/index9648.html]
[malisper.me/2015/11/10/defmemo/index85b9.html]
[malisper.me/2015/11/10/defmemo/index85b9.html]
[malisper.me/2015/10/13/or/feed/index.html]
[malisper.me/index8d1b.html]
[malisper.me/wp-json/oembed/1.0/embed3da7.json]
[malisper.me/wp-json/oembed/1.0/embedf7b7]
[malisper.me/2015/10/13/or/index3364.html]
[malisper.me/2015/10/13/or/index37ad.html]
[malisper.me/2015/10/13/or/index3364.html]
[malisper.me/2015/10/13/or/index37ad.html]
[malisper.me/2015/10/13/or/indexa3a6.html]
[malisper.me/2015/10/13/or/indexa3a6.html]
[malisper.me/2015/10/13/or/index6f45.html]
[malisper.me/2015/10/13/or/index3282.html]
[malisper.me/2015/10/13/or/index6f45.html]
[malisper.me/2015/10/13/or/index3282.html]
[malisper.me/2015/10/13/or/index128d.html]
[malisper.me/2015/10/13/or/index128d.html]
[malisper.me/wp-json/oembed/1.0/embeddadd.json]
[malisper.me/2015/09/22/getting-places/feed/index.html]
[malisper.me/wp-json/oembed/1.0/embedafdb]
[malisper.me/index5295.html]
[malisper.me/2015/09/22/getting-places/index66dc.html]
[malisper.me/2015/09/22/getting-places/indexc46c.html]
[malisper.me/2015/09/22/getting-places/index66dc.html]
[malisper.me/2015/09/22/getting-places/indexc46c.html]
[malisper.me/2015/09/22/getting-places/indexb4e6.html]
[malisper.me/2015/09/22/getting-places/indexb4e6.html]
[malisper.me/2015/09/29/zap/feed/index.html]
[malisper.me/wp-json/oembed/1.0/embed6f91.json]
[malisper.me/indexf4ce.html]
[malisper.me/wp-json/oembed/1.0/embed79b5]
[malisper.me/2015/06/30/multiple-value-bind/feed/index.html]
[malisper.me/index12d0.html]
[malisper.me/wp-json/oembed/1.0/embed231a.json]
[malisper.me/wp-json/oembed/1.0/embedf9fe]
[malisper.me/2015/06/30/multiple-value-bind/index740f.html]
[malisper.me/2015/06/30/multiple-value-bind/index5dd2.html]
[malisper.me/2015/06/30/multiple-value-bind/index740f.html]
[malisper.me/2015/06/30/multiple-value-bind/index5dd2.html]
[malisper.me/2015/06/30/multiple-value-bind/index7653.html]
[malisper.me/2015/06/30/multiple-value-bind/indexbbac.html]
[malisper.me/2015/06/30/multiple-value-bind/index129f.html]
[malisper.me/2015/06/30/multiple-value-bind/index129f.html]
[malisper.me/2015/06/30/multiple-value-bind/indexbbac.html]
[malisper.me/2015/06/30/multiple-value-bind/index7653.html]
[malisper.me/2015/06/30/multiple-value-bind/index2096.html]
[malisper.me/2015/06/30/multiple-value-bind/index2096.html]
[malisper.me/2015/06/30/multiple-value-bind/indexa129.html]
[malisper.me/2015/06/30/multiple-value-bind/index57d3.html]
[malisper.me/2015/06/30/multiple-value-bind/indexa129.html]
[malisper.me/2015/06/30/multiple-value-bind/index57d3.html]
[malisper.me/wp-json/oembed/1.0/embedc28d.json]
[malisper.me/2015/06/06/once-only/feed/index.html]
[malisper.me/wp-json/oembed/1.0/embed0c8a]
[malisper.me/indexbbbb.html]
[malisper.me/2015/06/06/once-only/index8e42.html]
[malisper.me/2015/06/06/once-only/index8e42.html]
[malisper.me/2015/06/06/once-only/index94a5.html]
[malisper.me/2015/06/06/once-only/index94a5.html]
[malisper.me/2015/06/06/once-only/index6944.html]
[malisper.me/2015/06/06/once-only/indexfc06.html]
[malisper.me/2015/06/06/once-only/indexfc06.html]
[malisper.me/2015/06/06/once-only/index6944.html]
[malisper.me/wp-includes/fonts/dashicons.eot]
[malisper.me/2015/09/08/defasm/feed/index.html]
[malisper.me/wp-json/oembed/1.0/embed5caf.json]
[malisper.me/wp-json/oembed/1.0/embed485d]
[malisper.me/index89f6.html]
[malisper.me/2015/09/08/defasm/indexd212.html]
[malisper.me/2015/09/08/defasm/indexd212.html]
[malisper.me/2015/09/08/defasm/indexd2ff.html]
[malisper.me/2015/09/08/defasm/indexd2ff.html]
[malisper.me/2015/08/27/defaddress/feed/index.html]
[malisper.me/indexb45d.html]
[malisper.me/wp-json/oembed/1.0/embed777d.json]
[malisper.me/wp-json/oembed/1.0/embed3f86]
[malisper.me/2015/08/27/defaddress/indexd77f.html]
[malisper.me/2015/08/19/debugging-lisp-part-5-miscellaneous/feed/index.html]
[malisper.me/2015/08/27/defaddress/indexd77f.html]
[malisper.me/wp-json/oembed/1.0/embed8f5a.json]
[malisper.me/indexfcd3.html]
[malisper.me/wp-json/oembed/1.0/embedca00]
[malisper.me/2015/08/19/debugging-lisp-part-5-miscellaneous/indexadd3.html]
[malisper.me/2015/08/19/debugging-lisp-part-5-miscellaneous/indexadd3.html]
[malisper.me/2015/08/19/debugging-lisp-part-5-miscellaneous/index64d8.html]
[malisper.me/2015/08/19/debugging-lisp-part-5-miscellaneous/index64d8.html]
[malisper.me/2015/08/19/debugging-lisp-part-5-miscellaneous/index6e4c.html]
[malisper.me/2015/08/19/debugging-lisp-part-5-miscellaneous/indexe5b1.html]
[malisper.me/2015/08/19/debugging-lisp-part-5-miscellaneous/indexe5b1.html]
[malisper.me/2015/08/19/debugging-lisp-part-5-miscellaneous/index6e4c.html]
[malisper.me/2015/08/19/debugging-lisp-part-5-miscellaneous/index4f20.html]
[malisper.me/2015/08/19/debugging-lisp-part-5-miscellaneous/index4f20.html]
[malisper.me/wp-json/oembed/1.0/embed54ee.json]
[malisper.me/2015/07/07/debugging-lisp-part-1-recompilation/feed/index.html]
[malisper.me/index27ac.html]
[malisper.me/wp-json/oembed/1.0/embed5b78]
[malisper.me/2015/07/07/debugging-lisp-part-1-recompilation/indexfdcf.html]
[malisper.me/2015/07/07/debugging-lisp-part-1-recompilation/indexdb9d.html]
[malisper.me/2015/07/07/debugging-lisp-part-1-recompilation/indexfdcf.html]
[malisper.me/2015/07/07/debugging-lisp-part-1-recompilation/indexdb9d.html]
[malisper.me/2015/07/07/debugging-lisp-part-1-recompilation/index3171.html]
[malisper.me/2015/07/07/debugging-lisp-part-1-recompilation/index027c.html]
[malisper.me/2015/07/07/debugging-lisp-part-1-recompilation/index7693.html]
[malisper.me/2015/07/07/debugging-lisp-part-1-recompilation/index7693.html]
[malisper.me/2015/07/07/debugging-lisp-part-1-recompilation/index3171.html]
[malisper.me/2015/07/07/debugging-lisp-part-1-recompilation/index027c.html]
[malisper.me/2015/07/07/debugging-lisp-part-1-recompilation/indexbde5.html]
[malisper.me/2015/07/07/debugging-lisp-part-1-recompilation/index3518.html]
[malisper.me/2015/07/07/debugging-lisp-part-1-recompilation/indexf0f0.html]
[malisper.me/2015/07/07/debugging-lisp-part-1-recompilation/index4d29.html]
[malisper.me/2015/07/07/debugging-lisp-part-1-recompilation/indexf0f0.html]
[malisper.me/2015/07/07/debugging-lisp-part-1-recompilation/index4c69.html]
[malisper.me/2015/07/07/debugging-lisp-part-1-recompilation/index9ac4.html]
[malisper.me/2015/07/07/debugging-lisp-part-1-recompilation/index87d0.html]
[malisper.me/2015/07/07/debugging-lisp-part-1-recompilation/indexb2aa.html]
[malisper.me/2015/07/07/debugging-lisp-part-1-recompilation/indexbde5.html]
[malisper.me/2015/07/07/debugging-lisp-part-1-recompilation/index3518.html]
[malisper.me/2015/07/07/debugging-lisp-part-1-recompilation/index9f02.html]
[malisper.me/2015/07/07/debugging-lisp-part-1-recompilation/index802f.html]
[malisper.me/2015/07/07/debugging-lisp-part-1-recompilation/indexaf7f.html]
[malisper.me/2015/07/07/debugging-lisp-part-1-recompilation/indexd78a.html]
[malisper.me/2015/07/07/debugging-lisp-part-1-recompilation/index4d29.html]
[malisper.me/2015/07/07/debugging-lisp-part-1-recompilation/index02d2.html]
[malisper.me/2015/07/07/debugging-lisp-part-1-recompilation/indexb39e.html]
[malisper.me/2015/07/07/debugging-lisp-part-1-recompilation/index369a.html]
[malisper.me/2015/07/07/debugging-lisp-part-1-recompilation/index1d1f.html]
[malisper.me/2015/07/07/debugging-lisp-part-1-recompilation/index4c69.html]
[malisper.me/2015/07/07/debugging-lisp-part-1-recompilation/indexc612.html]
[malisper.me/2015/07/07/debugging-lisp-part-1-recompilation/index0e65.html]
[malisper.me/2015/07/07/debugging-lisp-part-1-recompilation/index9ac4.html]
[malisper.me/2015/07/07/debugging-lisp-part-1-recompilation/index87d0.html]
[malisper.me/2015/07/14/debugging-lisp-part-2-inspecting/feed/index.html]
[malisper.me/wp-json/oembed/1.0/embed7422.json]
[malisper.me/wp-json/oembed/1.0/embed8a24]
[malisper.me/2015/07/07/debugging-lisp-part-1-recompilation/indexb2aa.html]
[malisper.me/2015/07/07/debugging-lisp-part-1-recompilation/index9f02.html]
[malisper.me/2015/07/14/debugging-lisp-part-2-inspecting/indexa68c.html]
[malisper.me/2015/07/07/debugging-lisp-part-1-recompilation/index802f.html]
[malisper.me/2015/07/14/debugging-lisp-part-2-inspecting/indexc978.html]
[malisper.me/2015/07/14/debugging-lisp-part-2-inspecting/index8dd1.html]
[malisper.me/2015/07/07/debugging-lisp-part-1-recompilation/indexaf7f.html]
[malisper.me/2015/07/07/debugging-lisp-part-1-recompilation/indexd78a.html]
[malisper.me/2015/07/07/debugging-lisp-part-1-recompilation/index02d2.html]
[malisper.me/2015/07/14/debugging-lisp-part-2-inspecting/index6fb6.html]
[malisper.me/2015/07/07/debugging-lisp-part-1-recompilation/indexb39e.html]
[malisper.me/2015/07/14/debugging-lisp-part-2-inspecting/index18e6.html]
[malisper.me/2015/07/14/debugging-lisp-part-2-inspecting/index223d.html]
[malisper.me/2015/07/14/debugging-lisp-part-2-inspecting/index6d4e.html]
[malisper.me/2015/07/07/debugging-lisp-part-1-recompilation/index369a.html]
[malisper.me/2015/07/07/debugging-lisp-part-1-recompilation/index1d1f.html]
[malisper.me/2015/07/07/debugging-lisp-part-1-recompilation/indexc612.html]
[malisper.me/2015/07/14/debugging-lisp-part-2-inspecting/indexd3f0.html]
[malisper.me/2015/07/07/debugging-lisp-part-1-recompilation/index0e65.html]
[malisper.me/wp-json/oembed/1.0/embed46b6.json]
[malisper.me/index9982.html]
[malisper.me/2015/07/22/debugging-lisp-part-3-redefining-classes/feed/index.html]
[malisper.me/wp-json/oembed/1.0/embed9efa]
[malisper.me/2015/07/14/debugging-lisp-part-2-inspecting/indexa68c.html]
[malisper.me/2015/07/14/debugging-lisp-part-2-inspecting/indexc978.html]
[malisper.me/2015/07/22/debugging-lisp-part-3-redefining-classes/indexe972.html]
[malisper.me/2015/07/14/debugging-lisp-part-2-inspecting/index8dd1.html]
[malisper.me/2015/07/14/debugging-lisp-part-2-inspecting/index6fb6.html]
[malisper.me/2015/07/22/debugging-lisp-part-3-redefining-classes/index461a.html]
[malisper.me/2015/07/22/debugging-lisp-part-3-redefining-classes/indexe6fc.html]
[malisper.me/2015/07/14/debugging-lisp-part-2-inspecting/index223d.html]
[malisper.me/2015/07/14/debugging-lisp-part-2-inspecting/index18e6.html]
[malisper.me/wp-json/oembed/1.0/embed65b6.json]
[malisper.me/wp-json/oembed/1.0/embed75bb]
[malisper.me/2015/07/14/debugging-lisp-part-2-inspecting/index6d4e.html]
[malisper.me/2015/08/05/debugging-lisp-part-4-restarts/feed/index.html]
[malisper.me/2015/07/14/debugging-lisp-part-2-inspecting/indexd3f0.html]
[malisper.me/indexde52.html]
[malisper.me/2015/08/05/debugging-lisp-part-4-restarts/index327a.html]
[malisper.me/2015/07/22/debugging-lisp-part-3-redefining-classes/indexe972.html]
[malisper.me/2015/07/22/debugging-lisp-part-3-redefining-classes/indexe6fc.html]
[malisper.me/2015/08/05/debugging-lisp-part-4-restarts/index5b55.html]
[malisper.me/2015/08/05/debugging-lisp-part-4-restarts/index16e2.html]
[malisper.me/2015/07/22/debugging-lisp-part-3-redefining-classes/index461a.html]
[malisper.me/indexfef8.html]
[malisper.me/2015/08/05/debugging-lisp-part-4-restarts/indexcd4a.html]
[malisper.me/2015/08/05/debugging-lisp-part-4-restarts/index6c49.html]
[malisper.me/2015/08/05/debugging-lisp-part-4-restarts/index327a.html]
[malisper.me/2015/08/05/debugging-lisp-part-4-restarts/index5b55.html]
[malisper.me/wp-json/oembed/1.0/embed311b.json]
[malisper.me/2015/06/17/hofeach/feed/index.html]
[malisper.me/wp-json/oembed/1.0/embed9f85]
[malisper.me/2015/08/05/debugging-lisp-part-4-restarts/index16e2.html]
[malisper.me/2015/08/05/debugging-lisp-part-4-restarts/index6c49.html]
[malisper.me/2015/06/17/hofeach/index5785.html]
[malisper.me/2015/08/05/debugging-lisp-part-4-restarts/indexcd4a.html]
[malisper.me/index03e1.html]
[malisper.me/2015/06/17/hofeach/indexa3a3.html]
[malisper.me/2015/06/17/hofeach/index21e4.html]
[malisper.me/2015/06/17/hofeach/index5785.html]
[malisper.me/2015/06/17/hofeach/indexa3a3.html]
[malisper.me/2015/06/17/hofeach/indexcff9.html]
[malisper.me/2015/06/17/hofeach/indexed49.html]
[malisper.me/2015/06/17/hofeach/index21e4.html]
[malisper.me/2015/06/17/hofeach/indexed49.html]
[malisper.me/2015/06/17/hofeach/indexa141.html]
[malisper.me/2015/06/17/hofeach/index4e2e.html]
[malisper.me/2015/06/17/hofeach/index4a9e.html]
[malisper.me/2015/06/17/hofeach/index8190.html]
[malisper.me/2015/06/17/hofeach/indexcff9.html]
[malisper.me/2015/06/17/hofeach/indexac84.html]
[malisper.me/wp-json/oembed/1.0/embedaa7b.json]
[malisper.me/2015/06/17/hofeach/index4e2e.html]
[malisper.me/2015/06/14/mapeach/feed/index.html]
[malisper.me/2015/06/17/hofeach/index8190.html]
[malisper.me/2015/06/17/hofeach/indexa141.html]
[malisper.me/wp-json/oembed/1.0/embed746e]
[malisper.me/2015/06/17/hofeach/index4a9e.html]
[malisper.me/2015/06/17/hofeach/indexac84.html]
[malisper.me/2015/06/14/mapeach/index954a.html]
[malisper.me/2015/06/14/mapeach/index6f0d.html]
[malisper.me/indexe4c6.html]
[malisper.me/2015/06/14/mapeach/index6f0d.html]
[malisper.me/2015/06/14/mapeach/indexc42c.html]
[malisper.me/2015/06/14/mapeach/index7c3f.html]
[malisper.me/2015/06/14/mapeach/index954a.html]
[malisper.me/wp-content/themes/scrawl-wpcom/fonts/genericons/Genericons.eot]
[malisper.me/2015/06/14/mapeach/indexc42c.html]
[malisper.me/2015/06/14/mapeach/index7c3f.html]
[malisper.me/2015/06/10/cl-who/feed/index.html]
[malisper.me/wp-content/themes/scrawl-wpcom/fonts/genericons/Genericons.html]
[malisper.me/wp-json/oembed/1.0/embedd362.json]
[malisper.me/wp-content/themes/scrawl-wpcom/fonts/genericons/Genericons.svg]
[malisper.me/2015/06/02/automatically-binding-gensyms/feed/index.html]
[malisper.me/wp-json/oembed/1.0/embed81c7]
[malisper.me/indexec4a.html]
[malisper.me/indexc5eb.html]
[malisper.me/wp-json/oembed/1.0/embed05c6]
[malisper.me/wp-json/oembed/1.0/embedb242.json]
[malisper.me/2015/05/31/efficiently-building-lists/feed/index.html]
[malisper.me/index094d.html]
[malisper.me/wp-json/oembed/1.0/embed31f2.json]
[malisper.me/2015/05/31/efficiently-building-lists/index6a93.html]
[malisper.me/wp-json/oembed/1.0/embedac8f]
[malisper.me/2015/05/31/efficiently-building-lists/index6a93.html]
[malisper.me/2015/05/30/the-ret-macro/feed/index.html]
[malisper.me/wp-json/oembed/1.0/embedac31.json]
[malisper.me/index2df4.html]
[malisper.me/wp-json/oembed/1.0/embed39cf]
[malisper.me/2015/05/30/the-ret-macro/index267f.html]
[malisper.me/2015/05/30/the-ret-macro/index267f.html]
[malisper.me/2015/05/30/the-ret-macro/index26f6.html]
[malisper.me/2015/05/30/the-ret-macro/index26f6.html]
[malisper.me/author/malisper/page/3/index.html]
[malisper.me/author/malisper/page/3/index.html]
[malisper.me/wp-content/plugins/akismet/_inc/form2d73.html]
