[backblue.gif]
[fade.gif]
[index.html]
[www.optionseducation.org/strategies_advanced_concepts/strategies.html]
[www.optionseducation.org/strategies_advanced_concepts/Netscape6/index.html]
[www.optionseducation.org/strategies_advanced_concepts/getting_started.html]
[www.optionseducation.org/strategies_advanced_concepts/advanced_concepts.html]
[www.optionseducation.org/strategies_advanced_concepts/http_/www.optionseducation.org/strategies_advanced_concepts/strategies.html]
[www.optionseducation.org/strategies_advanced_concepts/strategies/bear_call_spread.html]
[www.optionseducation.org/strategies_advanced_concepts/strategies/bear_put_spread.html]
[www.optionseducation.org/strategies_advanced_concepts/strategies/bull_call_spread.html]
[www.optionseducation.org/strategies_advanced_concepts/strategies/bull_put_spread.html]
[www.optionseducation.org/strategies_advanced_concepts/strategies/cash_backed_call.html]
[www.optionseducation.org/strategies_advanced_concepts/strategies/cash_secured_put.html]
[www.optionseducation.org/strategies_advanced_concepts/strategies/collar.html]
[www.optionseducation.org/strategies_advanced_concepts/strategies/covered_call.html]
[www.optionseducation.org/strategies_advanced_concepts/strategies/covered_put.html]
[www.optionseducation.org/strategies_advanced_concepts/strategies/covered_ratio_spread.html]
[www.optionseducation.org/strategies_advanced_concepts/strategies/covered_strangle.html]
[www.optionseducation.org/strategies_advanced_concepts/strategies/long_call.html]
[www.optionseducation.org/strategies_advanced_concepts/strategies/long_call_butterfly.html]
[www.optionseducation.org/strategies_advanced_concepts/strategies/long_call_calendar_spread.html]
[www.optionseducation.org/strategies_advanced_concepts/strategies/long_call_condor.html]
[www.optionseducation.org/strategies_advanced_concepts/strategies/long_condor.html]
[www.optionseducation.org/strategies_advanced_concepts/strategies/long_iron_butterfly.html]
[www.optionseducation.org/strategies_advanced_concepts/strategies/long_put.html]
[www.optionseducation.org/strategies_advanced_concepts/strategies/long_put_butterfly.html]
[www.optionseducation.org/strategies_advanced_concepts/strategies/long_put_calendar_spread.html]
[www.optionseducation.org/strategies_advanced_concepts/strategies/long_put_condor.html]
[www.optionseducation.org/strategies_advanced_concepts/strategies/long_ratio_call_spread.html]
[www.optionseducation.org/strategies_advanced_concepts/strategies/long_ratio_put_spread.html]
[www.optionseducation.org/strategies_advanced_concepts/strategies/long_stock.html]
[www.optionseducation.org/strategies_advanced_concepts/strategies/long_straddle.html]
[www.optionseducation.org/strategies_advanced_concepts/strategies/long_strangle.html]
[www.optionseducation.org/strategies_advanced_concepts/strategies/naked_call.html]
[www.optionseducation.org/strategies_advanced_concepts/strategies/naked_put.html]
[www.optionseducation.org/strategies_advanced_concepts/strategies/protective_put.html]
[www.optionseducation.org/strategies_advanced_concepts/strategies/short_call_butterfly.html]
[www.optionseducation.org/strategies_advanced_concepts/strategies/short_call_calendar_spread.html]
[www.optionseducation.org/strategies_advanced_concepts/strategies/short_condor.html]
[www.optionseducation.org/strategies_advanced_concepts/strategies/short_iron_butterfly.html]
[www.optionseducation.org/strategies_advanced_concepts/strategies/short_put_butterfly.html]
[www.optionseducation.org/strategies_advanced_concepts/strategies/short_put_calendar_spread.html]
[www.optionseducation.org/strategies_advanced_concepts/strategies/short_stock.html]
[www.optionseducation.org/strategies_advanced_concepts/strategies/short_straddle.html]
[www.optionseducation.org/strategies_advanced_concepts/strategies/short_strangle.html]
[www.optionseducation.org/strategies_advanced_concepts/strategies/short_ratio_call_spread.html]
[www.optionseducation.org/strategies_advanced_concepts/strategies/short_ratio_put_spread.html]
[www.optionseducation.org/strategies_advanced_concepts/strategies/synthetic_long_put.html]
[www.optionseducation.org/strategies_advanced_concepts/http_/www.optionseducation.org/strategies_advanced_concepts/getting_started.html]
[www.optionseducation.org/strategies_advanced_concepts/http_/www.optionseducation.org/strategies_advanced_concepts/advanced_concepts.html]
[www.optionseducation.org/strategies_advanced_concepts/strategies/Netscape6/index.html]
[www.optionseducation.org/strategies_advanced_concepts/strategies/bear_spread_spread.html]
[www.optionseducation.org/strategies_advanced_concepts/strategies/bull_spread_spread.html]
[www.optionseducation.org/strategies_advanced_concepts/strategies/synthetic_long_stock.html]
[www.optionseducation.org/strategies_advanced_concepts/strategies/synthetic_short_stock.html]
[www.optionseducation.org/strategies_advanced_concepts/strategies/http_/www.optionseducation.org/strategies_advanced_concepts/strategies/bear_call_spread.html]
[www.optionseducation.org/strategies_advanced_concepts/strategies/http_/www.optionseducation.org/strategies_advanced_concepts/strategies/bear_put_spread.html]
[www.optionseducation.org/strategies_advanced_concepts/strategies/http_/www.optionseducation.org/strategies_advanced_concepts/strategies/bull_call_spread.html]
[www.optionseducation.org/strategies_advanced_concepts/strategies/http_/www.optionseducation.org/strategies_advanced_concepts/strategies/bull_put_spread.html]
[www.optionseducation.org/strategies_advanced_concepts/strategies/http_/www.optionseducation.org/strategies_advanced_concepts/strategies/cash_backed_call.html]
[www.optionseducation.org/strategies_advanced_concepts/strategies/http_/www.optionseducation.org/strategies_advanced_concepts/strategies/cash_secured_put.html]
[www.optionseducation.org/strategies_advanced_concepts/strategies/http_/www.optionseducation.org/strategies_advanced_concepts/strategies/collar.html]
[www.optionseducation.org/strategies_advanced_concepts/strategies/http_/www.optionseducation.org/strategies_advanced_concepts/strategies/covered_call.html]
[www.optionseducation.org/strategies_advanced_concepts/strategies/http_/www.optionseducation.org/strategies_advanced_concepts/strategies/covered_put.html]
[www.optionseducation.org/strategies_advanced_concepts/strategies/http_/www.optionseducation.org/strategies_advanced_concepts/strategies/covered_ratio_spread.html]
[www.optionseducation.org/strategies_advanced_concepts/strategies/http_/www.optionseducation.org/strategies_advanced_concepts/strategies/covered_strangle.html]
[www.optionseducation.org/strategies_advanced_concepts/strategies/http_/www.optionseducation.org/strategies_advanced_concepts/strategies/long_call.html]
[www.optionseducation.org/strategies_advanced_concepts/strategies/http_/www.optionseducation.org/strategies_advanced_concepts/strategies/long_call_butterfly.html]
[www.optionseducation.org/strategies_advanced_concepts/strategies/http_/www.optionseducation.org/strategies_advanced_concepts/strategies/long_call_calendar_spread.html]
[www.optionseducation.org/strategies_advanced_concepts/strategies/http_/www.optionseducation.org/strategies_advanced_concepts/strategies/long_call_condor.html]
[www.optionseducation.org/strategies_advanced_concepts/strategies/http_/www.optionseducation.org/strategies_advanced_concepts/strategies/long_condor.html]
[www.optionseducation.org/strategies_advanced_concepts/strategies/http_/www.optionseducation.org/strategies_advanced_concepts/strategies/long_iron_butterfly.html]
[www.optionseducation.org/strategies_advanced_concepts/strategies/http_/www.optionseducation.org/strategies_advanced_concepts/strategies/long_put.html]
[www.optionseducation.org/strategies_advanced_concepts/strategies/http_/www.optionseducation.org/strategies_advanced_concepts/strategies/long_put_butterfly.html]
[www.optionseducation.org/strategies_advanced_concepts/strategies/http_/www.optionseducation.org/strategies_advanced_concepts/strategies/long_put_calendar_spread.html]
[www.optionseducation.org/strategies_advanced_concepts/strategies/http_/www.optionseducation.org/strategies_advanced_concepts/strategies/long_put_condor.html]
[www.optionseducation.org/strategies_advanced_concepts/strategies/http_/www.optionseducation.org/strategies_advanced_concepts/strategies/long_ratio_call_spread.html]
[www.optionseducation.org/strategies_advanced_concepts/strategies/http_/www.optionseducation.org/strategies_advanced_concepts/strategies/long_ratio_put_spread.html]
[www.optionseducation.org/strategies_advanced_concepts/strategies/http_/www.optionseducation.org/strategies_advanced_concepts/strategies/long_stock.html]
[www.optionseducation.org/strategies_advanced_concepts/strategies/http_/www.optionseducation.org/strategies_advanced_concepts/strategies/long_straddle.html]
[www.optionseducation.org/strategies_advanced_concepts/strategies/http_/www.optionseducation.org/strategies_advanced_concepts/strategies/long_strangle.html]
[www.optionseducation.org/strategies_advanced_concepts/strategies/http_/www.optionseducation.org/strategies_advanced_concepts/strategies/naked_call.html]
[www.optionseducation.org/strategies_advanced_concepts/strategies/http_/www.optionseducation.org/strategies_advanced_concepts/strategies/naked_put.html]
[www.optionseducation.org/strategies_advanced_concepts/strategies/http_/www.optionseducation.org/strategies_advanced_concepts/strategies/protective_put.html]
[www.optionseducation.org/strategies_advanced_concepts/strategies/http_/www.optionseducation.org/strategies_advanced_concepts/strategies/short_call_butterfly.html]
[www.optionseducation.org/strategies_advanced_concepts/strategies/http_/www.optionseducation.org/strategies_advanced_concepts/strategies/short_call_calendar_spread.html]
[www.optionseducation.org/strategies_advanced_concepts/strategies/http_/www.optionseducation.org/strategies_advanced_concepts/strategies/short_condor.html]
[www.optionseducation.org/strategies_advanced_concepts/strategies/http_/www.optionseducation.org/strategies_advanced_concepts/strategies/short_iron_butterfly.html]
[www.optionseducation.org/strategies_advanced_concepts/strategies/http_/www.optionseducation.org/strategies_advanced_concepts/strategies/short_put_butterfly.html]
[www.optionseducation.org/strategies_advanced_concepts/strategies/http_/www.optionseducation.org/strategies_advanced_concepts/strategies/short_put_calendar_spread.html]
[www.optionseducation.org/strategies_advanced_concepts/strategies/http_/www.optionseducation.org/strategies_advanced_concepts/strategies/short_stock.html]
[www.optionseducation.org/strategies_advanced_concepts/strategies/http_/www.optionseducation.org/strategies_advanced_concepts/strategies/short_straddle.html]
[www.optionseducation.org/strategies_advanced_concepts/strategies/http_/www.optionseducation.org/strategies_advanced_concepts/strategies/short_strangle.html]
[www.optionseducation.org/strategies_advanced_concepts/strategies/http_/www.optionseducation.org/strategies_advanced_concepts/strategies/short_ratio_call_spread.html]
[www.optionseducation.org/strategies_advanced_concepts/strategies/http_/www.optionseducation.org/strategies_advanced_concepts/strategies/short_ratio_put_spread.html]
[www.optionseducation.org/strategies_advanced_concepts/strategies/http_/www.optionseducation.org/strategies_advanced_concepts/strategies/synthetic_long_put.html]
[www.optionseducation.org/strategies_advanced_concepts/strategies/http_/www.optionseducation.org/strategies_advanced_concepts/strategies/bear_spread_spread.html]
[www.optionseducation.org/strategies_advanced_concepts/strategies/http_/www.optionseducation.org/strategies_advanced_concepts/strategies/bull_spread_spread.html]
[www.optionseducation.org/strategies_advanced_concepts/strategies/http_/www.optionseducation.org/strategies_advanced_concepts/strategies/synthetic_long_stock.html]
[www.optionseducation.org/strategies_advanced_concepts/strategies/http_/www.optionseducation.org/strategies_advanced_concepts/strategies/synthetic_short_stock.html]
