[learnyouahaskell.com/index.html]
[backblue.gif]
[fade.gif]
[index.html]
[learnyouahaskell.com/rss.php]
[learnyouahaskell.com/newsplash.png]
[learnyouahaskell.com/faq.html]
[learnyouahaskell.com/index.html]
[learnyouahaskell.com/reset.css]
[learnyouahaskell.com/style.css]
[learnyouahaskell.com/chapters.html]
[learnyouahaskell.com/favicon.png]
[learnyouahaskell.com/sh/Scripts/shCore.js]
[learnyouahaskell.com/shBrushHaskell.js]
[learnyouahaskell.com/shBrushPlain.js]
[learnyouahaskell.com/faq.html]
[learnyouahaskell.com/sh/Scripts/clipboard.swf]
[learnyouahaskell.com/introduction.html]
[learnyouahaskell.com/starting-out.html]
[learnyouahaskell.com/types-and-typeclasses.html]
[learnyouahaskell.com/syntax-in-functions.html]
[learnyouahaskell.com/recursion.html]
[learnyouahaskell.com/higher-order-functions.html]
[learnyouahaskell.com/modules.html]
[learnyouahaskell.com/functionally-solving-problems.html]
[learnyouahaskell.com/making-our-own-types-and-typeclasses.html]
[learnyouahaskell.com/input-and-output.html]
[learnyouahaskell.com/chapters.html]
[learnyouahaskell.com/a-fistful-of-monads.html]
[learnyouahaskell.com/sh/Styles/SyntaxHighlighter.css]
[learnyouahaskell.com/introduction.html]
[learnyouahaskell.com/starting-out.html]
[learnyouahaskell.com/types-and-typeclasses.html]
[learnyouahaskell.com/syntax-in-functions.html]
[learnyouahaskell.com/recursion.html]
[learnyouahaskell.com/higher-order-functions.html]
[learnyouahaskell.com/modules.html]
[learnyouahaskell.com/making-our-own-types-and-typeclasses.html]
[learnyouahaskell.com/input-and-output.html]
[learnyouahaskell.com/functionally-solving-problems.html]
[learnyouahaskell.com/zippers.html]
[learnyouahaskell.com/functors-applicative-functors-and-monoids.html]
[learnyouahaskell.com/functors-applicative-functors-and-monoids.html]
[learnyouahaskell.com/a-fistful-of-monads.html]
[learnyouahaskell.com/higher-order-functions/index.html]
[learnyouahaskell.com/for-a-few-monads-more.html]
[learnyouahaskell.com/folds]
[learnyouahaskell.com/reverse-polish-notation-calculator]
[learnyouahaskell.com/for-a-few-monads-more.html]
[learnyouahaskell.com/60sdude.png]
[learnyouahaskell.com/pollywantsa.png]
[learnyouahaskell.com/bread.png]
[learnyouahaskell.com/almostzipper.png]
[learnyouahaskell.com/asstronaut.png]
[learnyouahaskell.com/picard.png]
[learnyouahaskell.com/spongedisk.png]
[learnyouahaskell.com/cool.png]
[learnyouahaskell.com/zippers.html]
[learnyouahaskell.com/bigtree.png]
[learnyouahaskell.com/higher-order-functions/index.html]
[learnyouahaskell.com/folds.html]
[learnyouahaskell.com/reverse-polish-notation-calculator.html]
