[learnxinyminutes.com/index.html]
[backblue.gif]
[fade.gif]
[index.html]
[learnxinyminutes.com/css/normalize.css]
[learnxinyminutes.com/css/main.css]
[learnxinyminutes.com/css/screen.css]
[learnxinyminutes.com/css/github.css]
[learnxinyminutes.com/index.html]
[learnxinyminutes.com/css/normalize.css]
[learnxinyminutes.com/css/main.css]
[learnxinyminutes.com/js/script.js]
[learnxinyminutes.com/css/screen.css]
[learnxinyminutes.com/docs/asymptotic-notation/index.html]
[learnxinyminutes.com/css/github.css]
[learnxinyminutes.com/docs/es-es/asymptotic-notation-es/index.html]
[learnxinyminutes.com/docs/pt-br/asymptoticnotation-pt/index.html]
[learnxinyminutes.com/docs/asymptotic-notation/index.html]
[learnxinyminutes.com/docs/pt-br/asymptotic-notation-pt/index.html]
[learnxinyminutes.com/docs/es-es/asymptotic-notation-es/index.html]
[learnxinyminutes.com/docs/binary-search/index.html]
[learnxinyminutes.com/docs/pt-br/asymptoticnotation-pt/index.html]
[learnxinyminutes.com/docs/dynamic-programming/index.html]
[learnxinyminutes.com/docs/asciidoc/index.html]
[learnxinyminutes.com/docs/pt-br/asymptotic-notation-pt/index.html]
[learnxinyminutes.com/docs/binary-search/index.html]
[learnxinyminutes.com/docs/bf/index.html]
[learnxinyminutes.com/docs/dynamic-programming/index.html]
[learnxinyminutes.com/docs/es-es/bf-es/index.html]
[learnxinyminutes.com/docs/fa-ir/bf-fa/index.html]
[learnxinyminutes.com/docs/fr-fr/bf-fr/index.html]
[learnxinyminutes.com/docs/it-it/bf-it/index.html]
[learnxinyminutes.com/docs/files/asciidoc.md]
[learnxinyminutes.com/docs/asciidoc/index.html]
[learnxinyminutes.com/docs/bf/index.html]
[learnxinyminutes.com/docs/pl-pl/bf-pl/index.html]
[learnxinyminutes.com/docs/es-es/bf-es/index.html]
[learnxinyminutes.com/docs/ko-kr/bf-kr/index.html]
[learnxinyminutes.com/docs/nl-nl/bf/index.html]
[learnxinyminutes.com/docs/fa-ir/bf-fa/index.html]
[learnxinyminutes.com/docs/pt-br/bf/index.html]
[learnxinyminutes.com/docs/ro-ro/bf-ro/index.html]
[learnxinyminutes.com/docs/tr-tr/bf-tr/index.html]
[learnxinyminutes.com/docs/ru-ru/bf/index.html]
[learnxinyminutes.com/docs/zh-cn/bf-cn/index.html]
[learnxinyminutes.com/docs/files/learnbrainfuck-fr.bf]
[learnxinyminutes.com/docs/fr-fr/bf-fr/index.html]
[learnxinyminutes.com/docs/it-it/bf-it/index.html]
[learnxinyminutes.com/docs/ko-kr/bf-kr/index.html]
[learnxinyminutes.com/docs/c/index.html]
[learnxinyminutes.com/docs/nl-nl/bf/index.html]
[learnxinyminutes.com/docs/ru-ru/c-ru/index.html]
[learnxinyminutes.com/docs/es-es/c-es/index.html]
[learnxinyminutes.com/docs/pl-pl/bf-pl/index.html]
[learnxinyminutes.com/docs/pt-br/c-pt/index.html]
[learnxinyminutes.com/docs/pt-br/bf/index.html]
[learnxinyminutes.com/docs/tr-tr/c-tr/index.html]
[learnxinyminutes.com/docs/de-de/csharp-de/index.html]
[learnxinyminutes.com/docs/csharp/index.html]
[learnxinyminutes.com/docs/zh-cn/c-cn/index.html]
[learnxinyminutes.com/docs/es-es/csharp-es/index.html]
[learnxinyminutes.com/docs/files/bf-ro.7.delayed]
[learnxinyminutes.com/docs/ro-ro/bf-ro/index.html]
[learnxinyminutes.com/docs/ru-ru/bf/index.html]
[learnxinyminutes.com/docs/fr-fr/csharp-fr/index.html]
[learnxinyminutes.com/docs/files/brainfuck-tr]
[learnxinyminutes.com/docs/tr-tr/bf-tr/index.html]
[learnxinyminutes.com/docs/zh-cn/bf-cn/index.html]
[learnxinyminutes.com/docs/pt-br/csharp/index.html]
[learnxinyminutes.com/docs/tr-tr/csharp-tr/index.html]
[learnxinyminutes.com/docs/c++/index.html]
[learnxinyminutes.com/docs/zh-cn/csharp-cn/index.html]
[learnxinyminutes.com/docs/files/learnc.c]
[learnxinyminutes.com/docs/c/index.html]
[learnxinyminutes.com/docs/it-it/c++-it/index.html]
[learnxinyminutes.com/docs/files/learnc-es.c]
[learnxinyminutes.com/docs/es-es/c-es/index.html]
[learnxinyminutes.com/docs/files/c-pt.el]
[learnxinyminutes.com/docs/pt-br/c-pt/index.html]
[learnxinyminutes.com/docs/files/learnc-ru.c]
[learnxinyminutes.com/docs/ru-ru/c-ru/index.html]
[learnxinyminutes.com/docs/es-es/c++-es/index.html]
[learnxinyminutes.com/docs/ru-ru/c++-ru/index.html]
[learnxinyminutes.com/docs/chapel/index.html]
[learnxinyminutes.com/docs/pt-br/c++-pt/index.html]
[learnxinyminutes.com/docs/zh-cn/c++-cn/index.html]
[learnxinyminutes.com/docs/files/learnc-tr.c]
[learnxinyminutes.com/docs/tr-tr/c-tr/index.html]
[learnxinyminutes.com/docs/es-es/clojure-es/index.html]
[learnxinyminutes.com/docs/clojure/index.html]
[learnxinyminutes.com/docs/files/learnc-cn.c]
[learnxinyminutes.com/docs/zh-cn/c-cn/index.html]
[learnxinyminutes.com/docs/fr-fr/clojure-fr/index.html]
[learnxinyminutes.com/docs/ko-kr/clojure-kr/index.html]
[learnxinyminutes.com/docs/files/LearnCSharp.cs]
[learnxinyminutes.com/docs/csharp/index.html]
[learnxinyminutes.com/docs/pt-br/clojure-pt/index.html]
[learnxinyminutes.com/docs/files/LearnCSharp-de.cs]
[learnxinyminutes.com/docs/de-de/csharp-de/index.html]
[learnxinyminutes.com/docs/files/LearnCSharp-es.cs]
[learnxinyminutes.com/docs/es-es/csharp-es/index.html]
[learnxinyminutes.com/docs/files/LearnCSharp-fr.cs]
[learnxinyminutes.com/docs/fr-fr/csharp-fr/index.html]
[learnxinyminutes.com/docs/pt-br/clojure-macros-pt/index.html]
[learnxinyminutes.com/docs/ro-ro/clojure-ro/index.html]
[learnxinyminutes.com/docs/ru-ru/clojure-ru/index.html]
[learnxinyminutes.com/docs/zh-cn/clojure-cn/index.html]
[learnxinyminutes.com/docs/files/csharp-pt.cs]
[learnxinyminutes.com/docs/pt-br/csharp/index.html]
[learnxinyminutes.com/docs/files/LearnCSharp-tr.cs]
[learnxinyminutes.com/docs/tr-tr/csharp-tr/index.html]
[learnxinyminutes.com/docs/clojure-macros/index.html]
[learnxinyminutes.com/docs/zh-cn/clojure-macro-cn/index.html]
[learnxinyminutes.com/docs/cmake/index.html]
[learnxinyminutes.com/docs/coffeescript/index.html]
[learnxinyminutes.com/docs/files/LearnCSharp-cn.cs]
[learnxinyminutes.com/docs/zh-cn/csharp-cn/index.html]
[learnxinyminutes.com/docs/files/learncpp.cpp]
[learnxinyminutes.com/docs/c++/index.html]
[learnxinyminutes.com/docs/de-de/coffeescript-de/index.html]
[learnxinyminutes.com/docs/es-es/coffeescript-es/index.html]
[learnxinyminutes.com/docs/fr-fr/coffeescript-fr/index.html]
[learnxinyminutes.com/docs/hu-hu/coffeescript-hu/index.html]
[learnxinyminutes.com/docs/files/learncpp-es.cpp]
[learnxinyminutes.com/docs/es-es/c++-es/index.html]
[learnxinyminutes.com/docs/files/learncpp-it.cpp]
[learnxinyminutes.com/docs/it-it/c++-it/index.html]
[learnxinyminutes.com/docs/it-it/coffeescript-it/index.html]
[learnxinyminutes.com/docs/ko-kr/coffeescript-kr/index.html]
[learnxinyminutes.com/docs/ms-my/coffeescript-my/index.html]
[learnxinyminutes.com/docs/pt-br/c++-pt/index.html]
[learnxinyminutes.com/docs/nl-nl/coffeescript-nl/index.html]
[learnxinyminutes.com/docs/pt-br/coffeescript-pt/index.html]
[learnxinyminutes.com/docs/ro-ro/coffeescript-ro/index.html]
[learnxinyminutes.com/docs/ru-ru/coffeescript-ru/index.html]
[learnxinyminutes.com/docs/sk-sk/coffeescript/index.html]
[learnxinyminutes.com/docs/files/learncpp-ru.cpp]
[learnxinyminutes.com/docs/ru-ru/c++-ru/index.html]
[learnxinyminutes.com/docs/zh-cn/coffeescript-cn/index.html]
[learnxinyminutes.com/docs/coldfusion/index.html]
[learnxinyminutes.com/docs/files/learncpp-cn.cpp]
[learnxinyminutes.com/docs/zh-cn/c++-cn/index.html]
[learnxinyminutes.com/docs/files/learnchapel.chpl]
[learnxinyminutes.com/docs/chapel/index.html]
[learnxinyminutes.com/docs/files/learnclojure.clj]
[learnxinyminutes.com/docs/clojure/index.html]
[learnxinyminutes.com/docs/common-lisp/index.html]
[learnxinyminutes.com/docs/pt-br/common-lisp-pt/index.html]
[learnxinyminutes.com/docs/es-es/clojure-es/index.html]
[learnxinyminutes.com/docs/zh-cn/common-lisp-cn/index.html]
[learnxinyminutes.com/docs/files/learnclojure-fr.clj]
[learnxinyminutes.com/docs/fr-fr/clojure-fr/index.html]
[learnxinyminutes.com/docs/css/index.html]
[learnxinyminutes.com/docs/cs-cz/css/index.html]
[learnxinyminutes.com/docs/files/learnclojure-kr.clj]
[learnxinyminutes.com/docs/ko-kr/clojure-kr/index.html]
[learnxinyminutes.com/docs/files/learnclojure-pt.clj]
[learnxinyminutes.com/docs/pt-br/clojure-pt/index.html]
[learnxinyminutes.com/docs/pt-br/clojure-macros-pt/index.html]
[learnxinyminutes.com/docs/de-de/css-de/index.html]
[learnxinyminutes.com/docs/files/learnclojure-ro.clj]
[learnxinyminutes.com/docs/ro-ro/clojure-ro/index.html]
[learnxinyminutes.com/docs/files/learnclojure-ru.clj]
[learnxinyminutes.com/docs/ru-ru/clojure-ru/index.html]
[learnxinyminutes.com/docs/es-es/css-es/index.html]
[learnxinyminutes.com/docs/el-gr/css-gr/index.html]
[learnxinyminutes.com/docs/fa-ir/css-fa/index.html]
[learnxinyminutes.com/docs/files/learnclojure-cn.clj]
[learnxinyminutes.com/docs/zh-cn/clojure-cn/index.html]
[learnxinyminutes.com/docs/fr-fr/css-fr/index.html]
[learnxinyminutes.com/docs/files/learnclojuremacros.clj]
[learnxinyminutes.com/docs/clojure-macros/index.html]
[learnxinyminutes.com/docs/id-id/css-id/index.html]
[learnxinyminutes.com/docs/files/learnclojuremacros-zh.clj]
[learnxinyminutes.com/docs/zh-cn/clojure-macro-cn/index.html]
[learnxinyminutes.com/docs/ta_in/css-ta/index.html]
[learnxinyminutes.com/docs/files/CMake]
[learnxinyminutes.com/docs/cmake/index.html]
[learnxinyminutes.com/docs/pt-br/css-pt/index.html]
[learnxinyminutes.com/docs/files/coffeescript.coffee]
[learnxinyminutes.com/docs/coffeescript/index.html]
[learnxinyminutes.com/docs/ru-ru/css-ru/index.html]
[learnxinyminutes.com/docs/files/coffeescript-de.coffee]
[learnxinyminutes.com/docs/de-de/coffeescript-de/index.html]
[learnxinyminutes.com/docs/zh-cn/css-cn/index.html]
[learnxinyminutes.com/docs/files/coffeescript-es.coffee]
[learnxinyminutes.com/docs/es-es/coffeescript-es/index.html]
[learnxinyminutes.com/docs/d/index.html]
[learnxinyminutes.com/docs/files/coffeescript-fr.coffee]
[learnxinyminutes.com/docs/fr-fr/coffeescript-fr/index.html]
[learnxinyminutes.com/docs/de-de/d-de/index.html]
[learnxinyminutes.com/docs/files/coffeescript-hu.coffee]
[learnxinyminutes.com/docs/hu-hu/coffeescript-hu/index.html]
[learnxinyminutes.com/docs/fr-fr/d/index.html]
[learnxinyminutes.com/docs/files/coffeescript-it.coffee]
[learnxinyminutes.com/docs/it-it/coffeescript-it/index.html]
[learnxinyminutes.com/docs/hd-hd/d/index.html]
[learnxinyminutes.com/docs/files/coffeescript-kr.coffee]
[learnxinyminutes.com/docs/ko-kr/coffeescript-kr/index.html]
[learnxinyminutes.com/docs/ru-ru/d-ru/index.html]
[learnxinyminutes.com/docs/files/coffeescript-ms.coffee]
[learnxinyminutes.com/docs/ms-my/coffeescript-my/index.html]
[learnxinyminutes.com/docs/dart/index.html]
[learnxinyminutes.com/docs/files/coffeescript-nl.coffee]
[learnxinyminutes.com/docs/nl-nl/coffeescript-nl/index.html]
[learnxinyminutes.com/docs/zh-cn/dart-cn/index.html]
[learnxinyminutes.com/docs/pt-br/coffeescript-pt/index.html]
[learnxinyminutes.com/docs/edn/index.html]
[learnxinyminutes.com/docs/elisp/index.html]
[learnxinyminutes.com/docs/files/coffeescript-ro.coffee]
[learnxinyminutes.com/docs/ro-ro/coffeescript-ro/index.html]
[learnxinyminutes.com/docs/es-es/elisp-es/index.html]
[learnxinyminutes.com/docs/files/learncoffee-ru.coffee]
[learnxinyminutes.com/docs/ru-ru/coffeescript-ru/index.html]
[learnxinyminutes.com/docs/sk-sk/coffeescript/index.html]
[learnxinyminutes.com/docs/pt-br/elisp-pt/index.html]
[learnxinyminutes.com/docs/elixir/index.html]
[learnxinyminutes.com/docs/zh-cn/elisp-cn/index.html]
[learnxinyminutes.com/docs/files/coffeescript-cn.coffee]
[learnxinyminutes.com/docs/zh-cn/coffeescript-cn/index.html]
[learnxinyminutes.com/docs/files/learncoldfusion.cfm]
[learnxinyminutes.com/docs/coldfusion/index.html]
[learnxinyminutes.com/docs/de-de/elixir-de/index.html]
[learnxinyminutes.com/docs/it-it/elixir-it/index.html]
[learnxinyminutes.com/docs/files/commonlisp.lisp]
[learnxinyminutes.com/docs/common-lisp/index.html]
[learnxinyminutes.com/docs/files/commonlisp-pt.lisp]
[learnxinyminutes.com/docs/pt-br/common-lisp-pt/index.html]
[learnxinyminutes.com/docs/zh-cn/elixir-cn/index.html]
[learnxinyminutes.com/docs/zh-tw/elixir-tw/index.html]
[learnxinyminutes.com/docs/files/commonlisp-cn.lisp]
[learnxinyminutes.com/docs/zh-cn/common-lisp-cn/index.html]
[learnxinyminutes.com/docs/css/index.html]
[learnxinyminutes.com/docs/files/learncss.css]
[learnxinyminutes.com/docs/elm/index.html]
[learnxinyminutes.com/docs/pt-br/elixir/index.html]
[learnxinyminutes.com/docs/cs-cz/css/index.html]
[learnxinyminutes.com/docs/files/learncss-cz.css]
[learnxinyminutes.com/docs/cs-cz/elm/index.html]
[learnxinyminutes.com/docs/de-de/css-de/index.html]
[learnxinyminutes.com/docs/files/learncss-de.css]
[learnxinyminutes.com/docs/erlang/index.html]
[learnxinyminutes.com/docs/files/css-gr.html.markdown]
[learnxinyminutes.com/docs/el-gr/css-gr/index.html]
[learnxinyminutes.com/docs/fr-fr/erlang-fr/index.html]
[learnxinyminutes.com/docs/es-es/css-es/index.html]
[learnxinyminutes.com/docs/fa-ir/css-fa/index.html]
[learnxinyminutes.com/docs/files/learncss-es.css]
[learnxinyminutes.com/docs/fr-fr/css-fr/index.html]
[learnxinyminutes.com/docs/ko-kr/erlang-kr/index.html]
[learnxinyminutes.com/docs/ru-ru/erlang-ru/index.html]
[learnxinyminutes.com/docs/pt-br/erlang-pt/index.html]
[learnxinyminutes.com/docs/zh-cn/erlang-cn/index.html]
[learnxinyminutes.com/docs/id-id/css-id/index.html]
[learnxinyminutes.com/docs/files/learncss-id.css]
[learnxinyminutes.com/docs/ta_in/css-ta/index.html]
[learnxinyminutes.com/docs/files/learncss-ta.css]
[learnxinyminutes.com/docs/fsharp/index.html]
[learnxinyminutes.com/docs/pt-br/css-pt/index.html]
[learnxinyminutes.com/docs/files/learncss-pt.css]
[learnxinyminutes.com/docs/ru-ru/css-ru/index.html]
[learnxinyminutes.com/docs/files/learncss-ru.css]
[learnxinyminutes.com/docs/factor/index.html]
[learnxinyminutes.com/docs/tr-tr/fsharp-tr/index.html]
[learnxinyminutes.com/docs/zh-cn/css-cn/index.html]
[learnxinyminutes.com/docs/files/learncss-cn.css]
[learnxinyminutes.com/docs/forth/index.html]
[learnxinyminutes.com/docs/files/learnd.d]
[learnxinyminutes.com/docs/es-es/forth-es/index.html]
[learnxinyminutes.com/docs/d/www.nickpapanastasiou.github.io]
[learnxinyminutes.com/docs/d/index.html]
[learnxinyminutes.com/docs/fortran95/index.html]
[learnxinyminutes.com/docs/files/learnd-de.d]
[learnxinyminutes.com/docs/go/index.html]
[learnxinyminutes.com/docs/de-de/d-de/www.nickpapanastasiou.github.io]
[learnxinyminutes.com/docs/de-de/d-de/www.thesuess.me]
[learnxinyminutes.com/docs/de-de/d-de/index.html]
[learnxinyminutes.com/docs/files/learnd-fr.d]
[learnxinyminutes.com/docs/de-de/go-de/index.html]
[learnxinyminutes.com/docs/fr-fr/d/www.nickpapanastasiou.github.io]
[learnxinyminutes.com/docs/fr-fr/d/aceawan.eu]
[learnxinyminutes.com/docs/fr-fr/d/index.html]
[learnxinyminutes.com/docs/files/learnd-hd.d]
[learnxinyminutes.com/docs/es-es/go-es/index.html]
[learnxinyminutes.com/docs/hd-hd/d/www.nickpapanastasiou.github.io]
[learnxinyminutes.com/docs/hd-hd/d/index.html]
[learnxinyminutes.com/docs/fi-fi/go-fi/index.html]
[learnxinyminutes.com/docs/files/learnd-ru.d]
[learnxinyminutes.com/docs/ru-ru/d-ru/index.html]
[learnxinyminutes.com/docs/fr-fr/go-fr/index.html]
[learnxinyminutes.com/docs/files/learndart.dart]
[learnxinyminutes.com/docs/dart/index.html]
[learnxinyminutes.com/docs/hu-hu/go-hu/index.html]
[learnxinyminutes.com/docs/it-it/go-it/index.html]
[learnxinyminutes.com/docs/files/learndart-cn.dart]
[learnxinyminutes.com/docs/zh-cn/dart-cn/index.html]
[learnxinyminutes.com/docs/pt-br/go-pt/index.html]
[learnxinyminutes.com/docs/files/learnedn.edn]
[learnxinyminutes.com/docs/edn/index.html]
[learnxinyminutes.com/docs/ko-kr/go-kr/index.html]
[learnxinyminutes.com/docs/files/learn-emacs-lisp.el]
[learnxinyminutes.com/docs/elisp/index.html]
[learnxinyminutes.com/docs/ru-ru/go-ru/index.html]
[learnxinyminutes.com/docs/files/learn-emacs-lisp-es.el]
[learnxinyminutes.com/docs/es-es/elisp-es/index.html]
[learnxinyminutes.com/docs/zh-cn/go-cn/index.html]
[learnxinyminutes.com/docs/files/learn-emacs-lisp-pt.el]
[learnxinyminutes.com/docs/pt-br/elisp-pt/index.html]
[learnxinyminutes.com/docs/groovy/index.html]
[learnxinyminutes.com/docs/files/learn-emacs-lisp-zh.el]
[learnxinyminutes.com/docs/zh-cn/elisp-cn/index.html]
[learnxinyminutes.com/docs/es-es/groovy-es/index.html]
[learnxinyminutes.com/docs/files/learnelixir.ex]
[learnxinyminutes.com/docs/elixir/index.html]
[learnxinyminutes.com/docs/pt-br/groovy-pt/index.html]
[learnxinyminutes.com/docs/files/learnelixir-de.ex]
[learnxinyminutes.com/docs/de-de/elixir-de/index.html]
[learnxinyminutes.com/docs/zh-cn/groovy-cn/index.html]
[learnxinyminutes.com/docs/files/learnelixir-it.ex]
[learnxinyminutes.com/docs/it-it/elixir-it/index.html]
[learnxinyminutes.com/docs/hack/index.html]
[learnxinyminutes.com/docs/files/learnelixir-cn.ex]
[learnxinyminutes.com/docs/zh-cn/elixir-cn/index.html]
[learnxinyminutes.com/docs/cs-cz/hack/index.html]
[learnxinyminutes.com/docs/files/learnelixir-tw.ex]
[learnxinyminutes.com/docs/zh-tw/elixir-tw/index.html]
[learnxinyminutes.com/docs/pt-br/elixir/index.html]
[learnxinyminutes.com/docs/elm/index.html]
[learnxinyminutes.com/docs/de-de/hack-de/index.html]
[learnxinyminutes.com/docs/files/learnelm-cz.elm]
[learnxinyminutes.com/docs/cs-cz/elm/index.html]
[learnxinyminutes.com/docs/pt-br/hack-pt/index.html]
[learnxinyminutes.com/docs/haml/index.html]
[learnxinyminutes.com/docs/es-es/hack-es/index.html]
[learnxinyminutes.com/docs/files/learnerlang.erl]
[learnxinyminutes.com/docs/erlang/index.html]
[learnxinyminutes.com/docs/de-de/haml-de/index.html]
[learnxinyminutes.com/docs/files/learnerlang-fr.erl]
[learnxinyminutes.com/docs/fr-fr/erlang-fr/index.html]
[learnxinyminutes.com/docs/es-es/haml-es/index.html]
[learnxinyminutes.com/docs/files/learnerlang-kr.erl]
[learnxinyminutes.com/docs/ko-kr/erlang-kr/index.html]
[learnxinyminutes.com/docs/fr-fr/haml-fr/index.html]
[learnxinyminutes.com/docs/files/learnerlang-pt.erl]
[learnxinyminutes.com/docs/pt-br/erlang-pt/index.html]
[learnxinyminutes.com/docs/haskell/index.html]
[learnxinyminutes.com/docs/de-de/haskell-de/index.html]
[learnxinyminutes.com/docs/files/learnerlang-ru.erl]
[learnxinyminutes.com/docs/ru-ru/erlang-ru/index.html]
[learnxinyminutes.com/docs/files/erlang-cn.erl]
[learnxinyminutes.com/docs/zh-cn/erlang-cn/index.html]
[learnxinyminutes.com/docs/es-es/haskell-es/index.html]
[learnxinyminutes.com/docs/fr-fr/haskell/index.html]
[learnxinyminutes.com/docs/pt-br/haskell-pt/index.html]
[learnxinyminutes.com/docs/files/learnfsharp.fs]
[learnxinyminutes.com/docs/fsharp/index.html]
[learnxinyminutes.com/docs/ro-ro/haskell-ro/index.html]
[learnxinyminutes.com/docs/files/learnfsharp-tr.fs]
[learnxinyminutes.com/docs/tr-tr/fsharp-tr/index.html]
[learnxinyminutes.com/docs/files/learnfactor.factor]
[learnxinyminutes.com/docs/factor/index.html]
[learnxinyminutes.com/docs/ru-ru/haskell-ru/index.html]
[learnxinyminutes.com/docs/files/learnforth.fs]
[learnxinyminutes.com/docs/forth/index.html]
[learnxinyminutes.com/docs/zh-cn/haskell-cn/index.html]
[learnxinyminutes.com/docs/files/learnforth-es.fs]
[learnxinyminutes.com/docs/es-es/forth-es/index.html]
[learnxinyminutes.com/docs/haxe/index.html]
[learnxinyminutes.com/docs/files/learnfortran.f95]
[learnxinyminutes.com/docs/fortran95/index.html]
[learnxinyminutes.com/docs/hy/index.html]
[learnxinyminutes.com/docs/fr-fr/hy-fr/index.html]
[learnxinyminutes.com/docs/files/learngo.go]
[learnxinyminutes.com/docs/go/index.html]
[learnxinyminutes.com/docs/files/learngo-de.go]
[learnxinyminutes.com/docs/de-de/go-de/index.html]
[learnxinyminutes.com/docs/pt-br/hy-pt/index.html]
[learnxinyminutes.com/docs/inform7/index.html]
[learnxinyminutes.com/docs/files/learngo-es.go]
[learnxinyminutes.com/docs/es-es/go-es/index.html]
[learnxinyminutes.com/docs/java/index.html]
[learnxinyminutes.com/docs/de-de/java-de/index.html]
[learnxinyminutes.com/docs/el-gr/java-gr/index.html]
[learnxinyminutes.com/docs/files/learngo-fi.go]
[learnxinyminutes.com/docs/fi-fi/go-fi/index.html]
[learnxinyminutes.com/docs/es-es/java-es/index.html]
[learnxinyminutes.com/docs/id-id/java-id/index.html]
[learnxinyminutes.com/docs/files/learngo-fr.go]
[learnxinyminutes.com/docs/fr-fr/go-fr/index.html]
[learnxinyminutes.com/docs/it-it/java-it/index.html]
[learnxinyminutes.com/docs/files/learngo-hu.go]
[learnxinyminutes.com/docs/hu-hu/go-hu/index.html]
[learnxinyminutes.com/docs/ko-kr/java-kr/index.html]
[learnxinyminutes.com/docs/pt-br/java-pt/index.html]
[learnxinyminutes.com/docs/files/learngo-it.go]
[learnxinyminutes.com/docs/it-it/go-it/index.html]
[learnxinyminutes.com/docs/files/learngo-kr.go]
[learnxinyminutes.com/docs/ko-kr/go-kr/index.html]
[learnxinyminutes.com/docs/ru-ru/java-ru/index.html]
[learnxinyminutes.com/docs/files/learngo-pt.go]
[learnxinyminutes.com/docs/pt-br/go-pt/index.html]
[learnxinyminutes.com/docs/files/learngo-ru.go]
[learnxinyminutes.com/docs/ru-ru/go-ru/index.html]
[learnxinyminutes.com/docs/uk-ua/java-ua/index.html]
[learnxinyminutes.com/docs/files/learngo-cn.go]
[learnxinyminutes.com/docs/zh-cn/go-cn/index.html]
[learnxinyminutes.com/docs/zh-cn/java-cn/index.html]
[learnxinyminutes.com/docs/javascript/index.html]
[learnxinyminutes.com/docs/files/learngroovy.groovy]
[learnxinyminutes.com/docs/groovy/index.html]
[learnxinyminutes.com/docs/de-de/javascript-de/index.html]
[learnxinyminutes.com/docs/files/groovy-es.html]
[learnxinyminutes.com/docs/es-es/groovy-es/index.html]
[learnxinyminutes.com/docs/pt-br/groovy-pt/index.html]
[learnxinyminutes.com/docs/ta_in/javascript-ta/index.html]
[learnxinyminutes.com/docs/fr-fr/javascript-fr/index.html]
[learnxinyminutes.com/docs/es-es/javascript-es/index.html]
[learnxinyminutes.com/docs/files/learngroovy-cn.groovy]
[learnxinyminutes.com/docs/zh-cn/groovy-cn/index.html]
[learnxinyminutes.com/docs/fa-ir/javascript-fa/index.html]
[learnxinyminutes.com/docs/files/learnhack.hh]
[learnxinyminutes.com/docs/hack/index.html]
[learnxinyminutes.com/docs/ko-kr/javascript-kr/index.html]
[learnxinyminutes.com/docs/files/learnhack-cs.hh]
[learnxinyminutes.com/docs/cs-cz/hack/index.html]
[learnxinyminutes.com/docs/ms-my/javascript-my/index.html]
[learnxinyminutes.com/docs/files/learnhack-de.hh]
[learnxinyminutes.com/docs/de-de/hack-de/index.html]
[learnxinyminutes.com/docs/pt-br/javascript-pt/index.html]
[learnxinyminutes.com/docs/files/learnhack-es.hh]
[learnxinyminutes.com/docs/es-es/hack-es/index.html]
[learnxinyminutes.com/docs/files/learnhack-pt.hh]
[learnxinyminutes.com/docs/pt-br/hack-pt/index.html]
[learnxinyminutes.com/docs/ru-ru/javascript-ru/index.html]
[learnxinyminutes.com/docs/uk-ua/javascript-ua/index.html]
[learnxinyminutes.com/docs/files/learnhaml.haml]
[learnxinyminutes.com/docs/haml/index.html]
[learnxinyminutes.com/docs/zh-cn/javascript-cn/index.html]
[learnxinyminutes.com/docs/files/learnhaml-de.haml]
[learnxinyminutes.com/docs/de-de/haml-de/index.html]
[learnxinyminutes.com/docs/cs-cz/json/index.html]
[learnxinyminutes.com/docs/json/index.html]
[learnxinyminutes.com/docs/files/learnhaml-es.haml]
[learnxinyminutes.com/docs/es-es/haml-es/index.html]
[learnxinyminutes.com/docs/fr-fr/haml-fr/index.html]
[learnxinyminutes.com/docs/haskell/index.html]
[learnxinyminutes.com/docs/de-de/json-de/index.html]
[learnxinyminutes.com/docs/fr-fr/json-fr/index.html]
[learnxinyminutes.com/docs/it-it/json-it/index.html]
[learnxinyminutes.com/docs/es-es/json-es/index.html]
[learnxinyminutes.com/docs/files/haskell-de.hs]
[learnxinyminutes.com/docs/de-de/haskell-de/index.html]
[learnxinyminutes.com/docs/files/haskell-es.md]
[learnxinyminutes.com/docs/es-es/haskell-es/index.html]
[learnxinyminutes.com/docs/lt-lt/json-lt/index.html]
[learnxinyminutes.com/docs/ms-my/json-my/index.html]
[learnxinyminutes.com/docs/files/learnhaskell-fr.hs]
[learnxinyminutes.com/docs/fr-fr/haskell/index.html]
[learnxinyminutes.com/docs/nl-nl/json-nl/index.html]
[learnxinyminutes.com/docs/nl-nl/json/index.html]
[learnxinyminutes.com/docs/files/learnhaskell-pt.hs]
[learnxinyminutes.com/docs/pt-br/haskell-pt/index.html]
[learnxinyminutes.com/docs/no-nb/JSON-no/index.html]
[learnxinyminutes.com/docs/files/haskell-ro.html]
[learnxinyminutes.com/docs/ro-ro/haskell-ro/index.html]
[learnxinyminutes.com/docs/ru-ru/haskell-ru/index.html]
[learnxinyminutes.com/docs/pl-pl/json-pl/index.html]
[learnxinyminutes.com/docs/files/learn-haskell-zh.hs]
[learnxinyminutes.com/docs/zh-cn/haskell-cn/index.html]
[learnxinyminutes.com/docs/ro-ro/json-ro/index.html]
[learnxinyminutes.com/docs/pt-br/json-pt/index.html]
[learnxinyminutes.com/docs/ru-ru/json-ru/index.html]
[learnxinyminutes.com/docs/files/LearnHaxe3.hx]
[learnxinyminutes.com/docs/haxe/index.html]
[learnxinyminutes.com/docs/files/learnhy.hy]
[learnxinyminutes.com/docs/hy/index.html]
[learnxinyminutes.com/docs/sk-sk/json/index.html]
[learnxinyminutes.com/docs/files/learnhy-fr.hy]
[learnxinyminutes.com/docs/fr-fr/hy-fr/index.html]
[learnxinyminutes.com/docs/pt-br/hy-pt/index.html]
[learnxinyminutes.com/docs/sv-se/json-sv/index.html]
[learnxinyminutes.com/docs/files/LearnInform.Inform]
[learnxinyminutes.com/docs/inform7/index.html]
[learnxinyminutes.com/docs/uk-ua/json-ua/index.html]
[learnxinyminutes.com/docs/ta_in/json-ta/index.html]
[learnxinyminutes.com/docs/vi-vn/json-vi/index.html]
[learnxinyminutes.com/docs/files/LearnJava.java]
[learnxinyminutes.com/docs/java/index.html]
[learnxinyminutes.com/docs/zh-cn/json-cn/index.html]
[learnxinyminutes.com/docs/files/LearnJavaDe.java]
[learnxinyminutes.com/docs/de-de/java-de/index.html]
[learnxinyminutes.com/docs/files/LearnJava-gr.java]
[learnxinyminutes.com/docs/el-gr/java-gr/index.html]
[learnxinyminutes.com/docs/files/LearnJava-es.java]
[learnxinyminutes.com/docs/es-es/java-es/index.html]
[learnxinyminutes.com/docs/files/LearnJava-id.java]
[learnxinyminutes.com/docs/id-id/java-id/index.html]
[learnxinyminutes.com/docs/es-es/julia-es/index.html]
[learnxinyminutes.com/docs/ja-jp/julia-jp/index.html]
[learnxinyminutes.com/docs/ru-ru/julia-ru/index.html]
[learnxinyminutes.com/docs/julia/index.html]
[learnxinyminutes.com/docs/files/LearnJava-it.java]
[learnxinyminutes.com/docs/it-it/java-it/index.html]
[learnxinyminutes.com/docs/files/java-kr.java]
[learnxinyminutes.com/docs/ko-kr/java-kr/index.html]
[learnxinyminutes.com/docs/zh-cn/julia-cn/index.html]
[learnxinyminutes.com/docs/zh-cn/kotlin-cn/index.html]
[learnxinyminutes.com/docs/kotlin/index.html]
[learnxinyminutes.com/docs/files/LearnJava-pt.java]
[learnxinyminutes.com/docs/pt-br/java-pt/index.html]
[learnxinyminutes.com/docs/latex/index.html]
[learnxinyminutes.com/docs/de-de/latex-de/index.html]
[learnxinyminutes.com/docs/files/LearnJavaRu.java]
[learnxinyminutes.com/docs/ru-ru/java-ru/index.html]
[learnxinyminutes.com/docs/es-es/latex-es/index.html]
[learnxinyminutes.com/docs/files/LearnJavaUa.java]
[learnxinyminutes.com/docs/uk-ua/java-ua/index.html]
[learnxinyminutes.com/docs/ro-ro/latex-ro/index.html]
[learnxinyminutes.com/docs/files/LearnJava-zh.java]
[learnxinyminutes.com/docs/zh-cn/java-cn/index.html]
[learnxinyminutes.com/docs/javascript/index.html]
[learnxinyminutes.com/docs/files/javascript.js]
[learnxinyminutes.com/docs/less/index.html]
[learnxinyminutes.com/docs/livescript/index.html]
[learnxinyminutes.com/docs/de-de/javascript-de/index.html]
[learnxinyminutes.com/docs/files/learnjavascript-de.js]
[learnxinyminutes.com/docs/es-es/livescript-es/index.html]
[learnxinyminutes.com/docs/es-es/javascript-es/index.html]
[learnxinyminutes.com/docs/files/javascript-es.js]
[learnxinyminutes.com/docs/fa-ir/javascript-fa/index.html]
[learnxinyminutes.com/docs/files/javascript-fa.js]
[learnxinyminutes.com/docs/fr-fr/livescript-fr/index.html]
[learnxinyminutes.com/docs/zh-cn/livescript-cn/index.html]
[learnxinyminutes.com/docs/fr-fr/javascript-fr/index.html]
[learnxinyminutes.com/docs/files/javascript-fr.js]
[learnxinyminutes.com/docs/lua/index.html]
[learnxinyminutes.com/docs/ta_in/javascript-ta/index.html]
[learnxinyminutes.com/docs/files/javascript-ta.js]
[learnxinyminutes.com/docs/de-de/lua-de/index.html]
[learnxinyminutes.com/docs/ko-kr/javascript-kr/index.html]
[learnxinyminutes.com/docs/files/javascript-kr.js]
[learnxinyminutes.com/docs/fr-fr/lua-fr/index.html]
[learnxinyminutes.com/docs/ko-kr/lua-kr/index.html]
[learnxinyminutes.com/docs/ms-my/javascript-my/index.html]
[learnxinyminutes.com/docs/pt-br/javascript-pt/index.html]
[learnxinyminutes.com/docs/files/javascript-ms.js]
[learnxinyminutes.com/docs/ru-ru/lua-ru/index.html]
[learnxinyminutes.com/docs/zh-cn/lua-cn/index.html]
[learnxinyminutes.com/docs/ru-ru/javascript-ru/index.html]
[learnxinyminutes.com/docs/files/javascript-ru.js]
[learnxinyminutes.com/docs/make/index.html]
[learnxinyminutes.com/docs/uk-ua/javascript-ua/index.html]
[learnxinyminutes.com/docs/files/javascript-uk.js]
[learnxinyminutes.com/docs/de-de/make-de/index.html]
[learnxinyminutes.com/docs/zh-cn/javascript-cn/index.html]
[learnxinyminutes.com/docs/files/javascript-zh.js]
[learnxinyminutes.com/docs/json/index.html]
[learnxinyminutes.com/docs/files/learnjson.json]
[learnxinyminutes.com/docs/fr-fr/make-fr/index.html]
[learnxinyminutes.com/docs/cs-cz/json/index.html]
[learnxinyminutes.com/docs/files/learnjson-cz.json]
[learnxinyminutes.com/docs/id-id/markdown/index.html]
[learnxinyminutes.com/docs/de-de/json-de/index.html]
[learnxinyminutes.com/docs/files/learnjson-de.json]
[learnxinyminutes.com/docs/cs-cz/markdown/index.html]
[learnxinyminutes.com/docs/de-de/markdown-de/index.html]
[learnxinyminutes.com/docs/es-es/markdown-es/index.html]
[learnxinyminutes.com/docs/es-es/json-es/index.html]
[learnxinyminutes.com/docs/files/learnjson-es.json]
[learnxinyminutes.com/docs/fr-fr/json-fr/index.html]
[learnxinyminutes.com/docs/it-it/json-it/index.html]
[learnxinyminutes.com/docs/files/learnjson-fr.json]
[learnxinyminutes.com/docs/fi-fi/markdown-fi/index.html]
[learnxinyminutes.com/docs/fr-fr/markdown/index.html]
[learnxinyminutes.com/docs/it-it/markdown/index.html]
[learnxinyminutes.com/docs/lt-lt/json-lt/index.html]
[learnxinyminutes.com/docs/files/learnjson-lt.json]
[learnxinyminutes.com/docs/nl-nl/markdown-nl/index.html]
[learnxinyminutes.com/docs/pt-br/markdown-pt/index.html]
[learnxinyminutes.com/docs/ms-my/json-my/index.html]
[learnxinyminutes.com/docs/tr-tr/markdown-tr/index.html]
[learnxinyminutes.com/docs/files/learnjson-ms.json]
[learnxinyminutes.com/docs/nl-nl/json-nl/index.html]
[learnxinyminutes.com/docs/nl-nl/json/index.html]
[learnxinyminutes.com/docs/files/learnjson-nl.json]
[learnxinyminutes.com/docs/zh-cn/markdown-cn/index.html]
[learnxinyminutes.com/docs/no-nb/JSON-no/index.html]
[learnxinyminutes.com/docs/matlab/index.html]
[learnxinyminutes.com/docs/markdown/index.html]
[learnxinyminutes.com/docs/files/learnjson-no.json]
[learnxinyminutes.com/docs/pl-pl/json-pl/index.html]
[learnxinyminutes.com/docs/files/learnjson-pl.json]
[learnxinyminutes.com/docs/it-it/matlab-it/index.html]
[learnxinyminutes.com/docs/pt-br/matlab-pt/index.html]
[learnxinyminutes.com/docs/zh-cn/matlab-cn/index.html]
[learnxinyminutes.com/docs/pt-br/json-pt/index.html]
[learnxinyminutes.com/docs/files/learnjson-pt.json]
[learnxinyminutes.com/docs/ro-ro/json-ro/index.html]
[learnxinyminutes.com/docs/files/learnjson-ro.json]
[learnxinyminutes.com/docs/neat/index.html]
[learnxinyminutes.com/docs/nim/index.html]
[learnxinyminutes.com/docs/ru-ru/json-ru/index.html]
[learnxinyminutes.com/docs/nix/index.html]
[learnxinyminutes.com/docs/files/learnjson-ru.json]
[learnxinyminutes.com/docs/sk-sk/json/index.html]
[learnxinyminutes.com/docs/files/learnjson-sk.json]
[learnxinyminutes.com/docs/objective-c/index.html]
[learnxinyminutes.com/docs/sv-se/json-sv/index.html]
[learnxinyminutes.com/docs/ta_in/json-ta/index.html]
[learnxinyminutes.com/docs/es-es/objective-c-es/index.html]
[learnxinyminutes.com/docs/files/learnjson-sv.json]
[learnxinyminutes.com/docs/uk-ua/json-ua/index.html]
[learnxinyminutes.com/docs/ru-ru/objective-c-ru/index.html]
[learnxinyminutes.com/docs/fr-fr/objective-c-fr/index.html]
[learnxinyminutes.com/docs/vi-vn/objective-c-vi/index.html]
[learnxinyminutes.com/docs/tr-tr/objective-c-tr/index.html]
[learnxinyminutes.com/docs/vi-vn/json-vi/index.html]
[learnxinyminutes.com/docs/files/learnjson-vi.json]
[learnxinyminutes.com/docs/zh-cn/json-cn/index.html]
[learnxinyminutes.com/docs/files/learnjson-cn.json]
[learnxinyminutes.com/docs/ocaml/index.html]
[learnxinyminutes.com/docs/paren/index.html]
[learnxinyminutes.com/docs/files/learnjulia.jl]
[learnxinyminutes.com/docs/julia/index.html]
[learnxinyminutes.com/docs/pt-br/paren-pt/index.html]
[learnxinyminutes.com/docs/ru-ru/paren-ru/index.html]
[learnxinyminutes.com/docs/files/learnjulia-es.jl]
[learnxinyminutes.com/docs/es-es/julia-es/index.html]
[learnxinyminutes.com/docs/pcre/index.html]
[learnxinyminutes.com/docs/files/learnjulia-jp.jl]
[learnxinyminutes.com/docs/ja-jp/julia-jp/index.html]
[learnxinyminutes.com/docs/perl/index.html]
[learnxinyminutes.com/docs/files/learnjulia-ru.jl]
[learnxinyminutes.com/docs/ru-ru/julia-ru/index.html]
[learnxinyminutes.com/docs/bg-bg/perl-bg/index.html]
[learnxinyminutes.com/docs/de-de/perl-de/index.html]
[learnxinyminutes.com/docs/files/learn-julia-zh.jl]
[learnxinyminutes.com/docs/zh-cn/julia-cn/index.html]
[learnxinyminutes.com/docs/files/LearnKotlin.kt]
[learnxinyminutes.com/docs/kotlin/index.html]
[learnxinyminutes.com/docs/es-es/perl-es/index.html]
[learnxinyminutes.com/docs/files/LearnKotlin-cn.kt]
[learnxinyminutes.com/docs/zh-cn/kotlin-cn/index.html]
[learnxinyminutes.com/docs/fr-fr/perl-fr/index.html]
[learnxinyminutes.com/docs/files/learn-latex.tex]
[learnxinyminutes.com/docs/latex/index.html]
[learnxinyminutes.com/docs/pl-pl/perl-pl/index.html]
[learnxinyminutes.com/docs/pt-br/perl-pt/index.html]
[learnxinyminutes.com/docs/files/latex-de.tex]
[learnxinyminutes.com/docs/de-de/latex-de/index.html]
[learnxinyminutes.com/docs/files/learn-latex-es.tex]
[learnxinyminutes.com/docs/es-es/latex-es/index.html]
[learnxinyminutes.com/docs/ru-ru/perl-ru/index.html]
[learnxinyminutes.com/docs/files/learn-latex-ro.tex]
[learnxinyminutes.com/docs/ro-ro/latex-ro/index.html]
[learnxinyminutes.com/docs/files/learnless.less]
[learnxinyminutes.com/docs/less/index.html]
[learnxinyminutes.com/docs/perl6/index.html]
[learnxinyminutes.com/docs/zh-cn/perl-cn/index.html]
[learnxinyminutes.com/docs/files/learnLivescript.ls]
[learnxinyminutes.com/docs/livescript/index.html]
[learnxinyminutes.com/docs/php/index.html]
[learnxinyminutes.com/docs/es-es/php-es/index.html]
[learnxinyminutes.com/docs/files/learnLivescript-es.ls]
[learnxinyminutes.com/docs/es-es/livescript-es/index.html]
[learnxinyminutes.com/docs/fr-fr/php/index.html]
[learnxinyminutes.com/docs/files/learnLivescript-fr.ls]
[learnxinyminutes.com/docs/fr-fr/livescript-fr/index.html]
[learnxinyminutes.com/docs/zh-cn/livescript-cn/index.html]
[learnxinyminutes.com/docs/ja-jp/php-jp/index.html]
[learnxinyminutes.com/docs/id-id/php-id/index.html]
[learnxinyminutes.com/docs/pt-br/php-pt/index.html]
[learnxinyminutes.com/docs/ko-kr/php-kr/index.html]
[learnxinyminutes.com/docs/files/learnlua.lua]
[learnxinyminutes.com/docs/lua/index.html]
[learnxinyminutes.com/docs/files/learnlua-de.lua]
[learnxinyminutes.com/docs/de-de/lua-de/index.html]
[learnxinyminutes.com/docs/tr-tr/php-tr/index.html]
[learnxinyminutes.com/docs/ru-ru/php-ru/index.html]
[learnxinyminutes.com/docs/zh-cn/php-cn/index.html]
[learnxinyminutes.com/docs/pogo/index.html]
[learnxinyminutes.com/docs/files/learnlua-fr.lua]
[learnxinyminutes.com/docs/pt-br/python3-pt/index.html]
[learnxinyminutes.com/docs/fr-fr/lua-fr/lua-users.org/files/wiki_insecure/users/thomasl/luarefv51.pdf]
[learnxinyminutes.com/docs/purescript/index.html]
[learnxinyminutes.com/docs/fr-fr/lua-fr/tylerneylon.com]
[learnxinyminutes.com/docs/fr-fr/lua-fr/index.html]
[learnxinyminutes.com/docs/files/learnlua-kr.lua]
[learnxinyminutes.com/docs/ko-kr/lua-kr/index.html]
[learnxinyminutes.com/docs/python/index.html]
[learnxinyminutes.com/docs/de-de/python-de/index.html]
[learnxinyminutes.com/docs/files/learnlua-ru.lua]
[learnxinyminutes.com/docs/ru-ru/lua-ru/index.html]
[learnxinyminutes.com/docs/files/lua-cn.lua]
[learnxinyminutes.com/docs/es-es/python-es/index.html]
[learnxinyminutes.com/docs/zh-cn/lua-cn/craig.roddin@gmail.com]
[learnxinyminutes.com/docs/zh-cn/lua-cn/index.html]
[learnxinyminutes.com/docs/fr-fr/python-fr/index.html]
[learnxinyminutes.com/docs/files/Makefile]
[learnxinyminutes.com/docs/make/index.html]
[learnxinyminutes.com/docs/ko-kr/python-kr/index.html]
[learnxinyminutes.com/docs/files/Makefile-de]
[learnxinyminutes.com/docs/de-de/make-de/index.html]
[learnxinyminutes.com/docs/it-it/python-it/index.html]
[learnxinyminutes.com/docs/files/Makefile-fr]
[learnxinyminutes.com/docs/fr-fr/make-fr/index.html]
[learnxinyminutes.com/docs/pl-pl/python-pl/index.html]
[learnxinyminutes.com/docs/files/markdown-id.md]
[learnxinyminutes.com/docs/id-id/markdown/index.html]
[learnxinyminutes.com/docs/pt-br/python-pt/index.html]
[learnxinyminutes.com/docs/files/markdown-cz.md]
[learnxinyminutes.com/docs/cs-cz/markdown/index.html]
[learnxinyminutes.com/docs/ro-ro/python-ro/index.html]
[learnxinyminutes.com/docs/files/markdown-de.md]
[learnxinyminutes.com/docs/de-de/markdown-de/index.html]
[learnxinyminutes.com/docs/ru-ru/python-ru/index.html]
[learnxinyminutes.com/docs/tr-tr/python-tr/index.html]
[learnxinyminutes.com/docs/files/markdown-es.md]
[learnxinyminutes.com/docs/es-es/markdown-es/index.html]
[learnxinyminutes.com/docs/zh-cn/python-cn/index.html]
[learnxinyminutes.com/docs/files/markdown-fi.md]
[learnxinyminutes.com/docs/fi-fi/markdown-fi/index.html]
[learnxinyminutes.com/docs/zh-tw/python-tw/index.html]
[learnxinyminutes.com/docs/files/markdown-fr.md]
[learnxinyminutes.com/docs/fr-fr/markdown/index.html]
[learnxinyminutes.com/docs/python3/index.html]
[learnxinyminutes.com/docs/cs-cz/python3/index.html]
[learnxinyminutes.com/docs/files/markdown-it.md]
[learnxinyminutes.com/docs/it-it/markdown/index.html]
[learnxinyminutes.com/docs/de-de/python3-de/index.html]
[learnxinyminutes.com/docs/es-es/python3-es/index.html]
[learnxinyminutes.com/docs/files/markdown-nl.md]
[learnxinyminutes.com/docs/nl-nl/markdown-nl/index.html]
[learnxinyminutes.com/docs/ru-ru/python3-ru/index.html]
[learnxinyminutes.com/docs/fr-fr/python3-fr/index.html]
[learnxinyminutes.com/docs/files/learnmarkdown-pt.md]
[learnxinyminutes.com/docs/pt-br/markdown-pt/index.html]
[learnxinyminutes.com/docs/files/markdown-tr.md]
[learnxinyminutes.com/docs/tr-tr/markdown-tr/index.html]
[learnxinyminutes.com/docs/tr-tr/python3-tr/index.html]
[learnxinyminutes.com/docs/files/learnmarkdown-cn.md]
[learnxinyminutes.com/docs/zh-cn/markdown-cn/index.html]
[learnxinyminutes.com/docs/markdown/index.html]
[learnxinyminutes.com/docs/zh-cn/python3-cn/index.html]
[learnxinyminutes.com/docs/files/learnmatlab.mat]
[learnxinyminutes.com/docs/matlab/index.html]
[learnxinyminutes.com/docs/files/matlab-it.md]
[learnxinyminutes.com/docs/it-it/matlab-it/index.html]
[learnxinyminutes.com/docs/es-es/r-es/index.html]
[learnxinyminutes.com/docs/r/index.html]
[learnxinyminutes.com/docs/fr-fr/r-fr/index.html]
[learnxinyminutes.com/docs/ja-jp/r-jp/index.html]
[learnxinyminutes.com/docs/files/learnmatlab-pt.mat]
[learnxinyminutes.com/docs/pt-br/matlab-pt/index.html]
[learnxinyminutes.com/docs/zh-cn/matlab-cn/index.html]
[learnxinyminutes.com/docs/el-gr/racket-gr/index.html]
[learnxinyminutes.com/docs/files/LearnNeat.nt]
[learnxinyminutes.com/docs/neat/index.html]
[learnxinyminutes.com/docs/zh-cn/r-cn/index.html]
[learnxinyminutes.com/docs/racket/index.html]
[learnxinyminutes.com/docs/fr-fr/racket-fr/index.html]
[learnxinyminutes.com/docs/ko-kr/racket-kr/index.html]
[learnxinyminutes.com/docs/files/learnNim.nim]
[learnxinyminutes.com/docs/nim/index.html]
[learnxinyminutes.com/docs/red/index.html]
[learnxinyminutes.com/docs/zh-cn/racket-cn/index.html]
[learnxinyminutes.com/docs/rst/index.html]
[learnxinyminutes.com/docs/files/learn.nix]
[learnxinyminutes.com/docs/nix/index.html]
[learnxinyminutes.com/docs/objective-c/css/normalize.css]
[learnxinyminutes.com/docs/ruby/index.html]
[learnxinyminutes.com/docs/objective-c/css/main.css]
[learnxinyminutes.com/docs/objective-c/js/vendor/modernizr-2.6.1.min.js]
[learnxinyminutes.com/docs/files/LearnObjectiveC.m]
[learnxinyminutes.com/docs/objective-c/www.about.me/yagrushkin]
[learnxinyminutes.com/docs/objective-c/js/vendor/jquery-1.8.0.min.js]
[learnxinyminutes.com/docs/objective-c/js/script.js]
[learnxinyminutes.com/docs/objective-c/index.html]
[learnxinyminutes.com/docs/de-de/ruby-de/index.html]
[learnxinyminutes.com/docs/files/LearnObjectiveC-es.m]
[learnxinyminutes.com/docs/es-es/objective-c-es/www.about.me/yagrushkin]
[learnxinyminutes.com/docs/es-es/objective-c-es/index.html]
[learnxinyminutes.com/docs/fr-fr/objective-c-fr/css/normalize.css]
[learnxinyminutes.com/docs/es-es/ruby-es/index.html]
[learnxinyminutes.com/docs/fr-fr/objective-c-fr/css/main.css]
[learnxinyminutes.com/docs/fr-fr/objective-c-fr/js/vendor/modernizr-2.6.1.min.js]
[learnxinyminutes.com/docs/files/LearnObjectiveC-fr.m]
[learnxinyminutes.com/docs/fr-fr/objective-c-fr/www.about.me/yagrushkin]
[learnxinyminutes.com/docs/fr-fr/objective-c-fr/js/vendor/jquery-1.8.0.min.js]
[learnxinyminutes.com/docs/fr-fr/objective-c-fr/js/script.js]
[learnxinyminutes.com/docs/fr-fr/objective-c-fr/index.html]
[learnxinyminutes.com/docs/ru-ru/objective-c-ru/css/normalize.css]
[learnxinyminutes.com/docs/ru-ru/objective-c-ru/css/main.css]
[learnxinyminutes.com/docs/fi-fi/ruby-fi/index.html]
[learnxinyminutes.com/docs/ru-ru/objective-c-ru/js/vendor/modernizr-2.6.1.min.js]
[learnxinyminutes.com/docs/files/LearnObjectiveC-ru.m]
[learnxinyminutes.com/docs/ru-ru/objective-c-ru/www.about.me/yagrushkin]
[learnxinyminutes.com/docs/ru-ru/objective-c-ru/js/vendor/jquery-1.8.0.min.js]
[learnxinyminutes.com/docs/ru-ru/objective-c-ru/js/script.js]
[learnxinyminutes.com/docs/ru-ru/objective-c-ru/index.html]
[learnxinyminutes.com/docs/tr-tr/objective-c-tr/css/normalize.css]
[learnxinyminutes.com/docs/fr-fr/ruby-fr/index.html]
[learnxinyminutes.com/docs/tr-tr/objective-c-tr/css/main.css]
[learnxinyminutes.com/docs/tr-tr/objective-c-tr/js/vendor/modernizr-2.6.1.min.js]
[learnxinyminutes.com/docs/files/LearnObjectiveC-tr.m]
[learnxinyminutes.com/docs/tr-tr/objective-c-tr/www.about.me/yagrushkin]
[learnxinyminutes.com/docs/tr-tr/objective-c-tr/js/vendor/jquery-1.8.0.min.js]
[learnxinyminutes.com/docs/tr-tr/objective-c-tr/js/script.js]
[learnxinyminutes.com/docs/tr-tr/objective-c-tr/index.html]
[learnxinyminutes.com/docs/vi-vn/objective-c-vi/css/normalize.css]
[learnxinyminutes.com/docs/id-id/ruby-id/index.html]
[learnxinyminutes.com/docs/hu-hu/ruby-hu/index.html]
[learnxinyminutes.com/docs/vi-vn/objective-c-vi/css/main.css]
[learnxinyminutes.com/docs/pl-pl/ruby-pl/index.html]
[learnxinyminutes.com/docs/vi-vn/objective-c-vi/js/vendor/modernizr-2.6.1.min.js]
[learnxinyminutes.com/docs/files/LearnObjectiveC-vi.m]
[learnxinyminutes.com/docs/vi-vn/objective-c-vi/www.about.me/yagrushkin]
[learnxinyminutes.com/docs/vi-vn/objective-c-vi/js/vendor/jquery-1.8.0.min.js]
[learnxinyminutes.com/docs/vi-vn/objective-c-vi/js/script.js]
[learnxinyminutes.com/docs/vi-vn/objective-c-vi/index.html]
[learnxinyminutes.com/docs/ocaml/index.html]
[learnxinyminutes.com/docs/files/learnparen.paren]
[learnxinyminutes.com/docs/paren/index.html]
[learnxinyminutes.com/docs/ro-ro/ruby-ro/index.html]
[learnxinyminutes.com/docs/pt-br/ruby-pt/index.html]
[learnxinyminutes.com/docs/files/learnparen-pt.paren]
[learnxinyminutes.com/docs/pt-br/paren-pt/index.html]
[learnxinyminutes.com/docs/ru-ru/ruby-ru/index.html]
[learnxinyminutes.com/docs/files/learnparen-ru.paren]
[learnxinyminutes.com/docs/ru-ru/paren-ru/index.html]
[learnxinyminutes.com/docs/vi-vn/ruby-vi/index.html]
[learnxinyminutes.com/docs/pcre/index.html]
[learnxinyminutes.com/docs/files/pcre.txt]
[learnxinyminutes.com/docs/zh-cn/ruby-cn/index.html]
[learnxinyminutes.com/docs/files/learnperl.perl]
[learnxinyminutes.com/docs/perl/index.html]
[learnxinyminutes.com/docs/bg-bg/perl-bg/index.html]
[learnxinyminutes.com/docs/it-it/rust-it/index.html]
[learnxinyminutes.com/docs/files/learnperl-de.perl]
[learnxinyminutes.com/docs/de-de/perl-de/index.html]
[learnxinyminutes.com/docs/es-es/rust-es/index.html]
[learnxinyminutes.com/docs/de-de/rust-de/index.html]
[learnxinyminutes.com/docs/files/learnperl-es.perl]
[learnxinyminutes.com/docs/es-es/perl-es/index.html]
[learnxinyminutes.com/docs/fr-fr/rust-fr/index.html]
[learnxinyminutes.com/docs/files/learnperl-fr.perl]
[learnxinyminutes.com/docs/fr-fr/perl-fr/index.html]
[learnxinyminutes.com/docs/pl-pl/perl-pl/index.html]
[learnxinyminutes.com/docs/zh-cn/rust-cn/index.html]
[learnxinyminutes.com/docs/rust/index.html]
[learnxinyminutes.com/docs/files/learnperl-pt.perl]
[learnxinyminutes.com/docs/pt-br/perl-pt/index.html]
[learnxinyminutes.com/docs/sass/index.html]
[learnxinyminutes.com/docs/files/learnperl-ru.perl]
[learnxinyminutes.com/docs/ru-ru/perl-ru/index.html]
[learnxinyminutes.com/docs/cs-cz/sass/index.html]
[learnxinyminutes.com/docs/files/learnperl-cn.perl]
[learnxinyminutes.com/docs/zh-cn/perl-cn/index.html]
[learnxinyminutes.com/docs/de-de/sass-de/index.html]
[learnxinyminutes.com/docs/ms-my/sass-my/index.html]
[learnxinyminutes.com/docs/files/learnperl6.perl]
[learnxinyminutes.com/docs/perl6/index.html]
[learnxinyminutes.com/docs/pt-br/sass-pt/index.html]
[learnxinyminutes.com/docs/files/learnphp.php]
[learnxinyminutes.com/docs/php/index.html]
[learnxinyminutes.com/docs/scala/index.html]
[learnxinyminutes.com/docs/files/learnphp-es.php]
[learnxinyminutes.com/docs/es-es/php-es/index.html]
[learnxinyminutes.com/docs/fr-fr/php/index.html]
[learnxinyminutes.com/docs/el-gr/scala-gr/index.html]
[learnxinyminutes.com/docs/de-de/scala-de/index.html]
[learnxinyminutes.com/docs/fr-fr/scala/index.html]
[learnxinyminutes.com/docs/files/learnphp-id.php]
[learnxinyminutes.com/docs/id-id/php-id/index.html]
[learnxinyminutes.com/docs/files/learnphp-jp.php]
[learnxinyminutes.com/docs/ja-jp/php-jp/index.html]
[learnxinyminutes.com/docs/pt-pt/scala-pt/index.html]
[learnxinyminutes.com/docs/zh-cn/scala-cn/index.html]
[learnxinyminutes.com/docs/files/learnphp-kr.php]
[learnxinyminutes.com/docs/ko-kr/php-kr/index.html]
[learnxinyminutes.com/docs/self/index.html]
[learnxinyminutes.com/docs/files/php-pt.html.markdown]
[learnxinyminutes.com/docs/pt-br/php-pt/index.html]
[learnxinyminutes.com/docs/es-es/self-es/index.html]
[learnxinyminutes.com/docs/smallbasic/index.html]
[learnxinyminutes.com/docs/files/learnphp-ru.php]
[learnxinyminutes.com/docs/ru-ru/php-ru/index.html]
[learnxinyminutes.com/docs/files/learnphp-tr.php]
[learnxinyminutes.com/docs/tr-tr/php-tr/index.html]
[learnxinyminutes.com/docs/smalltalk/index.html]
[learnxinyminutes.com/docs/files/learnphp-zh.php]
[learnxinyminutes.com/docs/zh-cn/php-cn/index.html]
[learnxinyminutes.com/docs/solidity/index.html]
[learnxinyminutes.com/docs/files/learnPogo.pogo]
[learnxinyminutes.com/docs/pogo/index.html]
[learnxinyminutes.com/docs/swift/index.html]
[learnxinyminutes.com/docs/standard-ml/index.html]
[learnxinyminutes.com/docs/es-es/swift-es/index.html]
[learnxinyminutes.com/docs/files/learnpython3-pt.py]
[learnxinyminutes.com/docs/pt-br/python3-pt/index.html]
[learnxinyminutes.com/docs/purescript/index.html]
[learnxinyminutes.com/docs/pt-pt/swift/index.html]
[learnxinyminutes.com/docs/pt-br/swift-pt/index.html]
[learnxinyminutes.com/docs/files/learnpython.py]
[learnxinyminutes.com/docs/python/index.html]
[learnxinyminutes.com/docs/files/learnpython-de.py]
[learnxinyminutes.com/docs/ru-ru/swift-ru/index.html]
[learnxinyminutes.com/docs/tr-tr/swift-tr/index.html]
[learnxinyminutes.com/docs/zh-cn/swift-cn/index.html]
[learnxinyminutes.com/docs/tcl/index.html]
[learnxinyminutes.com/www.kulturproktologie.de]
[learnxinyminutes.com/docs/de-de/python-de/index.html]
[learnxinyminutes.com/docs/de-de/tcl-de/index.html]
[learnxinyminutes.com/docs/files/learnpython-es.py]
[learnxinyminutes.com/docs/es-es/python-es/index.html]
[learnxinyminutes.com/docs/toml/index.html]
[learnxinyminutes.com/docs/files/learnpython-fr.py]
[learnxinyminutes.com/docs/fr-fr/python-fr/index.html]
[learnxinyminutes.com/docs/it-it/python-it/index.html]
[learnxinyminutes.com/docs/typescript/index.html]
[learnxinyminutes.com/docs/es-es/typescript-es/index.html]
[learnxinyminutes.com/docs/fr-fr/typescript-fr/index.html]
[learnxinyminutes.com/docs/files/learnpython-ko.py]
[learnxinyminutes.com/docs/ko-kr/python-kr/index.html]
[learnxinyminutes.com/docs/hu-hu/typescript-hu/index.html]
[learnxinyminutes.com/docs/nl-nl/typescript-nl/index.html]
[learnxinyminutes.com/docs/pt-br/typescript-pt/index.html]
[learnxinyminutes.com/docs/files/learnpython-pl.py]
[learnxinyminutes.com/docs/pl-pl/python-pl/index.html]
[learnxinyminutes.com/docs/tr-tr/typescript-tr/index.html]
[learnxinyminutes.com/docs/files/learnpython-pt.py]
[learnxinyminutes.com/docs/pt-br/python-pt/index.html]
[learnxinyminutes.com/docs/zh-cn/typescript-cn/index.html]
[learnxinyminutes.com/docs/files/learnpython-ro.py]
[learnxinyminutes.com/docs/ro-ro/python-ro/index.html]
[learnxinyminutes.com/docs/visualbasic/index.html]
[learnxinyminutes.com/docs/es-es/visualbasic-es/index.html]
[learnxinyminutes.com/docs/ru-ru/python-ru/index.html]
[learnxinyminutes.com/docs/files/learnpython-ru.py]
[learnxinyminutes.com/docs/files/learnpython-tr.py]
[learnxinyminutes.com/docs/tr-tr/python-tr/index.html]
[learnxinyminutes.com/docs/zh-cn/visualbasic-cn/index.html]
[learnxinyminutes.com/docs/pt-br/visualbasic-pt/index.html]
[learnxinyminutes.com/docs/files/learnpython-zh.py]
[learnxinyminutes.com/docs/zh-cn/python-cn/index.html]
[learnxinyminutes.com/docs/files/learnpython-tw.py]
[learnxinyminutes.com/docs/zh-tw/python-tw/index.html]
[learnxinyminutes.com/docs/whip/index.html]
[learnxinyminutes.com/docs/es-es/whip-es/index.html]
[learnxinyminutes.com/docs/fr-fr/wolfram-fr/index.html]
[learnxinyminutes.com/docs/wolfram/index.html]
[learnxinyminutes.com/docs/files/learnpython3.py]
[learnxinyminutes.com/docs/python3/index.html]
[learnxinyminutes.com/docs/xml/index.html]
[learnxinyminutes.com/docs/files/learnpython3-cz.py]
[learnxinyminutes.com/docs/cs-cz/python3/index.html]
[learnxinyminutes.com/docs/es-es/xml-es/index.html]
[learnxinyminutes.com/docs/files/learnpython3-de.py]
[learnxinyminutes.com/docs/de-de/python3-de/index.html]
[learnxinyminutes.com/docs/fr-fr/xml-fr/index.html]
[learnxinyminutes.com/docs/id-id/xml-id/index.html]
[learnxinyminutes.com/docs/files/learnpython3-es.py]
[learnxinyminutes.com/docs/es-es/python3-es/index.html]
[learnxinyminutes.com/docs/ta_in/xml-ta/index.html]
[learnxinyminutes.com/docs/ms-my/xml-my/index.html]
[learnxinyminutes.com/docs/files/learnpython3-fr.py]
[learnxinyminutes.com/docs/fr-fr/python3-fr/index.html]
[learnxinyminutes.com/docs/files/learnpython3-ru.py]
[learnxinyminutes.com/docs/ru-ru/python3-ru/index.html]
[learnxinyminutes.com/docs/pl-pl/xml-pl/index.html]
[learnxinyminutes.com/docs/pt-br/xml-pt/index.html]
[learnxinyminutes.com/docs/files/learnpython3-tr.py]
[learnxinyminutes.com/docs/tr-tr/python3-tr/index.html]
[learnxinyminutes.com/docs/ro-ro/xml-ro/index.html]
[learnxinyminutes.com/docs/files/learnpython3-cn.py]
[learnxinyminutes.com/docs/zh-cn/python3-cn/index.html]
[learnxinyminutes.com/docs/ru-ru/xml-ru/index.html]
[learnxinyminutes.com/docs/zh-cn/xml-cn/index.html]
[learnxinyminutes.com/docs/files/learnr.r]
[learnxinyminutes.com/docs/r/index.html]
[learnxinyminutes.com/docs/files/learnr-es.r]
[learnxinyminutes.com/docs/es-es/r-es/index.html]
[learnxinyminutes.com/docs/yaml/index.html]
[learnxinyminutes.com/docs/de-de/yaml-de/index.html]
[learnxinyminutes.com/docs/files/learnr-fr.r]
[learnxinyminutes.com/docs/fr-fr/r-fr/index.html]
[learnxinyminutes.com/docs/es-es/yaml-es/index.html]
[learnxinyminutes.com/docs/files/learnr-jp.r]
[learnxinyminutes.com/docs/ja-jp/r-jp/index.html]
[learnxinyminutes.com/docs/files/learnr-zh.r]
[learnxinyminutes.com/docs/zh-cn/r-cn/index.html]
[learnxinyminutes.com/docs/fr-fr/yaml-fr/index.html]
[learnxinyminutes.com/docs/files/learnracket.rkt]
[learnxinyminutes.com/docs/racket/index.html]
[learnxinyminutes.com/docs/hu-hu/yaml-hu/index.html]
[learnxinyminutes.com/docs/nl-nl/yaml-nl/index.html]
[learnxinyminutes.com/docs/files/learnracket-gr.rkt]
[learnxinyminutes.com/docs/el-gr/racket-gr/index.html]
[learnxinyminutes.com/docs/pt-br/yaml-pt/index.html]
[learnxinyminutes.com/docs/files/learnracket-fr.rkt]
[learnxinyminutes.com/docs/fr-fr/racket-fr/index.html]
[learnxinyminutes.com/docs/zh-cn/yaml-cn/index.html]
[learnxinyminutes.com/docs/files/learnracket-kr.rkt]
[learnxinyminutes.com/docs/ko-kr/racket-kr/index.html]
[learnxinyminutes.com/docs/files/learnracket-zh.rkt]
[learnxinyminutes.com/docs/zh-cn/racket-cn/index.html]
[learnxinyminutes.com/docs/files/learnred.red]
[learnxinyminutes.com/docs/amd/index.html]
[learnxinyminutes.com/docs/es-es/amd-es/index.html]
[learnxinyminutes.com/docs/red/stackoverflow.com/questions/tagged/red]
[learnxinyminutes.com/docs/red/index.html]
[learnxinyminutes.com/docs/rst/index.html]
[learnxinyminutes.com/docs/files/learnruby.rb]
[learnxinyminutes.com/docs/ruby/index.html]
[learnxinyminutes.com/docs/hd-hd/amd/index.html]
[learnxinyminutes.com/docs/pt-br/amd/index.html]
[learnxinyminutes.com/docs/files/ruby-de.rb]
[learnxinyminutes.com/docs/de-de/ruby-de/index.html]
[learnxinyminutes.com/docs/bash/index.html]
[learnxinyminutes.com/docs/files/learnruby-es.rb]
[learnxinyminutes.com/docs/es-es/ruby-es/index.html]
[learnxinyminutes.com/docs/de-de/bash-de/index.html]
[learnxinyminutes.com/docs/files/learnruby-fi.rb]
[learnxinyminutes.com/docs/fi-fi/ruby-fi/index.html]
[learnxinyminutes.com/docs/es-es/bash-es/index.html]
[learnxinyminutes.com/docs/fr-fr/bash-fr/index.html]
[learnxinyminutes.com/docs/files/learnruby-fr.rb]
[learnxinyminutes.com/docs/fr-fr/ruby-fr/index.html]
[learnxinyminutes.com/docs/it-it/bash-it/index.html]
[learnxinyminutes.com/docs/files/learnruby-hu.rb]
[learnxinyminutes.com/docs/hu-hu/ruby-hu/index.html]
[learnxinyminutes.com/docs/ja-jp/bash-jp/index.html]
[learnxinyminutes.com/docs/ms-my/bash-my/index.html]
[learnxinyminutes.com/docs/files/learnruby-id.rb]
[learnxinyminutes.com/docs/id-id/ruby-id/index.html]
[learnxinyminutes.com/docs/pl-pl/ruby-pl/index.html]
[learnxinyminutes.com/docs/files/learnruby-pt.rb]
[learnxinyminutes.com/docs/pt-br/ruby-pt/index.html]
[learnxinyminutes.com/docs/no-nb/bash-no/index.html]
[learnxinyminutes.com/docs/nl-nl/bash-nl/index.html]
[learnxinyminutes.com/docs/files/learnruby-ro.rb]
[learnxinyminutes.com/docs/ro-ro/ruby-ro/index.html]
[learnxinyminutes.com/docs/pt-br/bash-pt/index.html]
[learnxinyminutes.com/docs/files/learnruby-ru.rb]
[learnxinyminutes.com/docs/ru-ru/ruby-ru/index.html]
[learnxinyminutes.com/docs/vi-vn/ruby-vi/index.html]
[learnxinyminutes.com/docs/ru-ru/bash-ru/index.html]
[learnxinyminutes.com/docs/ro-ro/bash-ro/index.html]
[learnxinyminutes.com/docs/files/learnruby-zh.rb]
[learnxinyminutes.com/docs/zh-cn/ruby-cn/index.html]
[learnxinyminutes.com/docs/uk-ua/bash-ua/index.html]
[learnxinyminutes.com/docs/sk-sk/bash/index.html]
[learnxinyminutes.com/docs/files/rust-it.html.markdown]
[learnxinyminutes.com/docs/it-it/rust-it/index.html]
[learnxinyminutes.com/docs/zh-cn/bash-cn/index.html]
[learnxinyminutes.com/docs/files/lernerust-de.rs]
[learnxinyminutes.com/docs/de-de/rust-de/index.html]
[learnxinyminutes.com/docs/zh-tw/bash-tw/index.html]
[learnxinyminutes.com/docs/files/learnrust-es.rs]
[learnxinyminutes.com/docs/es-es/rust-es/index.html]
[learnxinyminutes.com/docs/compojure/index.html]
[learnxinyminutes.com/docs/files/learnrust-fr.rs]
[learnxinyminutes.com/docs/fr-fr/rust-fr/index.html]
[learnxinyminutes.com/docs/php-composer/index.html]
[learnxinyminutes.com/docs/files/learnrust-cn.rs]
[learnxinyminutes.com/docs/zh-cn/rust-cn/index.html]
[learnxinyminutes.com/docs/rust/index.html]
[learnxinyminutes.com/docs/git/index.html]
[learnxinyminutes.com/docs/es-es/git-es/index.html]
[learnxinyminutes.com/docs/de-de/git-de/index.html]
[learnxinyminutes.com/docs/files/learnsass.scss]
[learnxinyminutes.com/docs/sass/index.html]
[learnxinyminutes.com/docs/files/learnsass-cz.scss]
[learnxinyminutes.com/docs/cs-cz/sass/index.html]
[learnxinyminutes.com/docs/fr-fr/git-fr/index.html]
[learnxinyminutes.com/docs/files/learnsass-de.scss]
[learnxinyminutes.com/docs/de-de/sass-de/index.html]
[learnxinyminutes.com/docs/pt-br/git-pt/index.html]
[learnxinyminutes.com/docs/files/learnsass-ms.scss]
[learnxinyminutes.com/docs/ms-my/sass-my/index.html]
[learnxinyminutes.com/docs/it-it/git-it/index.html]
[learnxinyminutes.com/docs/pt-pt/git-pt/index.html]
[learnxinyminutes.com/docs/files/learnsass-pt.scss]
[learnxinyminutes.com/docs/pt-br/sass-pt/index.html]
[learnxinyminutes.com/docs/vi-vn/git-vi/index.html]
[learnxinyminutes.com/docs/sk-sk/git/index.html]
[learnxinyminutes.com/docs/files/learnscala.scala]
[learnxinyminutes.com/docs/scala/index.html]
[learnxinyminutes.com/docs/zh-cn/git-cn/index.html]
[learnxinyminutes.com/docs/powershell/index.html]
[learnxinyminutes.com/docs/files/learnscala-de.scala]
[learnxinyminutes.com/docs/de-de/scala-de/github.com/denniskeller]
[learnxinyminutes.com/docs/de-de/scala-de/index.html]
[learnxinyminutes.com/docs/es-es/powershell-es/index.html]
[learnxinyminutes.com/docs/qt/index.html]
[learnxinyminutes.com/docs/files/learnscala-gr.scala]
[learnxinyminutes.com/docs/el-gr/scala-gr/index.html]
[learnxinyminutes.com/docs/files/learnscala-fr.scala]
[learnxinyminutes.com/docs/fr-fr/scala/index.html]
[learnxinyminutes.com/docs/files/learnscala-pt.scala]
[learnxinyminutes.com/docs/pt-pt/scala-pt/index.html]
[learnxinyminutes.com/docs/ruby-ecosystem/index.html]
[learnxinyminutes.com/docs/de-de/ruby-ecosystem-de/index.html]
[learnxinyminutes.com/docs/fr-fr/ruby-ecosystem-fr/index.html]
[learnxinyminutes.com/docs/it-it/ruby-ecosystem-it/index.html]
[learnxinyminutes.com/docs/files/learnscala-zh.scala]
[learnxinyminutes.com/docs/zh-cn/scala-cn/index.html]
[learnxinyminutes.com/docs/files/learnself.self]
[learnxinyminutes.com/docs/self/index.html]
[learnxinyminutes.com/docs/pt-br/ruby-ecosystem-pt/index.html]
[learnxinyminutes.com/docs/files/learnself-es.self]
[learnxinyminutes.com/docs/es-es/self-es/index.html]
[learnxinyminutes.com/docs/vi-vn/ruby-ecosystem-vi/index.html]
[learnxinyminutes.com/docs/files/learnsmallbasic.bas]
[learnxinyminutes.com/docs/smallbasic/index.html]
[learnxinyminutes.com/docs/smalltalk/index.html]
[learnxinyminutes.com/docs/pythonstatcomp/index.html]
[learnxinyminutes.com/docs/es-es/tmux-es/index.html]
[learnxinyminutes.com/docs/fr-fr/tmux-fr/index.html]
[learnxinyminutes.com/docs/tmux/index.html]
[learnxinyminutes.com/docs/files/learnSolidity.sol]
[learnxinyminutes.com/docs/solidity/index.html]
[learnxinyminutes.com/docs/standard-ml/index.html]
[learnxinyminutes.com/docs/pt-br/tmux-pt/index.html]
[learnxinyminutes.com/docs/ru-ru/tmux-ru/index.html]
[learnxinyminutes.com/docs/files/learnswift.swift]
[learnxinyminutes.com/docs/swift/index.html]
[learnxinyminutes.com/docs/files/learnswift-es.swift]
[learnxinyminutes.com/docs/es-es/swift-es/index.html]
[learnxinyminutes.com/docs/pt-br/swift-pt/index.html]
[learnxinyminutes.com/docs/zh-cn/tmux-cn/index.html]
[learnxinyminutes.com/docs/zfs/index.html]
[learnxinyminutes.com/docs/vim/index.html]
[learnxinyminutes.com/docs/files/learnswift-pt.swift]
[learnxinyminutes.com/docs/pt-pt/swift/index.html]
[learnxinyminutes.com/docs/zh-cn/zfs-cn/index.html]
[learnxinyminutes.com/docs/files/learnswift-ru.swift]
[learnxinyminutes.com/docs/ru-ru/swift-ru/index.html]
[learnxinyminutes.com/docs/tr-tr/swift-tr/index.html]
[learnxinyminutes.com/docs/files/learnswift-cn.swift]
[learnxinyminutes.com/docs/zh-cn/swift-cn/index.html]
[learnxinyminutes.com/docs/files/learntcl.tcl]
[learnxinyminutes.com/docs/tcl/index.html]
[learnxinyminutes.com/docs/files/learntcl-de.tcl]
[learnxinyminutes.com/docs/de-de/tcl-de/index.html]
[learnxinyminutes.com/docs/files/learntoml.toml]
[learnxinyminutes.com/docs/toml/index.html]
[learnxinyminutes.com/docs/files/learntypescript.ts]
[learnxinyminutes.com/docs/typescript/javascript.html.markdown]
[learnxinyminutes.com/docs/typescript/index.html]
[learnxinyminutes.com/docs/files/learntypescript-es.ts]
[learnxinyminutes.com/docs/es-es/typescript-es/index.html]
[learnxinyminutes.com/docs/es-es/javascript/index.html]
[learnxinyminutes.com/docs/files/learntypescript-fr.ts]
[learnxinyminutes.com/docs/fr-fr/typescript-fr/index.html]
[learnxinyminutes.com/docs/fr-fr/javascript/index.html]
[learnxinyminutes.com/docs/files/learntypescript-hu.ts]
[learnxinyminutes.com/docs/hu-hu/typescript-hu/index.html]
[learnxinyminutes.com/docs/hu-hu/javascript/index.html]
[learnxinyminutes.com/docs/files/learntypescript-nl.ts]
[learnxinyminutes.com/docs/nl-nl/typescript-nl/index.html]
[learnxinyminutes.com/docs/nl-nl/javascript-nl/index.html]
[learnxinyminutes.com/docs/files/learntypescript-pt.ts]
[learnxinyminutes.com/docs/pt-br/typescript-pt/javascript-pt.html.markdown]
[learnxinyminutes.com/docs/pt-br/typescript-pt/index.html]
[learnxinyminutes.com/docs/pt-br/javascript/index.html]
[learnxinyminutes.com/docs/files/learntypescript-tr.ts]
[learnxinyminutes.com/docs/tr-tr/typescript-tr/index.html]
[learnxinyminutes.com/docs/tr-tr/javascript/index.html]
[learnxinyminutes.com/docs/files/learntypescript-cn.ts]
[learnxinyminutes.com/docs/zh-cn/typescript-cn/index.html]
[learnxinyminutes.com/docs/files/learnvisualbasic.vb]
[learnxinyminutes.com/docs/visualbasic/index.html]
[learnxinyminutes.com/docs/files/learnvisualbasic-es.vb]
[learnxinyminutes.com/docs/es-es/visualbasic-es/index.html]
[learnxinyminutes.com/docs/files/learnvisualbasic-pt.vb]
[learnxinyminutes.com/docs/pt-br/visualbasic-pt/index.html]
[learnxinyminutes.com/docs/files/learnvisualbasic.vb-cn]
[learnxinyminutes.com/docs/zh-cn/visualbasic-cn/index.html]
[learnxinyminutes.com/docs/files/whip.lisp]
[learnxinyminutes.com/docs/whip/index.html]
[learnxinyminutes.com/docs/files/whip-es.lisp]
[learnxinyminutes.com/docs/es-es/whip-es/index.html]
[learnxinyminutes.com/docs/files/learnwolfram.nb]
[learnxinyminutes.com/docs/wolfram/index.html]
[learnxinyminutes.com/docs/files/learnwolfram-fr.nb]
[learnxinyminutes.com/docs/fr-fr/wolfram-fr/index.html]
[learnxinyminutes.com/docs/xml/index.html]
[learnxinyminutes.com/docs/es-es/xml-es/index.html]
[learnxinyminutes.com/docs/files/learnxml.xml]
[learnxinyminutes.com/docs/fr-fr/xml-fr/index.html]
[learnxinyminutes.com/docs/files/learnxml-fr.xml]
[learnxinyminutes.com/docs/id-id/xml-id/index.html]
[learnxinyminutes.com/docs/files/learnxml-id.xml]
[learnxinyminutes.com/docs/ta_in/xml-ta/index.html]
[learnxinyminutes.com/docs/files/learnxml-ta.xml]
[learnxinyminutes.com/docs/ms-my/xml-my/index.html]
[learnxinyminutes.com/docs/files/learnxml-ms.xml]
[learnxinyminutes.com/docs/pl-pl/xml-pl/index.html]
[learnxinyminutes.com/docs/files/learnxml-pl.xml]
[learnxinyminutes.com/docs/pt-br/xml-pt/index.html]
[learnxinyminutes.com/docs/files/learnxml-pt.xml]
[learnxinyminutes.com/docs/ro-ro/xml-ro/index.html]
[learnxinyminutes.com/docs/files/learnxml-ro.xml]
[learnxinyminutes.com/docs/ru-ru/xml-ru/index.html]
[learnxinyminutes.com/docs/files/learnxml-ru.xml]
[learnxinyminutes.com/docs/zh-cn/xml-cn/index.html]
[learnxinyminutes.com/docs/files/learnxml-cn.xml]
[learnxinyminutes.com/docs/files/learnyaml.yaml]
[learnxinyminutes.com/docs/yaml/index.html]
[learnxinyminutes.com/docs/files/learnyaml-de.yaml]
[learnxinyminutes.com/docs/de-de/yaml-de/index.html]
[learnxinyminutes.com/docs/files/learnyaml-es.yaml]
[learnxinyminutes.com/docs/es-es/yaml-es/index.html]
[learnxinyminutes.com/docs/fr-fr/yaml-fr/index.html]
[learnxinyminutes.com/docs/files/learnyaml-hu.yaml]
[learnxinyminutes.com/docs/hu-hu/yaml-hu/index.html]
[learnxinyminutes.com/docs/nl-nl/yaml-nl/index.html]
[learnxinyminutes.com/docs/files/learnyaml-nl.yaml]
[learnxinyminutes.com/docs/files/learnyaml-pt.yaml]
[learnxinyminutes.com/docs/pt-br/yaml-pt/index.html]
[learnxinyminutes.com/docs/files/learnyaml-cn.yaml]
[learnxinyminutes.com/docs/zh-cn/yaml-cn/index.html]
[learnxinyminutes.com/docs/amd/index.html]
[learnxinyminutes.com/docs/files/learnamd.js]
[learnxinyminutes.com/docs/es-es/amd-es/index.html]
[learnxinyminutes.com/docs/files/learnamd-es.js]
[learnxinyminutes.com/docs/hd-hd/amd/index.html]
[learnxinyminutes.com/docs/files/learnamd-hd.js]
[learnxinyminutes.com/docs/pt-br/amd/index.html]
[learnxinyminutes.com/docs/files/learnamd-pt.js]
[learnxinyminutes.com/docs/files/LearnBash.sh]
[learnxinyminutes.com/docs/bash/index.html]
[learnxinyminutes.com/docs/files/LearnBash-de.sh]
[learnxinyminutes.com/docs/de-de/bash-de/index.html]
[learnxinyminutes.com/docs/files/LearnBash-es.sh]
[learnxinyminutes.com/docs/es-es/bash-es/index.html]
[learnxinyminutes.com/docs/files/LearnBash-fr.sh]
[learnxinyminutes.com/docs/fr-fr/bash-fr/index.html]
[learnxinyminutes.com/docs/files/LearnBash-it.sh]
[learnxinyminutes.com/docs/it-it/bash-it/index.html]
[learnxinyminutes.com/docs/files/LearnBash-jp.sh]
[learnxinyminutes.com/docs/ja-jp/bash-jp/index.html]
[learnxinyminutes.com/docs/files/LearnBash-ms.sh]
[learnxinyminutes.com/docs/ms-my/bash-my/index.html]
[learnxinyminutes.com/docs/files/LearnBash-nl.sh]
[learnxinyminutes.com/docs/nl-nl/bash-nl/index.html]
[learnxinyminutes.com/docs/files/LearnBash-no.sh]
[learnxinyminutes.com/docs/no-nb/bash-no/index.html]
[learnxinyminutes.com/docs/files/LearnBash-pt_br.sh]
[learnxinyminutes.com/docs/pt-br/bash-pt/index.html]
[learnxinyminutes.com/docs/files/LearnBash-ro.sh]
[learnxinyminutes.com/docs/ro-ro/bash-ro/index.html]
[learnxinyminutes.com/docs/files/LearnBash-ru.sh]
[learnxinyminutes.com/docs/ru-ru/bash-ru/index.html]
[learnxinyminutes.com/docs/files/LearnBash-sk.sh]
[learnxinyminutes.com/docs/sk-sk/bash/index.html]
[learnxinyminutes.com/docs/uk-ua/bash-ua/index.html]
[learnxinyminutes.com/docs/files/LearnBash-cn.sh]
[learnxinyminutes.com/docs/zh-cn/bash-cn/index.html]
[learnxinyminutes.com/docs/files/LearnBash-tw.sh]
[learnxinyminutes.com/docs/zh-tw/bash-tw/index.html]
[learnxinyminutes.com/docs/files/learncompojure.clj]
[learnxinyminutes.com/docs/compojure/index.html]
[learnxinyminutes.com/docs/files/LearnComposer.sh]
[learnxinyminutes.com/docs/php-composer/index.html]
[learnxinyminutes.com/docs/git/index.html]
[learnxinyminutes.com/docs/de-de/git-de/index.html]
[learnxinyminutes.com/docs/es-es/git-es/index.html]
[learnxinyminutes.com/docs/files/LearnGit.txt]
[learnxinyminutes.com/docs/fr-fr/git-fr/index.html]
[learnxinyminutes.com/docs/files/LearnGit-fr.txt]
[learnxinyminutes.com/docs/it-it/git-it/index.html]
[learnxinyminutes.com/docs/pt-br/git-pt/index.html]
[learnxinyminutes.com/docs/pt-pt/git-pt/index.html]
[learnxinyminutes.com/docs/files/LearnGit-it.txt]
[learnxinyminutes.com/docs/sk-sk/git/index.html]
[learnxinyminutes.com/docs/files/LearnGit-sk.txt]
[learnxinyminutes.com/docs/vi-vn/git-vi/index.html]
[learnxinyminutes.com/docs/zh-cn/git-cn/index.html]
[learnxinyminutes.com/docs/files/LearnGit-vi.txt]
[learnxinyminutes.com/docs/files/LearnPowershell.ps1]
[learnxinyminutes.com/docs/powershell/index.html]
[learnxinyminutes.com/docs/files/LearnPowershell-es.ps1]
[learnxinyminutes.com/docs/es-es/powershell-es/index.html]
[learnxinyminutes.com/docs/files/learnqt.cpp]
[learnxinyminutes.com/docs/qt/index.html]
[learnxinyminutes.com/docs/ruby-ecosystem/index.html]
[learnxinyminutes.com/docs/de-de/ruby-ecosystem-de/index.html]
[learnxinyminutes.com/docs/fr-fr/ruby-ecosystem-fr/index.html]
[learnxinyminutes.com/docs/it-it/ruby-ecosystem-it/index.html]
[learnxinyminutes.com/docs/pt-br/ruby-ecosystem-pt/index.html]
[learnxinyminutes.com/docs/vi-vn/ruby-ecosystem-vi/index.html]
[learnxinyminutes.com/docs/pythonstatcomp/index.html]
[learnxinyminutes.com/docs/tmux/index.html]
[learnxinyminutes.com/docs/files/LearnTmux.txt]
[learnxinyminutes.com/docs/es-es/tmux-es/index.html]
[learnxinyminutes.com/docs/files/LearnTmux-es.txt]
[learnxinyminutes.com/docs/fr-fr/tmux-fr/index.html]
[learnxinyminutes.com/docs/files/LearnTmux-fr.txt]
[learnxinyminutes.com/docs/pt-br/tmux-pt/index.html]
[learnxinyminutes.com/docs/files/LearnTmux-pt.txt]
[learnxinyminutes.com/docs/ru-ru/tmux-ru/index.html]
[learnxinyminutes.com/docs/files/LearnTmux-ru.txt]
[learnxinyminutes.com/docs/zh-cn/tmux-cn/index.html]
[learnxinyminutes.com/docs/files/LearnTmux-cn.txt]
[learnxinyminutes.com/docs/files/LearnVim.txt]
[learnxinyminutes.com/docs/vim/www.vim.org]
[learnxinyminutes.com/docs/vim/index.html]
[learnxinyminutes.com/docs/zfs/index.html]
[learnxinyminutes.com/docs/files/LearnZfs.txt]
[learnxinyminutes.com/docs/zh-cn/zfs-cn/index.html]
[learnxinyminutes.com/docs/files/bf-ro.html]
[learnxinyminutes.com/docs/files/learnclojure-es.clj]
[learnxinyminutes.com/docs/files/learncoffeescript-pt.coffee]
[learnxinyminutes.com/docs/files/LearnZfs-cn.txt]
[learnxinyminutes.com/img-path/img.jpg]
[learnxinyminutes.com/docs/files/learncss.css]
[learnxinyminutes.com/cesta/k/obrazku.jpg]
[learnxinyminutes.com/docs/files/cesta/k/stylu.css]
[learnxinyminutes.com/docs/files/learncss-cz.css]
[learnxinyminutes.com/pfad-zum-bild/image.jpg]
[learnxinyminutes.com/docs/files/filepath/filename.css]
[learnxinyminutes.com/docs/files/learncss-de.css]
[learnxinyminutes.com/ruta-a-la-imagen/imagen.jpg]
[learnxinyminutes.com/docs/files/ruta/archivoDeEstilos.css]
[learnxinyminutes.com/docs/files/learncss-es.css]
[learnxinyminutes.com/folder-gambar/image.jpg]
[learnxinyminutes.com/docs/files/folder/namafile.css]
[learnxinyminutes.com/docs/files/learncss-id.css]
[learnxinyminutes.com/docs/files/path/to/style.css]
[learnxinyminutes.com/docs/files/learncss-ta.css]
[learnxinyminutes.com/docs/files/learncss-pt.css]
[learnxinyminutes.com/path-to-image/image.jpg]
[learnxinyminutes.com/docs/files/learncss-ru.css]
[learnxinyminutes.com/docs/files/learncss-cn.css]
[learnxinyminutes.com/docs/d/www.nickpapanastasiou.github.html]
[learnxinyminutes.com/docs/de-de/d-de/www.nickpapanastasiou.github.html]
[learnxinyminutes.com/docs/de-de/d-de/www.thesuess.html]
[learnxinyminutes.com/docs/fr-fr/d/www.nickpapanastasiou.github.html]
[learnxinyminutes.com/docs/fr-fr/d/aceawan.html]
[learnxinyminutes.com/docs/hd-hd/d/www.nickpapanastasiou.github.html]
[learnxinyminutes.com/docs/files/groovy-es.html]
[learnxinyminutes.com/docs/files/haskell-ro.html]
[learnxinyminutes.com/docs/fr-fr/lua-fr/lua-users.org/files/wiki_insecure/users/thomasl/luarefv51.html]
[learnxinyminutes.com/docs/fr-fr/lua-fr/tylerneylon.html]
[learnxinyminutes.com/docs/zh-cn/lua-cn/craig.roddin@gmail.html]
[learnxinyminutes.com/docs/objective-c/css/normalize.html]
[learnxinyminutes.com/docs/objective-c/css/main.html]
[learnxinyminutes.com/docs/objective-c/js/vendor/modernizr-2.6.1.min.html]
[learnxinyminutes.com/docs/objective-c/www.about.me/yagrushkin.html]
[learnxinyminutes.com/docs/objective-c/js/vendor/jquery-1.8.0.min.html]
[learnxinyminutes.com/docs/objective-c/js/script.html]
[learnxinyminutes.com/docs/es-es/objective-c-es/www.about.me/yagrushkin.html]
[learnxinyminutes.com/docs/fr-fr/objective-c-fr/css/normalize.html]
[learnxinyminutes.com/docs/fr-fr/objective-c-fr/css/main.html]
[learnxinyminutes.com/docs/fr-fr/objective-c-fr/js/vendor/modernizr-2.6.1.min.html]
[learnxinyminutes.com/docs/fr-fr/objective-c-fr/www.about.me/yagrushkin.html]
[learnxinyminutes.com/docs/fr-fr/objective-c-fr/js/vendor/jquery-1.8.0.min.html]
[learnxinyminutes.com/docs/fr-fr/objective-c-fr/js/script.html]
[learnxinyminutes.com/docs/ru-ru/objective-c-ru/css/normalize.html]
[learnxinyminutes.com/docs/ru-ru/objective-c-ru/css/main.html]
[learnxinyminutes.com/docs/ru-ru/objective-c-ru/js/vendor/modernizr-2.6.1.min.html]
[learnxinyminutes.com/docs/ru-ru/objective-c-ru/www.about.me/yagrushkin.html]
[learnxinyminutes.com/docs/ru-ru/objective-c-ru/js/vendor/jquery-1.8.0.min.html]
[learnxinyminutes.com/docs/ru-ru/objective-c-ru/js/script.html]
[learnxinyminutes.com/docs/tr-tr/objective-c-tr/css/normalize.html]
[learnxinyminutes.com/docs/tr-tr/objective-c-tr/css/main.html]
[learnxinyminutes.com/docs/tr-tr/objective-c-tr/js/vendor/modernizr-2.6.1.min.html]
[learnxinyminutes.com/docs/tr-tr/objective-c-tr/www.about.me/yagrushkin.html]
[learnxinyminutes.com/docs/tr-tr/objective-c-tr/js/vendor/jquery-1.8.0.min.html]
[learnxinyminutes.com/docs/tr-tr/objective-c-tr/js/script.html]
[learnxinyminutes.com/docs/vi-vn/objective-c-vi/css/normalize.html]
[learnxinyminutes.com/docs/vi-vn/objective-c-vi/css/main.html]
[learnxinyminutes.com/docs/vi-vn/objective-c-vi/js/vendor/modernizr-2.6.1.min.html]
[learnxinyminutes.com/docs/vi-vn/objective-c-vi/www.about.me/yagrushkin.html]
[learnxinyminutes.com/docs/vi-vn/objective-c-vi/js/vendor/jquery-1.8.0.min.html]
[learnxinyminutes.com/docs/vi-vn/objective-c-vi/js/script.html]
[learnxinyminutes.com/www.kulturproktologie.html]
[learnxinyminutes.com/docs/red/stackoverflow.com/questions/tagged/red.html]
[learnxinyminutes.com/docs/de-de/scala-de/github.com/denniskeller.html]
[learnxinyminutes.com/docs/typescript/javascript.html.html]
[learnxinyminutes.com/docs/es-es/javascript/index.html]
[learnxinyminutes.com/docs/fr-fr/javascript/index.html]
[learnxinyminutes.com/docs/hu-hu/javascript/index.html]
[learnxinyminutes.com/docs/nl-nl/javascript-nl/index.html]
[learnxinyminutes.com/docs/pt-br/javascript/index.html]
[learnxinyminutes.com/docs/pt-br/typescript-pt/javascript-pt.html.html]
[learnxinyminutes.com/docs/tr-tr/javascript/index.html]
[learnxinyminutes.com/docs/files/ruby-ecosystem-de.txt]
[learnxinyminutes.com/docs/vim/www.vim.html]
[learnxinyminutes.com/img-path/img.html]
[learnxinyminutes.com/cesta/k/obrazku.html]
[learnxinyminutes.com/docs/files/cesta/k/stylu.html]
[learnxinyminutes.com/pfad-zum-bild/image.html]
[learnxinyminutes.com/docs/files/filepath/filename.html]
[learnxinyminutes.com/ruta-a-la-imagen/imagen.html]
[learnxinyminutes.com/docs/files/ruta/archivoDeEstilos.html]
[learnxinyminutes.com/folder-gambar/image.html]
[learnxinyminutes.com/docs/files/folder/namafile.html]
[learnxinyminutes.com/docs/files/path/to/style.html]
[learnxinyminutes.com/path-to-image/image.html]
