[blog.thezerobit.com/index.html]
[backblue.gif]
[fade.gif]
[index.html]
[blog.thezerobit.com/index-2.html]
[blog.thezerobit.com/favicon.png]
[blog.thezerobit.com/atom.xml]
[blog.thezerobit.com/2014/06/05/the-flow-of-code.html]
[blog.thezerobit.com/2014/05/25/python-3-is-killing-python.html]
[blog.thezerobit.com/blog/archives/index.html]
[blog.thezerobit.com/2012/09/01/beautiful-quicksort-in-common-lisp.html]
[blog.thezerobit.com/2012/08/26/concurrency-in-common-lisp-with-chanl.html]
[blog.thezerobit.com/2012/07/28/lazy-sequences-in-common-lisp.html]
[blog.thezerobit.com/2012/07/21/immutable-persistent-data-structures-in-common-lisp.html]
[blog.thezerobit.com/index.html]
[blog.thezerobit.com/index-2.html]
[blog.thezerobit.com/images/line-tilef34b.png]
[blog.thezerobit.com/images/noisef34b.png]
[blog.thezerobit.com/images/searchf34b.png]
[blog.thezerobit.com/images/rssf34b.png]
[blog.thezerobit.com/images/emailf34b.png]
[blog.thezerobit.com/stylesheets/screen.css]
[blog.thezerobit.com/images/code_bgf34b.png]
[blog.thezerobit.com/javascripts/modernizr-2.0.js]
[blog.thezerobit.com/assets/jwplayer/player.swf]
[blog.thezerobit.com/assets/jwplayer/glow/glow.xml]
[blog.thezerobit.com/javascripts/octopress.js]
[blog.thezerobit.com/blog/archives/index.html]
[blog.thezerobit.com/2014/06/05/the-flow-of-code.html]
[blog.thezerobit.com/2014/05/25/python-3-is-killing-python.html]
[blog.thezerobit.com/2012/09/01/beautiful-quicksort-in-common-lisp.html]
[blog.thezerobit.com/2012/08/26/concurrency-in-common-lisp-with-chanl.html]
[blog.thezerobit.com/2012/07/28/lazy-sequences-in-common-lisp.html]
[blog.thezerobit.com/2012/07/21/immutable-persistent-data-structures-in-common-lisp.html]
[blog.thezerobit.com/javascripts/libs/jXHR.js]
[blog.thezerobit.com/javascripts/github.js]
[blog.thezerobit.com/blog/archives/index-2.html]
[blog.thezerobit.com/blog/archives/index-2.html]
