[practicaltypography.com/index.html]
[backblue.gif]
[fade.gif]
[index.html]
[practicaltypography.com/index.html]
[practicaltypography.com/styles.css]
[practicaltypography.com/end-credits.html]
[practicaltypography.com/the-scorpion-express.html]
[practicaltypography.com/typography-in-ten-minutes.html]
[practicaltypography.com/summary-of-key-rules.html]
[practicaltypography.com/foreword.html]
[practicaltypography.com/introduction.html]
[practicaltypography.com/how-to-use.html]
[practicaltypography.com/how-to-pay-for-this-book.html]
[practicaltypography.com/why-typography-matters.html]
[practicaltypography.com/what-is-typography.html]
[practicaltypography.com/who-is-typography-for.html]
[practicaltypography.com/why-does-typography-matter.html]
[practicaltypography.com/what-is-good-typography.html]
[practicaltypography.com/where-do-the-rules-come-from.html]
[practicaltypography.com/type-composition.html]
[practicaltypography.com/straight-and-curly-quotes.html]
[practicaltypography.com/one-space-between-sentences.html]
[practicaltypography.com/question-marks-and-exclamation-points.html]
[practicaltypography.com/semicolons-and-colons.html]
[practicaltypography.com/paragraph-and-section-marks.html]
[practicaltypography.com/parentheses-brackets-and-braces.html]
[practicaltypography.com/hyphens-and-dashes.html]
[practicaltypography.com/trademark-and-copyright-symbols.html]
[practicaltypography.com/ampersands.html]
[practicaltypography.com/ellipses.html]
[practicaltypography.com/signature-lines.html]
[practicaltypography.com/apostrophes.html]
[practicaltypography.com/accented-characters.html]
[practicaltypography.com/foot-and-inch-marks.html]
[practicaltypography.com/white-space-characters.html]
[practicaltypography.com/word-spaces.html]
[practicaltypography.com/nonbreaking-spaces.html]
[practicaltypography.com/tabs-and-tab-stops.html]
[practicaltypography.com/hard-line-breaks.html]
[practicaltypography.com/carriage-returns.html]
[practicaltypography.com/hard-page-breaks.html]
[practicaltypography.com/optional-hyphens.html]
[practicaltypography.com/math-symbols.html]
[practicaltypography.com/ligatures.html]
[practicaltypography.com/text-formatting.html]
[practicaltypography.com/underlining.html]
[practicaltypography.com/goofy-fonts.html]
[practicaltypography.com/monospaced-fonts.html]
[practicaltypography.com/system-fonts.html]
[practicaltypography.com/bold-or-italic.html]
[practicaltypography.com/all-caps.html]
[practicaltypography.com/point-size.html]
[practicaltypography.com/headings.html]
[practicaltypography.com/fonts/equity-b.css]
[practicaltypography.com/fonts/equity-a.css]
[practicaltypography.com/letterspacing.html]
[practicaltypography.com/fonts/equity-a.css]
[practicaltypography.com/kerning.html]
[practicaltypography.com/fonts/equity-b.css]
[practicaltypography.com/alternate-figures.html]
[practicaltypography.com/styles.css]
[practicaltypography.com/color.html]
[practicaltypography.com/ordinals.html]
[practicaltypography.com/small-caps.html]
[practicaltypography.com/hierarchical-headings.html]
[practicaltypography.com/web-and-email-addresses.html]
[practicaltypography.com/mixing-fonts.html]
[practicaltypography.com/opentype-features.html]
[practicaltypography.com/times-new-roman.html]
[practicaltypography.com/font-recommendations.html]
[practicaltypography.com/font-basics.html]
[practicaltypography.com/concourse.html]
[practicaltypography.com/equity.html]
[practicaltypography.com/advocate.html]
[practicaltypography.com/triplicate.html]
[practicaltypography.com/times-new-roman-alternatives.html]
[practicaltypography.com/helvetica-and-arial-alternatives.html]
[practicaltypography.com/courier-alternatives.html]
[practicaltypography.com/palatino-alternatives.html]
[practicaltypography.com/verdana-alternatives.html]
[practicaltypography.com/georgia-alternatives.html]
[practicaltypography.com/calibri-alternatives.html]
[practicaltypography.com/cambria-alternatives.html]
[practicaltypography.com/bad-fonts.html]
[practicaltypography.com/minion-alternatives.html]
[practicaltypography.com/centered-text.html]
[practicaltypography.com/page-layout.html]
[practicaltypography.com/justified-text.html]
[practicaltypography.com/first-line-indents.html]
[practicaltypography.com/space-between-paragraphs.html]
[practicaltypography.com/line-spacing.html]
[practicaltypography.com/line-length.html]
[practicaltypography.com/page-margins.html]
[practicaltypography.com/body-text.html]
[practicaltypography.com/hyphenation.html]
[practicaltypography.com/block-quotations.html]
[practicaltypography.com/bulleted-and-numbered-lists.html]
[practicaltypography.com/rules-and-borders.html]
[practicaltypography.com/tables.html]
[practicaltypography.com/space-above-and-below.html]
[practicaltypography.com/widow-and-orphan-control.html]
[practicaltypography.com/keep-lines-together.html]
[practicaltypography.com/keep-with-next-paragraph.html]
[practicaltypography.com/page-break-before.html]
[practicaltypography.com/line-numbers.html]
[practicaltypography.com/columns.html]
[practicaltypography.com/paragraph-and-character-styles.html]
[practicaltypography.com/maxims-of-page-layout.html]
[practicaltypography.com/sample-documents.html]
[practicaltypography.com/research-papers.html]
[practicaltypography.com/letterhead.html]
[practicaltypography.com/business-cards.html]
[practicaltypography.com/grids-of-numbers.html]
[practicaltypography.com/resumes.html]
[practicaltypography.com/presentations.html]
[practicaltypography.com/websites.html]
[practicaltypography.com/appendix.html]
[practicaltypography.com/printers-and-paper.html]
[practicaltypography.com/how-to-make-a-pdf.html]
[practicaltypography.com/typewriter-habits.html]
[practicaltypography.com/common-accented-characters.html]
[practicaltypography.com/identifying-fonts.html]
[practicaltypography.com/bibliography.html]
[practicaltypography.com/charter.html]
[practicaltypography.com/why-theres-no-e-book-or-pdf.html]
[practicaltypography.com/economics-year-one.html]
[practicaltypography.com/why-racket-why-lisp.html]
[practicaltypography.com/billionaires-typewriter.html]
[practicaltypography.com/the-infinite-pixel-screen.html]
[practicaltypography.com/effluents-influence-affluence.html]
[practicaltypography.com/vote-with-your-wallet.html]
[practicaltypography.com/drowning-the-crystal-goblet.html]
[practicaltypography.com/to-pay-or-not-to-pay.html]
[practicaltypography.com/mb-lectures-and-articles.html]
[practicaltypography.com/feed.xml]
[practicaltypography.com/contact.html]
[practicaltypography.com/fonts/1406-fonts.css]
[practicaltypography.com/fonts/1406-fonts.css]
[practicaltypography.com/firefox.css]
[practicaltypography.com/chrome.css]
[practicaltypography.com/end-credits.html]
[practicaltypography.com/images/mb-hedcut.jpg]
[practicaltypography.com/the-scorpion-express.html]
[practicaltypography.com/wessex.html]
[practicaltypography.com/hermes.html]
[practicaltypography.com/herald-gothic.html]
[practicaltypography.com/images/roxy.gif]
[practicaltypography.com/typography-in-ten-minutes.html]
[practicaltypography.com/summary-of-key-rules.html]
[practicaltypography.com/foreword.html]
[practicaltypography.com/introduction.html]
[practicaltypography.com/images/greta.jpg]
[practicaltypography.com/images/skia-steps.gif]
[practicaltypography.com/images/skia-blend.gif]
[practicaltypography.com/how-to-use.html]
[practicaltypography.com/how-to-pay-for-this-book.html]
[practicaltypography.com/why-typography-matters.html]
[practicaltypography.com/index-2.html]
[practicaltypography.com/images/erik.jpg]
[practicaltypography.com/what-is-typography.html]
[practicaltypography.com/who-is-typography-for.html]
[practicaltypography.com/why-google-fonts-arent-really-open-source.html]
[practicaltypography.com/why-does-typography-matter.html]
[practicaltypography.com/what-is-good-typography.html]
[practicaltypography.com/bc58a6.html]
[practicaltypography.com/bc98cd.html]
[practicaltypography.com/where-do-the-rules-come-from.html]
[practicaltypography.com/type-composition.html]
[practicaltypography.com/bcb58c.html]
[practicaltypography.com/bc51ee.html]
[practicaltypography.com/images/tfl-book-cover.gif]
[practicaltypography.com/straight-and-curly-quotes.html]
[practicaltypography.com/one-space-between-sentences.html]
[practicaltypography.com/question-marks-and-exclamation-points.html]
[practicaltypography.com/semicolons-and-colons.html]
[practicaltypography.com/images/roadsign-standard.jpg]
[practicaltypography.com/images/roadsign-script.jpg]
[practicaltypography.com/samples/resume-before-violet.pdf]
[practicaltypography.com/paragraph-and-section-marks.html]
[practicaltypography.com/parentheses-brackets-and-braces.html]
[practicaltypography.com/hyphens-and-dashes.html]
[practicaltypography.com/trademark-and-copyright-symbols.html]
[practicaltypography.com/samples/resume-after.pdf]
[practicaltypography.com/samples/resume-after.png]
[practicaltypography.com/samples/resume-before-violet.png]
[practicaltypography.com/ampersands.html]
[practicaltypography.com/ellipses.html]
[practicaltypography.com/signature-lines.html]
[practicaltypography.com/apostrophes.html]
[practicaltypography.com/images/keyboard.jpg]
[practicaltypography.com/images/typewriter.jpg]
[practicaltypography.com/accented-characters.html]
[practicaltypography.com/foot-and-inch-marks.html]
[practicaltypography.com/white-space-characters.html]
[practicaltypography.com/word-spaces.html]
[practicaltypography.com/nonbreaking-spaces.html]
[practicaltypography.com/tabs-and-tab-stops.html]
[practicaltypography.com/hard-line-breaks.html]
[practicaltypography.com/carriage-returns.html]
[practicaltypography.com/hard-page-breaks.html]
[practicaltypography.com/optional-hyphens.html]
[practicaltypography.com/math-symbols.html]
[practicaltypography.com/ligatures.html]
[practicaltypography.com/images/ampersands.gif]
[practicaltypography.com/text-formatting.html]
[practicaltypography.com/underlining.html]
[practicaltypography.com/goofy-fonts.html]
[practicaltypography.com/monospaced-fonts.html]
[practicaltypography.com/system-fonts.html]
[practicaltypography.com/images/caslon-specimen.jpg]
[practicaltypography.com/bold-or-italic.html]
[practicaltypography.com/all-caps.html]
[practicaltypography.com/point-size.html]
[practicaltypography.com/headings.html]
[practicaltypography.com/letterspacing.html]
[practicaltypography.com/kerning.html]
[practicaltypography.com/color.html]
[practicaltypography.com/alternate-figures.html]
[practicaltypography.com/ordinals.html]
[practicaltypography.com/web-and-email-addresses.html]
[practicaltypography.com/small-caps.html]
[practicaltypography.com/hierarchical-headings.html]
[practicaltypography.com/mixing-fonts.html]
[practicaltypography.com/opentype-features.html]
[practicaltypography.com/times-new-roman.html]
[practicaltypography.com/font-recommendations.html]
[practicaltypography.com/fonts/concourse-t2-figs.css]
[practicaltypography.com/font-basics.html]
[practicaltypography.com/atlas.html]
[practicaltypography.com/lyon.html]
[practicaltypography.com/alright-sans.html]
[practicaltypography.com/equity.html]
[practicaltypography.com/concourse.html]
[practicaltypography.com/triplicate.html]
[practicaltypography.com/harriet.html]
[practicaltypography.com/images/tnr-specimen.jpg]
[practicaltypography.com/images/tally-of-types.jpg]
[practicaltypography.com/images/times-new-roman-sample.gif]
[practicaltypography.com/advocate.html]
[practicaltypography.com/helvetica-and-arial-alternatives.html]
[practicaltypography.com/times-new-roman-alternatives.html]
[practicaltypography.com/palatino-alternatives.html]
[practicaltypography.com/images/plantin-sample.gif]
[practicaltypography.com/images/starling-sample.gif]
[practicaltypography.com/courier-alternatives.html]
[practicaltypography.com/georgia-alternatives.html]
[practicaltypography.com/plantin.html]
[practicaltypography.com/starling.html]
[practicaltypography.com/images/equity-sample.gif]
[practicaltypography.com/verdana-alternatives.html]
[practicaltypography.com/cambria-alternatives.html]
[practicaltypography.com/calibri-alternatives.html]
[practicaltypography.com/minion-alternatives.html]
[practicaltypography.com/images/equity-type-specimen.png]
[practicaltypography.com/bad-fonts.html]
[practicaltypography.com/bccdec.html]
[practicaltypography.com/bc2922.html]
[practicaltypography.com/bc8f9a.html]
[practicaltypography.com/page-layout.html]
[practicaltypography.com/centered-text.html]
[practicaltypography.com/justified-text.html]
[practicaltypography.com/bc003b.html]
[practicaltypography.com/first-line-indents.html]
[practicaltypography.com/bccc04.html]
[practicaltypography.com/bcac15.html]
[practicaltypography.com/bcead8.html]
[practicaltypography.com/space-between-paragraphs.html]
[practicaltypography.com/line-spacing.html]
[practicaltypography.com/line-length.html]
[practicaltypography.com/bc3383.html]
[practicaltypography.com/page-margins.html]
[practicaltypography.com/bc5572.html]
[practicaltypography.com/bc0ecd.html]
[practicaltypography.com/bcae94.html]
[practicaltypography.com/body-text.html]
[practicaltypography.com/hyphenation.html]
[practicaltypography.com/block-quotations.html]
[practicaltypography.com/bcb569.html]
[practicaltypography.com/bulleted-and-numbered-lists.html]
[practicaltypography.com/bc2578.html]
[practicaltypography.com/bc9a86.html]
[practicaltypography.com/bc6949.html]
[practicaltypography.com/images/concourse-type-specimen.png]
[practicaltypography.com/tables.html]
[practicaltypography.com/rules-and-borders.html]
[practicaltypography.com/space-above-and-below.html]
[practicaltypography.com/widow-and-orphan-control.html]
[practicaltypography.com/bc0a26.html]
[practicaltypography.com/bc32c9.html]
[practicaltypography.com/bc1c7b.html]
[practicaltypography.com/bcf599.html]
[practicaltypography.com/keep-lines-together.html]
[practicaltypography.com/keep-with-next-paragraph.html]
[practicaltypography.com/images/triplicate-type-specimen.png]
[practicaltypography.com/page-break-before.html]
[practicaltypography.com/bcf16f.html]
[practicaltypography.com/bc9e23.html]
[practicaltypography.com/bc5279.html]
[practicaltypography.com/columns.html]
[practicaltypography.com/line-numbers.html]
[practicaltypography.com/paragraph-and-character-styles.html]
[practicaltypography.com/bc558d.html]
[practicaltypography.com/images/advocate-type-specimen.png]
[practicaltypography.com/maxims-of-page-layout.html]
[practicaltypography.com/sample-documents.html]
[practicaltypography.com/bc5246.html]
[practicaltypography.com/research-papers.html]
[practicaltypography.com/bcb9ae.html]
[practicaltypography.com/bcb6fc.html]
[practicaltypography.com/letterhead.html]
[practicaltypography.com/resumes.html]
[practicaltypography.com/bcc384.html]
[practicaltypography.com/images/concourse-sample.gif]
[practicaltypography.com/images/atlas-sample.gif]
[practicaltypography.com/business-cards.html]
[practicaltypography.com/grids-of-numbers.html]
[practicaltypography.com/presentations.html]
[practicaltypography.com/images/neue-haas-grotesk-sample.gif]
[practicaltypography.com/websites.html]
[practicaltypography.com/images/frutiger-sample.gif]
[practicaltypography.com/appendix.html]
[practicaltypography.com/neue-haas-grotesk.html]
[practicaltypography.com/frutiger.html]
[practicaltypography.com/printers-and-paper.html]
[practicaltypography.com/how-to-make-a-pdf.html]
[practicaltypography.com/images/tiempos-sample.gif]
[practicaltypography.com/typewriter-habits.html]
[practicaltypography.com/images/palatino-nova-sample.gif]
[practicaltypography.com/common-accented-characters.html]
[practicaltypography.com/tiempos.html]
[practicaltypography.com/palatino-nova.html]
[practicaltypography.com/identifying-fonts.html]
[practicaltypography.com/bibliography.html]
[practicaltypography.com/iowan-old-style.html]
[practicaltypography.com/images/iowan-old-style-sample.gif]
[practicaltypography.com/charter.html]
[practicaltypography.com/why-theres-no-e-book-or-pdf.html]
[practicaltypography.com/images/verdigris-sample.gif]
[practicaltypography.com/economics-year-one.html]
[practicaltypography.com/verdigris.html]
[practicaltypography.com/bembo-book.html]
[practicaltypography.com/why-racket-why-lisp.html]
[practicaltypography.com/billionaires-typewriter.html]
[practicaltypography.com/images/bembo-book-sample.gif]
[practicaltypography.com/images/triplicate-sample.gif]
[practicaltypography.com/the-infinite-pixel-screen.html]
[practicaltypography.com/effluents-influence-affluence.html]
[practicaltypography.com/images/pitch-sample.gif]
[practicaltypography.com/vote-with-your-wallet.html]
[practicaltypography.com/pitch.html]
[practicaltypography.com/source-code-pro.html]
[practicaltypography.com/drowning-the-crystal-goblet.html]
[practicaltypography.com/to-pay-or-not-to-pay.html]
[practicaltypography.com/images/nitti-sample.gif]
[practicaltypography.com/images/source-code-pro-sample.gif]
[practicaltypography.com/mb-lectures-and-articles.html]
[practicaltypography.com/contact.html]
[practicaltypography.com/nitti.html]
[practicaltypography.com/images/index-a.svg]
[practicaltypography.com/images/miller-sample.gif]
[practicaltypography.com/images/harriet-sample.gif]
[practicaltypography.com/miller.html]
[practicaltypography.com/herald-gothic.html]
[practicaltypography.com/wessex.html]
[practicaltypography.com/hermes.html]
[practicaltypography.com/images/ingeborg-sample.gif]
[practicaltypography.com/images/alright-sans-sample.gif]
[practicaltypography.com/index-2.html]
[practicaltypography.com/cufon font.html]
[practicaltypography.com/ingeborg.html]
[practicaltypography.com/images/amplitude-sample.gif]
[practicaltypography.com/why-google-fonts-arent-really-open-source.html]
[practicaltypography.com/bc58a6.html]
[practicaltypography.com/amplitude.html]
[practicaltypography.com/images/colfax-sample.gif]
[practicaltypography.com/bc98cd.html]
[practicaltypography.com/bcb58c.html]
[practicaltypography.com/colfax.html]
[practicaltypography.com/bc51ee.html]
[practicaltypography.com/images/guardian-sample.gif]
[practicaltypography.com/images/butterfly-before.svg]
[practicaltypography.com/images/elena-sample.gif]
[practicaltypography.com/images/butterfly-after.svg]
[practicaltypography.com/elena.html]
[practicaltypography.com/guardian.html]
[practicaltypography.com/images/charter-sample.gif]
[practicaltypography.com/images/speed-limit-75.svg]
[practicaltypography.com/images/interrobang.svg]
[practicaltypography.com/images/metal-type.svg]
[practicaltypography.com/images/ff-tisa-sample.gif]
[practicaltypography.com/images/eszett.svg]
[practicaltypography.com/ff-tisa.html]
[practicaltypography.com/ff-unit.html]
[practicaltypography.com/images/tab-stops.svg]
[practicaltypography.com/images/th-ligature.svg]
[practicaltypography.com/images/ff-unit-sample.gif]
[practicaltypography.com/images/kurtz.svg]
[practicaltypography.com/images/fira-sans-sample.gif]
[practicaltypography.com/fira-sans.html]
[practicaltypography.com/images/kurtzes.svg]
[practicaltypography.com/images/georgia-miller-comparison.svg]
[practicaltypography.com/images/whitney-sample.gif]
[practicaltypography.com/images/lyon-sample.gif]
[practicaltypography.com/images/arial-helvetica-comparison.svg]
[practicaltypography.com/images/emphasis-serif.svg]
[practicaltypography.com/whitney.html]
[practicaltypography.com/images/emphasis-sans.svg]
[practicaltypography.com/images/bookman-sample.gif]
[practicaltypography.com/images/papyrus-sample.gif]
[practicaltypography.com/images/bodoni-sample.gif]
[practicaltypography.com/images/point-size-comparison.svg]
[practicaltypography.com/images/point-size-comparison-2.svg]
[practicaltypography.com/images/letterspacing-example.svg]
[practicaltypography.com/images/copperplate-sample.gif]
[practicaltypography.com/images/letterspacing-example-2.svg]
[practicaltypography.com/images/office-scripts-sample.gif]
[practicaltypography.com/images/free-fonts-sample.gif]
[practicaltypography.com/images/kelmscott.jpg]
[practicaltypography.com/images/blackletter-sample.svg]
[practicaltypography.com/images/kerning-example.svg]
[practicaltypography.com/fonts/concourse-t2-figs.css]
[practicaltypography.com/images/drop-cap.jpg]
[practicaltypography.com/images/hierarchical-headings-example.svg]
[practicaltypography.com/fonts/advocate-extras.css]
[practicaltypography.com/images/hallett-letter.jpg]
[practicaltypography.com/samples/research-paper-before.pdf]
[practicaltypography.com/samples/research-paper-before.png]
[practicaltypography.com/images/hierarchical-headings-example-2.svg]
[practicaltypography.com/atlas.html]
[practicaltypography.com/lyon.html]
[practicaltypography.com/alright-sans.html]
[practicaltypography.com/samples/research-paper-after.png]
[practicaltypography.com/samples/letterhead-before.pdf]
[practicaltypography.com/samples/research-paper-after.pdf]
[practicaltypography.com/samples/letterhead-before.png]
[practicaltypography.com/harriet.html]
[practicaltypography.com/plantin.html]
[practicaltypography.com/starling.html]
[practicaltypography.com/images/concourse-extract.svg]
[practicaltypography.com/samples/letterhead-after.png]
[practicaltypography.com/samples/resume-before.pdf]
[practicaltypography.com/samples/resume-before.png]
[practicaltypography.com/samples/letterhead-after.pdf]
[practicaltypography.com/bccdec.html]
[practicaltypography.com/bc2922.html]
[practicaltypography.com/bc8f9a.html]
[practicaltypography.com/bc003b.html]
[practicaltypography.com/samples/business-card-before.png]
[practicaltypography.com/samples/business-card-after.pdf]
[practicaltypography.com/samples/business-card-after.png]
[practicaltypography.com/samples/business-card-before.pdf]
[practicaltypography.com/bccc04.html]
[practicaltypography.com/bcac15.html]
[practicaltypography.com/bcead8.html]
[practicaltypography.com/bc3383.html]
[practicaltypography.com/samples/number-grid-before.png]
[practicaltypography.com/samples/number-grid-after.pdf]
[practicaltypography.com/samples/number-grid-after.png]
[practicaltypography.com/samples/number-grid-before.pdf]
[practicaltypography.com/bc5572.html]
[practicaltypography.com/bc0ecd.html]
[practicaltypography.com/bcae94.html]
[practicaltypography.com/bcb569.html]
[practicaltypography.com/samples/presentation-before.png]
[practicaltypography.com/bc2578.html]
[practicaltypography.com/samples/presentation-after.pdf]
[practicaltypography.com/samples/presentation-after.png]
[practicaltypography.com/samples/presentation-before.pdf]
[practicaltypography.com/samples/presentation-after-light.pdf]
[practicaltypography.com/bc9a86.html]
[practicaltypography.com/bc6949.html]
[practicaltypography.com/bc0a26.html]
[practicaltypography.com/bc32c9.html]
[practicaltypography.com/samples/presentation-after-light.png]
[practicaltypography.com/images/contrast.png]
[practicaltypography.com/images/website-before.gif]
[practicaltypography.com/bc1c7b.html]
[practicaltypography.com/bcf599.html]
[practicaltypography.com/bcf16f.html]
[practicaltypography.com/images/website-after.gif]
[practicaltypography.com/fonts/charter.zip]
[practicaltypography.com/bc9e23.html]
[practicaltypography.com/bc5279.html]
[practicaltypography.com/python-docs-before/index.html]
[practicaltypography.com/bc558d.html]
[practicaltypography.com/images/reinhardt.jpg]
[practicaltypography.com/images/obi-wan.jpg]
[practicaltypography.com/images/racetrack.jpg]
[practicaltypography.com/bc5246.html]
[practicaltypography.com/python-docs-after/index.html]
[practicaltypography.com/fonts/advocate-extras.css]
[practicaltypography.com/images/selectric-ball.jpg]
[practicaltypography.com/images/desktop.jpg]
[practicaltypography.com/images/olivetti.jpg]
[practicaltypography.com/images/pixels.jpg]
[practicaltypography.com/bcb6fc.html]
[practicaltypography.com/bcb9ae.html]
[practicaltypography.com/images/econ-2-apps.jpg]
[practicaltypography.com/images/econ-2-sites.jpg]
[practicaltypography.com/images/hadrian.jpg]
[practicaltypography.com/images/cantor.jpg]
[practicaltypography.com/bcc384.html]
[practicaltypography.com/images/lampoon.jpg]
[practicaltypography.com/images/crystal-goblet-page.jpg]
[practicaltypography.com/neue-haas-grotesk.html]
[practicaltypography.com/frutiger.html]
[practicaltypography.com/tiempos.html]
[practicaltypography.com/palatino-nova.html]
[practicaltypography.com/iowan-old-style.html]
[practicaltypography.com/verdigris.html]
[practicaltypography.com/bembo-book.html]
[practicaltypography.com/pitch.html]
[practicaltypography.com/source-code-pro.html]
[practicaltypography.com/nitti.html]
[practicaltypography.com/miller.html]
[practicaltypography.com/ingeborg.html]
[practicaltypography.com/amplitude.html]
[practicaltypography.com/colfax.html]
[practicaltypography.com/guardian.html]
[practicaltypography.com/elena.html]
[practicaltypography.com/ff-tisa.html]
[practicaltypography.com/ff-unit.html]
[practicaltypography.com/fira-sans.html]
[practicaltypography.com/whitney.html]
[practicaltypography.com/images/justified-text-sample-1.svg]
[practicaltypography.com/images/justified-text-sample-2.svg]
[practicaltypography.com/python-docs-before/index.html]
[practicaltypography.com/python-docs-after/index.html]
[practicaltypography.com/graylist.html]
[practicaltypography.com/seven-essential-qualities-of-open-source.html]
[practicaltypography.com/graylist.html]
[practicaltypography.com/seven-essential-qualities-of-open-source.html]
[practicaltypography.com/python-docs-before/pygments.css]
[practicaltypography.com/python-docs-before/default.css]
[practicaltypography.com/python-docs-before/default.css]
[practicaltypography.com/python-docs-before/pygments.css]
[practicaltypography.com/python-docs-before/underscore.js]
[practicaltypography.com/python-docs-before/opensearch.xml]
[practicaltypography.com/python-docs-before/sidebar.js]
[practicaltypography.com/python-docs-before/doctools.js]
[practicaltypography.com/python-docs-before/jquery.js]
[practicaltypography.com/about.html]
[practicaltypography.com/copyright.html]
[practicaltypography.com/python-docs-before/py.png]
[practicaltypography.com/python-docs-before/exceptions.html]
[practicaltypography.com/python-docs-before/copybutton.js]
[practicaltypography.com/python-docs-before/constants.html]
[practicaltypography.com/python-docs-before/version_switch.js]
[practicaltypography.com/genindex.html]
[practicaltypography.com/py-modindex.html]
[practicaltypography.com/python-docs-before/repr.html]
[practicaltypography.com/python-docs-before/functions.html]
[practicaltypography.com/reference/compound_stmts.html]
[practicaltypography.com/reference/datamodel.html]
[practicaltypography.com/reference/expressions.html]
[practicaltypography.com/python-docs-before/sys.html]
[practicaltypography.com/python-docs-before/fractions.html]
[practicaltypography.com/python-docs-before/decimal.html]
[practicaltypography.com/python-docs-before/math.html]
[practicaltypography.com/python-docs-before/numbers.html]
[practicaltypography.com/glossary.html]
[practicaltypography.com/python-docs-before/collections.html]
[practicaltypography.com/reference/lexical_analysis.html]
[practicaltypography.com/python-docs-before/re.html]
[practicaltypography.com/python-docs-before/codecs.html]
[practicaltypography.com/python-docs-before/string.html]
[practicaltypography.com/python-docs-before/functools.html]
[practicaltypography.com/python-docs-before/sets.html]
[practicaltypography.com/python-docs-before/os.html]
[practicaltypography.com/python-docs-before/tempfile.html]
[practicaltypography.com/python-docs-before/shutil.html]
[practicaltypography.com/python-docs-before/contextlib.html]
[practicaltypography.com/python-docs-before/fcntl.html]
[practicaltypography.com/reference/simple_stmts.html]
[practicaltypography.com/python-docs-before/struct.html]
[practicaltypography.com/python-docs-before/code.html]
[practicaltypography.com/python-docs-before/types.html]
[practicaltypography.com/contents.html]
[practicaltypography.com/bugs.html]
[practicaltypography.com/_sources/library/stdtypes.html]
[practicaltypography.com/python-docs-after/default.css]
[practicaltypography.com/python-docs-after/default.css]
[practicaltypography.com/python-docs-after/pygments.css]
[practicaltypography.com/python-docs-after/pygments.css]
[practicaltypography.com/python-docs-after/underscore.js]
[practicaltypography.com/python-docs-after/jquery.js]
[practicaltypography.com/python-docs-after/opensearch.xml]
[practicaltypography.com/python-docs-after/doctools.js]
[practicaltypography.com/python-docs-after/sidebar.js]
[practicaltypography.com/python-docs-after/py.png]
[practicaltypography.com/python-docs-after/exceptions.html]
[practicaltypography.com/python-docs-after/constants.html]
[practicaltypography.com/python-docs-after/copybutton.js]
[practicaltypography.com/python-docs-after/version_switch.js]
[practicaltypography.com/python-docs-after/repr.html]
[practicaltypography.com/python-docs-after/functions.html]
[practicaltypography.com/python-docs-after/sys.html]
[practicaltypography.com/python-docs-after/fractions.html]
[practicaltypography.com/python-docs-after/decimal.html]
[practicaltypography.com/python-docs-after/math.html]
[practicaltypography.com/python-docs-after/numbers.html]
[practicaltypography.com/python-docs-after/collections.html]
[practicaltypography.com/python-docs-after/re.html]
[practicaltypography.com/python-docs-after/codecs.html]
[practicaltypography.com/python-docs-after/string.html]
[practicaltypography.com/python-docs-after/functools.html]
[practicaltypography.com/python-docs-after/sets.html]
[practicaltypography.com/python-docs-after/os.html]
[practicaltypography.com/python-docs-after/tempfile.html]
[practicaltypography.com/python-docs-after/shutil.html]
[practicaltypography.com/python-docs-after/contextlib.html]
[practicaltypography.com/python-docs-after/fcntl.html]
[practicaltypography.com/python-docs-after/struct.html]
[practicaltypography.com/python-docs-after/code.html]
[practicaltypography.com/python-docs-after/types.html]
[practicaltypography.com/python-docs-before/basic.css]
[practicaltypography.com/python-docs-before/basic.css]
[practicaltypography.com/python-docs-after/basic.css]
[practicaltypography.com/python-docs-before/file.png]
[practicaltypography.com/python-docs-after/basic.css]
[practicaltypography.com/python-docs-after/file.png]
