[beautifulracket.com/index.html]
[backblue.gif]
[fade.gif]
[index.html]
[beautifulracket.com/img/polboxes-placeholder.png]
[beautifulracket.com/functions.js]
[beautifulracket.com/foreword.html]
[beautifulracket.com/introduction.html]
[beautifulracket.com/setup.html]
[beautifulracket.com/acknowledgments.html]
[beautifulracket.com/clipboard.min.js]
[beautifulracket.com/about-the-author.html]
[beautifulracket.com/legal.html]
[beautifulracket.com/how-to-pay.html]
[beautifulracket.com/why-you-should-pay.html]
[beautifulracket.com/stacker/intro.html]
[beautifulracket.com/funstacker/intro.html]
[beautifulracket.com/stackerizer/intro.html]
[beautifulracket.com/bf/intro.html]
[beautifulracket.com/jsonic/intro.html]
[beautifulracket.com/jsonic-2/intro.html]
[beautifulracket.com/jsonic-3/intro.html]
[beautifulracket.com/wires/intro.html]
[beautifulracket.com/basic/intro.html]
[beautifulracket.com/basic-2/intro.html]
[beautifulracket.com/basic-3/intro.html]
[beautifulracket.com/explainer/booleans-and-conditionals.html]
[beautifulracket.com/explainer/continuations.html]
[beautifulracket.com/explainer/contracts.html]
[beautifulracket.com/explainer/data-structures.html]
[beautifulracket.com/explainer/equality.html]
[beautifulracket.com/explainer/errors-and-exceptions.html]
[beautifulracket.com/explainer/evaluation.html]
[beautifulracket.com/explainer/functions.html]
[beautifulracket.com/explainer/hygiene.html]
[beautifulracket.com/explainer/identifiers.html]
[beautifulracket.com/explainer/importing-and-exporting.html]
[beautifulracket.com/explainer/lang-line.html]
[beautifulracket.com/explainer/lists.html]
[beautifulracket.com/explainer/loops.html]
[beautifulracket.com/explainer/macros.html]
[beautifulracket.com/explainer/modules.html]
[beautifulracket.com/explainer/numbers.html]
[beautifulracket.com/explainer/pairs.html]
[beautifulracket.com/explainer/recursion.html]
[beautifulracket.com/explainer/repl.html]
[beautifulracket.com/explainer/stringlike-types.html]
[beautifulracket.com/explainer/syntax-objects.html]
[beautifulracket.com/explainer/syntax-patterns.html]
[beautifulracket.com/explainer/unit-testing.html]
[beautifulracket.com/appendix/domain-specific-languages.html]
[beautifulracket.com/appendix/from-br-to-racket-base.html]
[beautifulracket.com/appendix/glossary.html]
[beautifulracket.com/appendix/master-recipe.html]
[beautifulracket.com/appendix/racketcon.html]
[beautifulracket.com/appendix/resources.html]
[beautifulracket.com/index.html]
[beautifulracket.com/appendix/why-racket-why-lisp.html]
[beautifulracket.com/styles.css]
[beautifulracket.com/styles.css]
[beautifulracket.com/img/flatt.png]
[beautifulracket.com/index-2.html]
[beautifulracket.com/foreword.html]
[beautifulracket.com/jsonic-3/the-package-server.html]
[beautifulracket.com/introduction.html]
[beautifulracket.com/stacker/index.html]
[beautifulracket.com/setting-the-mac-os-path.html]
[beautifulracket.com/basic/index.html]
[beautifulracket.com/funstacker/index.html]
[beautifulracket.com/setup.html]
[beautifulracket.com/acknowledgments.html]
[beautifulracket.com/bf/index.html]
[beautifulracket.com/stackerizer/index.html]
[beautifulracket.com/mb-hedcut.jpg]
[beautifulracket.com/about-the-author.html]
[beautifulracket.com/legal.html]
[beautifulracket.com/wires/index.html]
[beautifulracket.com/bc5331.html]
[beautifulracket.com/bc89bc.html]
[beautifulracket.com/bcd46d.html]
[beautifulracket.com/bc5e3b.html]
[beautifulracket.com/bce500.html]
[beautifulracket.com/bc7f3a.html]
[beautifulracket.com/how-to-pay.html]
[beautifulracket.com/why-you-should-pay.html]
[beautifulracket.com/stacker/why-make-languages.html]
[beautifulracket.com/stacker/setup.html]
[beautifulracket.com/stacker/the-reader.html]
[beautifulracket.com/stacker/the-expander.html]
[beautifulracket.com/stacker/recap.html]
[beautifulracket.com/stacker/intro.html]
[beautifulracket.com/stacker/source-listing.html]
[beautifulracket.com/funstacker/project-setup.html]
[beautifulracket.com/funstacker/the-rewrite.html]
[beautifulracket.com/funstacker/recap.html]
[beautifulracket.com/funstacker/source-listing.html]
[beautifulracket.com/funstacker/intro.html]
[beautifulracket.com/jsonic-2/unit-tests.html]
[beautifulracket.com/stackerizer/specification-and-setup.html]
[beautifulracket.com/stackerizer/the-expander.html]
[beautifulracket.com/stackerizer/recap.html]
[beautifulracket.com/stackerizer/intro.html]
[beautifulracket.com/stackerizer/source-listing.html]
[beautifulracket.com/bf/grammars-and-parsers.html]
[beautifulracket.com/bf/grammar-notation.html]
[beautifulracket.com/bf/the-parser.html]
[beautifulracket.com/bf/the-tokenizer-and-reader.html]
[beautifulracket.com/bf/an-imperative-expander.html]
[beautifulracket.com/bf/a-functional-expander.html]
[beautifulracket.com/bf/packaging-our-language.html]
[beautifulracket.com/bf/recap.html]
[beautifulracket.com/bf/intro.html]
[beautifulracket.com/bf/source-listing.html]
[beautifulracket.com/jsonic/specification.html]
[beautifulracket.com/jsonic/setup.html]
[beautifulracket.com/jsonic/the-reader.html]
[beautifulracket.com/jsonic/the-tokenizer.html]
[beautifulracket.com/jsonic/the-parser.html]
[beautifulracket.com/jsonic/the-expander.html]
[beautifulracket.com/jsonic/testing-the-language.html]
[beautifulracket.com/jsonic/recap.html]
[beautifulracket.com/jsonic/intro.html]
[beautifulracket.com/jsonic/source-listing.html]
[beautifulracket.com/jsonic-2/setup.html]
[beautifulracket.com/jsonic-2/contracts.html]
[beautifulracket.com/jsonic-2/source-locations.html]
[beautifulracket.com/jsonic-2/drracket-integration.html]
[beautifulracket.com/jsonic-2/syntax-coloring.html]
[beautifulracket.com/jsonic-2/indenting.html]
[beautifulracket.com/jsonic-2/toolbar-buttons.html]
[beautifulracket.com/jsonic-2/recap.html]
[beautifulracket.com/jsonic-2/intro.html]
[beautifulracket.com/jsonic-2/source-listing.html]
[beautifulracket.com/jsonic/index.html]
[beautifulracket.com/jsonic-3/documentation.html]
[beautifulracket.com/jsonic-3/the-info.rkt-file.html]
[beautifulracket.com/jsonic-3/recap.html]
[beautifulracket.com/jsonic-3/source-listing.html]
[beautifulracket.com/jsonic-3/intro.html]
[beautifulracket.com/jsonic-2/index.html]
[beautifulracket.com/wires/specification-and-setup.html]
[beautifulracket.com/wires/the-reader.html]
[beautifulracket.com/wires/the-expander.html]
[beautifulracket.com/wires/testing-the-language.html]
[beautifulracket.com/wires/recap.html]
[beautifulracket.com/wires/source-listing.html]
[beautifulracket.com/wires/intro.html]
[beautifulracket.com/wires/input.txt]
[beautifulracket.com/basic/specification-and-setup.html]
[beautifulracket.com/basic/the-lexer.html]
[beautifulracket.com/basic/the-tokenizer.html]
[beautifulracket.com/basic/the-parser.html]
[beautifulracket.com/basic/the-reader.html]
[beautifulracket.com/basic/the-expander.html]
[beautifulracket.com/basic/testing-the-language.html]
[beautifulracket.com/basic/recap.html]
[beautifulracket.com/basic/source-listing.html]
[beautifulracket.com/basic/intro.html]
[beautifulracket.com/basic/bcg.jpg]
[beautifulracket.com/basic-2/specification-and-setup.html]
[beautifulracket.com/basic-2/the-syntax-colorer.html]
[beautifulracket.com/basic-2/better-line-errors.html]
[beautifulracket.com/basic-2/variables-and-input.html]
[beautifulracket.com/basic-2/expressions.html]
[beautifulracket.com/basic-2/conditionals.html]
[beautifulracket.com/basic-2/subroutines-and-loops.html]
[beautifulracket.com/basic-2/recap.html]
[beautifulracket.com/basic-2/source-listing.html]
[beautifulracket.com/basic-2/intro.html]
[beautifulracket.com/basic-3/specification-and-setup.html]
[beautifulracket.com/basic-3/functions.html]
[beautifulracket.com/basic-3/imports.html]
[beautifulracket.com/basic-3/exports.html]
[beautifulracket.com/basic-3/the-repl.html]
[beautifulracket.com/basic-3/command-line-arguments.html]
[beautifulracket.com/basic-3/recap.html]
[beautifulracket.com/basic-3/intro.html]
[beautifulracket.com/explainer/booleans-and-conditionals.html]
[beautifulracket.com/explainer/continuations.html]
[beautifulracket.com/explainer/contracts.html]
[beautifulracket.com/explainer/data-structures.html]
[beautifulracket.com/basic-3/source-listing.html]
[beautifulracket.com/explainer/equality.html]
[beautifulracket.com/explainer/errors-and-exceptions.html]
[beautifulracket.com/explainer/evaluation.html]
[beautifulracket.com/explainer/functions.html]
[beautifulracket.com/explainer/hygiene.html]
[beautifulracket.com/explainer/identifiers.html]
[beautifulracket.com/explainer/importing-and-exporting.html]
[beautifulracket.com/explainer/lang-line.html]
[beautifulracket.com/explainer/lists.html]
[beautifulracket.com/explainer/loops.html]
[beautifulracket.com/explainer/macros.html]
[beautifulracket.com/explainer/modules.html]
[beautifulracket.com/explainer/numbers.html]
[beautifulracket.com/explainer/pairs.html]
[beautifulracket.com/explainer/recursion.html]
[beautifulracket.com/explainer/repl.html]
[beautifulracket.com/explainer/stringlike-types.html]
[beautifulracket.com/explainer/syntax-object-01.gif]
[beautifulracket.com/explainer/syntax-objects.html]
[beautifulracket.com/explainer/syntax-patterns.html]
[beautifulracket.com/explainer/unit-testing.html]
[beautifulracket.com/appendix/domain-specific-languages.html]
[beautifulracket.com/appendix/from-br-to-racket-base.html]
[beautifulracket.com/appendix/glossary.html]
[beautifulracket.com/appendix/master-recipe.html]
[beautifulracket.com/appendix/racketcon.html]
[beautifulracket.com/appendix/resources.html]
[beautifulracket.com/appendix/racetrack.jpg]
[beautifulracket.com/appendix/why-racket-why-lisp.html]
[beautifulracket.com/index-2.html]
[beautifulracket.com/basic/index.html]
[beautifulracket.com/stacker/index.html]
[beautifulracket.com/jsonic-3/pkg-00.gif]
[beautifulracket.com/jsonic-3/pkg-02.gif]
[beautifulracket.com/jsonic-3/pkg-03.gif]
[beautifulracket.com/jsonic-3/pkg-04.gif]
[beautifulracket.com/jsonic-3/pkg-05.gif]
[beautifulracket.com/jsonic-3/pkg-06.gif]
[beautifulracket.com/jsonic-3/the-package-server.html]
[beautifulracket.com/funstacker/index.html]
[beautifulracket.com/stackerizer/index.html]
[beautifulracket.com/bf/index.html]
[beautifulracket.com/setting-the-mac-os-path.html]
[beautifulracket.com/fonts/feather-v1.1/svg/download.svg]
[beautifulracket.com/wires/index.html]
[beautifulracket.com/bc5331.html]
[beautifulracket.com/bc89bc.html]
[beautifulracket.com/bcd46d.html]
[beautifulracket.com/bc5e3b.html]
[beautifulracket.com/bce500.html]
[beautifulracket.com/bc7f3a.html]
[beautifulracket.com/stacker/why-make-languages.html]
[beautifulracket.com/stacker/setup.html]
[beautifulracket.com/stacker/the-reader.html]
[beautifulracket.com/stacker/binding.gif]
[beautifulracket.com/stacker/the-expander.html]
[beautifulracket.com/stacker/recap.html]
[beautifulracket.com/stacker/stacker-tutorial.zip]
[beautifulracket.com/stacker/source-listing.html]
[beautifulracket.com/funstacker/project-setup.html]
[beautifulracket.com/funstacker/the-rewrite.html]
[beautifulracket.com/funstacker/recap.html]
[beautifulracket.com/funstacker/funstacker-tutorial.zip]
[beautifulracket.com/funstacker/source-listing.html]
[beautifulracket.com/jsonic-2/unit-tests.html]
[beautifulracket.com/stackerizer/specification-and-setup.html]
[beautifulracket.com/stackerizer/the-expander.html]
[beautifulracket.com/stackerizer/recap.html]
[beautifulracket.com/stackerizer/stackerizer-tutorial.zip]
[beautifulracket.com/stackerizer/source-listing.html]
[beautifulracket.com/bf/grammars-and-parsers.html]
[beautifulracket.com/bf/grammar-notation.html]
[beautifulracket.com/bf/the-parser.html]
[beautifulracket.com/bf/the-tokenizer-and-reader.html]
[beautifulracket.com/bf/an-imperative-expander.html]
[beautifulracket.com/bf/a-functional-expander.html]
[beautifulracket.com/bf/packaging-our-language.html]
[beautifulracket.com/jsonic-3/index.html]
[beautifulracket.com/bf/recap.html]
[beautifulracket.com/bf/bf-tutorial.zip]
[beautifulracket.com/bf/source-listing.html]
[beautifulracket.com/jsonic/specification.html]
[beautifulracket.com/jsonic/setup.html]
[beautifulracket.com/jsonic/the-reader.html]
[beautifulracket.com/jsonic/the-tokenizer.html]
[beautifulracket.com/jsonic/the-parser.html]
[beautifulracket.com/jsonic/the-expander.html]
[beautifulracket.com/jsonic/testing-the-language.html]
[beautifulracket.com/jsonic/recap.html]
[beautifulracket.com/jsonic/source-listing.html]
[beautifulracket.com/jsonic/jsonic-tutorial.zip]
[beautifulracket.com/jsonic-2/setup.html]
[beautifulracket.com/jsonic-2/contracts.html]
[beautifulracket.com/jsonic-2/drracket-syntax.gif]
[beautifulracket.com/jsonic-2/source-locations.html]
[beautifulracket.com/jsonic-2/drracket-syntax-y.gif]
[beautifulracket.com/jsonic-2/drracket-integration.html]
[beautifulracket.com/jsonic-2/syntax-coloring.html]
[beautifulracket.com/jsonic-2/indenting.html]
[beautifulracket.com/jsonic-2/drracket-buttons-before.gif]
[beautifulracket.com/jsonic-2/button-01.gif]
[beautifulracket.com/jsonic-2/button-02.gif]
[beautifulracket.com/jsonic-2/button-03.gif]
[beautifulracket.com/jsonic-2/button-04.gif]
[beautifulracket.com/jsonic-2/toolbar-buttons.html]
[beautifulracket.com/jsonic-2/recap.html]
[beautifulracket.com/jsonic-2/jsonic-2-tutorial.zip]
[beautifulracket.com/jsonic-2/source-listing.html]
[beautifulracket.com/jsonic/index.html]
[beautifulracket.com/jsonic-3/preview-01.gif]
[beautifulracket.com/jsonic-3/preview-02.gif]
[beautifulracket.com/jsonic-3/preview-03.gif]
[beautifulracket.com/jsonic-3/preview-04.gif]
[beautifulracket.com/jsonic-3/preview-05.gif]
[beautifulracket.com/jsonic-3/documentation.html]
[beautifulracket.com/jsonic-3/search-results.gif]
[beautifulracket.com/jsonic-3/the-info.rkt-file.html]
[beautifulracket.com/jsonic-3/recap.html]
[beautifulracket.com/jsonic-3/source-listing.html]
[beautifulracket.com/jsonic-3/jsonic-3-tutorial.zip]
[beautifulracket.com/jsonic-2/index.html]
[beautifulracket.com/explainer/unit-tests.html]
[beautifulracket.com/wires/specification-and-setup.html]
[beautifulracket.com/wires/the-reader.html]
[beautifulracket.com/wires/the-expander.html]
[beautifulracket.com/wires/testing-the-language.html]
[beautifulracket.com/wires/recap.html]
[beautifulracket.com/wires/wires-tutorial.zip]
[beautifulracket.com/wires/source-listing.html]
[beautifulracket.com/basic/specification-and-setup.html]
[beautifulracket.com/basic/the-lexer.html]
[beautifulracket.com/basic/the-tokenizer.html]
[beautifulracket.com/basic/lexer-error.gif]
[beautifulracket.com/basic/lexer-error-2.gif]
[beautifulracket.com/basic/the-parser.html]
[beautifulracket.com/basic/parser-error.gif]
[beautifulracket.com/basic/the-reader.html]
[beautifulracket.com/basic/the-expander.html]
[beautifulracket.com/basic/define-error.gif]
[beautifulracket.com/basic/testing-the-language.html]
[beautifulracket.com/basic/recap.html]
[beautifulracket.com/basic/basic-tutorial.zip]
[beautifulracket.com/basic/source-listing.html]
[beautifulracket.com/basic-2/specification-and-setup.html]
[beautifulracket.com/basic-2/basic-2-tutorial-setup.zip]
[beautifulracket.com/basic-2/colorer-01.gif]
[beautifulracket.com/basic-2/colorer-02.gif]
[beautifulracket.com/basic-2/colorer-03.gif]
[beautifulracket.com/basic-2/colorer-04.gif]
[beautifulracket.com/basic-2/the-syntax-colorer.html]
[beautifulracket.com/basic-2/better-line-errors.html]
[beautifulracket.com/basic-2/stx-prop-01.gif]
[beautifulracket.com/basic-2/stx-prop-02.gif]
[beautifulracket.com/basic-2/stx-prop-03.gif]
[beautifulracket.com/basic-2/stx-prop-04.gif]
[beautifulracket.com/basic-2/stx-prop-05.gif]
[beautifulracket.com/basic-2/variables-and-input.html]
[beautifulracket.com/basic-2/expressions.html]
[beautifulracket.com/basic-2/conditionals.html]
[beautifulracket.com/basic-2/subroutines-and-loops.html]
[beautifulracket.com/basic-2/recap.html]
[beautifulracket.com/basic-2/basic-2-tutorial.zip]
[beautifulracket.com/basic-2/source-listing.html]
[beautifulracket.com/basic-3/specification-and-setup.html]
[beautifulracket.com/basic-3/functions.html]
[beautifulracket.com/basic-3/imports.html]
[beautifulracket.com/basic-3/exports.html]
[beautifulracket.com/basic-3/the-repl.html]
[beautifulracket.com/basic-3/command-line-arguments.html]
[beautifulracket.com/basic-3/recap.html]
[beautifulracket.com/basic-3/basic-3-tutorial.zip]
[beautifulracket.com/basic-3/source-listing.html]
[beautifulracket.com/explainer/stringlike-values.html]
[beautifulracket.com/explainer/tests.html]
[beautifulracket.com/explainer/the-repls.html]
[beautifulracket.com/explainer/packages.html]
[beautifulracket.com/appendix/beautifulracket.html]
[beautifulracket.com/appendix/-tutorial-bf.html]
[beautifulracket.com/stacker/project-setup.html]
[beautifulracket.com/bf/parse-tree.svg]
[beautifulracket.com/jsonic-3/index.html]
[beautifulracket.com/jsonic/language-specification.html]
[beautifulracket.com/jsonic/project-setup.html]
[beautifulracket.com/jsonic-2/tests.html]
[beautifulracket.com/jsonic-3/the-info-rkt-file.html]
[beautifulracket.com/jsonic-3/setup.html]
[beautifulracket.com/basic-2/logic-operations.html]
[beautifulracket.com/basic-2/gosub-and-loops.html]
[beautifulracket.com/basic-2/highlighting-run-time-errors.html]
[beautifulracket.com/basic-3/shell-input.html]
