[www.optionsplaybook.com/index.html]
[backblue.gif]
[fade.gif]
[index.html]
[www.optionsplaybook.com/media/css/reset.css]
[www.optionsplaybook.com/media/css/homepage.css]
[www.optionsplaybook.com/media/css/style.css]
[www.optionsplaybook.com/media/css/google.feed.css]
[www.optionsplaybook.com/media/js/jquery.equalheight.js]
[www.optionsplaybook.com/media/js/jquery.cookie.js]
[www.optionsplaybook.com/media/js/jquery.gfeed.js]
[www.optionsplaybook.com/media/js/jquery.app.js]
[www.optionsplaybook.com/media/js/cufon-yui.js]
[www.optionsplaybook.com/media/js/DINOT-Medium_500.font.js]
[www.optionsplaybook.com/h1, h2, .offers h4]
[www.optionsplaybook.com/media/css/carousel.css]
[www.optionsplaybook.com/media/js/jquery.carousel.js]
[www.optionsplaybook.com/media/js/jquery.homepage.js]
[www.optionsplaybook.com/media/images/poweredby.png]
[www.optionsplaybook.com/media/images/chalk.png]
[www.optionsplaybook.com/media/images/graphics/opb_radio_ad.png]
[www.optionsplaybook.com/media/images/graphics/education.png]
[www.optionsplaybook.com/options-introduction/index.html]
[www.optionsplaybook.com/media/images/graphics/btn_signup.png]
[www.optionsplaybook.com/media/images/graphics/ir.png]
[www.optionsplaybook.com/index.html]
[www.optionsplaybook.com/media/images/graphics/overby.png]
[www.optionsplaybook.com/media/css/reset.css]
[www.optionsplaybook.com/rookies-corner/learn-options-trading/index.html]
[www.optionsplaybook.com/media/images/bg_banner_top.png]
[www.optionsplaybook.com/option-strategies/index.html]
[www.optionsplaybook.com/media/images/bg_banner_bottom.png]
[www.optionsplaybook.com/media/images/bg_55.png]
[www.optionsplaybook.com/media/images/bullet_white.png]
[www.optionsplaybook.com/media/images/bg_intro_top.png]
[www.optionsplaybook.com/media/images/bg_intro_bottom.png]
[www.optionsplaybook.com/media/images/bullet_blue.png]
[www.optionsplaybook.com/media/images/bg_panel_top.gif]
[www.optionsplaybook.com/media/images/bg_panel_bottom.gif]
[www.optionsplaybook.com/media/css/homepage.css]
[www.optionsplaybook.com/media/images/bg.jpg]
[www.optionsplaybook.com/managing-positions/index.html]
[www.optionsplaybook.com/media/images/logo.png]
[www.optionsplaybook.com/media/images/bg_arrow_down.png]
[www.optionsplaybook.com/media/images/bg_25.png]
[www.optionsplaybook.com/media/images/bg_gradient_grey.png]
[www.optionsplaybook.com/glossary/index.html]
[www.optionsplaybook.com/media/images/bg_intel_report_header.png]
[www.optionsplaybook.com/media/images/bg_intel_report.png]
[www.optionsplaybook.com/media/images/bg_subnav_current.png]
[www.optionsplaybook.com/media/images/bg_plays.png]
[www.optionsplaybook.com/media/images/bg_max.png]
[www.optionsplaybook.com/media/images/bg_min.png]
[www.optionsplaybook.com/media/images/bg_subnav_arrow.png]
[www.optionsplaybook.com/media/images/graphics/btn_play.png]
[www.optionsplaybook.com/media/css/style.css]
[www.optionsplaybook.com/media/images/bg_arrow_up.png]
[www.optionsplaybook.com/media/css/google.feed.css]
[www.optionsplaybook.com/h1, h2, .html]
[www.optionsplaybook.com/media/images/btn_next.png]
[www.optionsplaybook.com/options-introduction/definitions/index.html]
[www.optionsplaybook.com/media/css/carousel.css]
[www.optionsplaybook.com/media/images/btn_prev.png]
[www.optionsplaybook.com/options-introduction/what-is-volatility/index.html]
[www.optionsplaybook.com/options-introduction/h1, h2, .offers h4]
[www.optionsplaybook.com/media/images/insert_video.png]
[www.optionsplaybook.com/media/images/graphics/options_guy.png]
[www.optionsplaybook.com/media/images/brians_sig.png]
[www.optionsplaybook.com/media/images/graphics/opb_radio_offer.png]
[www.optionsplaybook.com/options-introduction/index.html]
[www.optionsplaybook.com/media/images/intel_report.png]
[www.optionsplaybook.com/rookies-corner/learn-options-trading/h1, h2, .offers h4]
[www.optionsplaybook.com/options-introduction/options-basics/index.html]
[www.optionsplaybook.com/rookies-corner/learn-options-trading/index.html]
[www.optionsplaybook.com/media/images/graphics/fig_call_option.png]
[www.optionsplaybook.com/options-introduction/stock-option-history/index.html]
[www.optionsplaybook.com/options-introduction/option-greeks/index.html]
[www.optionsplaybook.com/option-strategies/h1, h2, .offers h4]
[www.optionsplaybook.com/media/images/graphics/icon_bullish.png]
[www.optionsplaybook.com/options-introduction/index-options/index.html]
[www.optionsplaybook.com/media/images/graphics/icon_bearish.png]
[www.optionsplaybook.com/media/images/graphics/icon_neutral.png]
[www.optionsplaybook.com/options-introduction/closing-option-position/index.html]
[www.optionsplaybook.com/media/images/graphics/icon_question.png]
[www.optionsplaybook.com/media/images/plays/covered_call_small.png]
[www.optionsplaybook.com/options-introduction/open-interest/index.html]
[www.optionsplaybook.com/media/images/plays/protective_put_small.png]
[www.optionsplaybook.com/media/images/plays/collar_small.png]
[www.optionsplaybook.com/media/images/plays/cash_secured_put_small.png]
[www.optionsplaybook.com/options-introduction/options-traders/index.html]
[www.optionsplaybook.com/media/images/plays/long_call_small.png]
[www.optionsplaybook.com/media/images/plays/long_put_small.png]
[www.optionsplaybook.com/media/images/plays/fig_leaf_small.png]
[www.optionsplaybook.com/media/images/plays/long_call_spread_small.png]
[www.optionsplaybook.com/media/images/plays/long_put_spread_small.png]
[www.optionsplaybook.com/media/images/plays/short_call_spread_small.png]
[www.optionsplaybook.com/options-introduction/upcoming-webinars/index.html]
[www.optionsplaybook.com/media/images/plays/short_put_spread_small.png]
[www.optionsplaybook.com/media/images/plays/long_straddle_small.png]
[www.optionsplaybook.com/media/images/plays/long_strangle_small.png]
[www.optionsplaybook.com/media/images/plays/back_spread_calls_small.png]
[www.optionsplaybook.com/media/images/plays/back_spread_puts_small.png]
[www.optionsplaybook.com/media/images/plays/calendar_spread_calls_small.png]
[www.optionsplaybook.com/rookies-corner/writing-covered-calls/index.html]
[www.optionsplaybook.com/media/images/plays/calendar_spread_puts_small.png]
[www.optionsplaybook.com/media/images/plays/diagonal_calls_small.png]
[www.optionsplaybook.com/media/images/plays/diagonal_puts_small.png]
[www.optionsplaybook.com/media/images/plays/long_butterfly_calls_small.png]
[www.optionsplaybook.com/media/images/plays/long_butterfly_puts_small.png]
[www.optionsplaybook.com/media/images/plays/iron_butterfly_small.png]
[www.optionsplaybook.com/media/images/plays/strike_calls_small.png]
[www.optionsplaybook.com/media/images/plays/strike_puts_small.png]
[www.optionsplaybook.com/media/images/plays/inverse_strike_calls_small.png]
[www.optionsplaybook.com/media/images/plays/inverse_strike_puts_small.png]
[www.optionsplaybook.com/rookies-corner/buying-leap-options/index.html]
[www.optionsplaybook.com/media/images/plays/xmas_tree_calls_small.png]
[www.optionsplaybook.com/rookies-corner/cash-secured-puts/index.html]
[www.optionsplaybook.com/media/images/plays/xmas_tree_puts_small.png]
[www.optionsplaybook.com/media/images/plays/long_condor_calls_small.png]
[www.optionsplaybook.com/media/images/plays/long_condor_puts_small.png]
[www.optionsplaybook.com/media/images/plays/iron_condor_small.png]
[www.optionsplaybook.com/media/images/plays/short_call_small.png]
[www.optionsplaybook.com/media/images/plays/short_put_small.png]
[www.optionsplaybook.com/media/images/plays/short_straddle_small.png]
[www.optionsplaybook.com/media/images/plays/short_strangle_small.png]
[www.optionsplaybook.com/media/images/plays/long_combination_small.png]
[www.optionsplaybook.com/media/images/plays/short_combination_small.png]
[www.optionsplaybook.com/media/images/plays/front_spread_calls_small.png]
[www.optionsplaybook.com/media/images/plays/front_spread_puts_small.png]
[www.optionsplaybook.com/option-strategies/index.html]
[www.optionsplaybook.com/media/images/plays/double_diagonal_small.png]
[www.optionsplaybook.com/managing-positions/h1, h2, .offers h4]
[www.optionsplaybook.com/media/images/graphics/rolling_spreads.gif]
[www.optionsplaybook.com/managing-positions/index.html]
[www.optionsplaybook.com/rookies-corner/five-options-trading-mistakes/index.html]
[www.optionsplaybook.com/option-strategies/covered-call/index.html]
[www.optionsplaybook.com/glossary/h1, h2, .offers h4]
[www.optionsplaybook.com/glossary/index.html]
[www.optionsplaybook.com/option-strategies/protective-put/index.html]
[www.optionsplaybook.com/options-introduction/definitions/h1, h2, .offers h4]
[www.optionsplaybook.com/option-strategies/collar-option/index.html]
[www.optionsplaybook.com/option-strategies/cash-secured-put/index.html]
[www.optionsplaybook.com/option-strategies/long-call/index.html]
[www.optionsplaybook.com/options-introduction/definitions/index.html]
[www.optionsplaybook.com/option-strategies/long-put/index.html]
[www.optionsplaybook.com/option-strategies/leveraged-covered-call/index.html]
[www.optionsplaybook.com/option-strategies/long-call-spread/index.html]
[www.optionsplaybook.com/option-strategies/long-put-spread/index.html]
[www.optionsplaybook.com/option-strategies/short-call-spread/index.html]
[www.optionsplaybook.com/options-introduction/what-is-volatility/h1, h2, .offers h4]
[www.optionsplaybook.com/media/images/graphics/wobbly_duck.gif]
[www.optionsplaybook.com/media/images/graphics/volatility_chart.gif]
[www.optionsplaybook.com/option-strategies/long-straddle/index.html]
[www.optionsplaybook.com/option-strategies/short-put-spread/index.html]
[www.optionsplaybook.com/media/images/graphics/normal_distribution.gif]
[www.optionsplaybook.com/media/images/graphics/option_pricing.gif]
[www.optionsplaybook.com/media/images/graphics/standard_deviation.gif]
[www.optionsplaybook.com/options-introduction/what-is-volatility/index.html]
[www.optionsplaybook.com/options-introduction/h1, h2, .html]
[www.optionsplaybook.com/option-strategies/long-strangle/index.html]
[www.optionsplaybook.com/options-introduction/options-basics/h1, h2, .offers h4]
[www.optionsplaybook.com/option-strategies/call-backspread/index.html]
[www.optionsplaybook.com/option-strategies/put-backspread/index.html]
[www.optionsplaybook.com/media/images/graphics/whats_option.gif]
[www.optionsplaybook.com/media/images/graphics/call_options.png]
[www.optionsplaybook.com/media/images/graphics/put_options.png]
[www.optionsplaybook.com/option-strategies/calendar-call-spread/index.html]
[www.optionsplaybook.com/option-strategies/calendar-put-spread/index.html]
[www.optionsplaybook.com/options-introduction/options-basics/index.html]
[www.optionsplaybook.com/options-introduction/stock-option-history/h1, h2, .offers h4]
[www.optionsplaybook.com/media/images/graphics/wayback.gif]
[www.optionsplaybook.com/media/images/graphics/tulips.gif]
[www.optionsplaybook.com/option-strategies/diagonal-call-spread/index.html]
[www.optionsplaybook.com/option-strategies/diagonal-put-spread/index.html]
[www.optionsplaybook.com/media/images/graphics/cboe.gif]
[www.optionsplaybook.com/media/images/graphics/bear.gif]
[www.optionsplaybook.com/options-introduction/stock-option-history/index.html]
[www.optionsplaybook.com/options-introduction/option-greeks/h1, h2, .offers h4]
[www.optionsplaybook.com/media/images/graphics/meet_greeks.gif]
[www.optionsplaybook.com/option-strategies/long-call-butterfly-spread/index.html]
[www.optionsplaybook.com/media/images/graphics/think_about.gif]
[www.optionsplaybook.com/option-strategies/long-put-butterfly-spread/index.html]
[www.optionsplaybook.com/media/images/graphics/alamo.gif]
[www.optionsplaybook.com/media/images/graphics/delta_gamma.gif]
[www.optionsplaybook.com/media/images/graphics/ray_gun.gif]
[www.optionsplaybook.com/media/images/graphics/time_decay.gif]
[www.optionsplaybook.com/media/images/graphics/vega_options.gif]
[www.optionsplaybook.com/media/images/graphics/wheres_rho.gif]
[www.optionsplaybook.com/options-introduction/option-greeks/index.html]
[www.optionsplaybook.com/options-introduction/index-options/h1, h2, .offers h4]
[www.optionsplaybook.com/media/images/graphics/different_strokes.png]
[www.optionsplaybook.com/option-strategies/iron-butterfly/index.html]
[www.optionsplaybook.com/option-strategies/broken-wing-butterfly-call/index.html]
[www.optionsplaybook.com/option-strategies/broken-wing-butterfly-put/index.html]
[www.optionsplaybook.com/options-introduction/index-options/index.html]
[www.optionsplaybook.com/option-strategies/inverse-broken-wing-butterfly-call/index.html]
[www.optionsplaybook.com/option-strategies/inverse-broken-wing-butterfly-put/index.html]
[www.optionsplaybook.com/options-introduction/closing-option-position/h1, h2, .offers h4]
[www.optionsplaybook.com/media/images/graphics/option_outcomes.gif]
[www.optionsplaybook.com/option-strategies/christmas-tree-butterfly-call/index.html]
[www.optionsplaybook.com/option-strategies/christmas-tree-butterfly-put/index.html]
[www.optionsplaybook.com/options-introduction/closing-option-position/index.html]
[www.optionsplaybook.com/options-introduction/open-interest/h1, h2, .offers h4]
[www.optionsplaybook.com/option-strategies/long-call-condor-spread/index.html]
[www.optionsplaybook.com/media/images/graphics/open_interest.gif]
[www.optionsplaybook.com/option-strategies/iron-condor/index.html]
[www.optionsplaybook.com/option-strategies/long-put-condor-spread/index.html]
[www.optionsplaybook.com/options-introduction/open-interest/index.html]
[www.optionsplaybook.com/options-introduction/options-traders/h1, h2, .offers h4]
[www.optionsplaybook.com/media/images/graphics/retail_investors.gif]
[www.optionsplaybook.com/option-strategies/short-call/index.html]
[www.optionsplaybook.com/media/images/graphics/institutional_traders.gif]
[www.optionsplaybook.com/option-strategies/short-put/index.html]
[www.optionsplaybook.com/media/images/graphics/broker_dealers.gif]
[www.optionsplaybook.com/media/images/graphics/market_makers.gif]
[www.optionsplaybook.com/media/images/graphics/exchanges.gif]
[www.optionsplaybook.com/media/images/graphics/where_trade_goes.gif]
[www.optionsplaybook.com/options-introduction/options-traders/index.html]
[www.optionsplaybook.com/option-strategies/short-strangle/index.html]
[www.optionsplaybook.com/option-strategies/short-straddle/index.html]
[www.optionsplaybook.com/option-strategies/synthetic-long-stock/index.html]
[www.optionsplaybook.com/options-introduction/upcoming-webinars/h1, h2, .offers h4]
[www.optionsplaybook.com/media/css/webinars.css]
[www.optionsplaybook.com/media/images/webinars/img_option-blitz.jpg]
[www.optionsplaybook.com/option-strategies/synthetic-short-stock/index.html]
[www.optionsplaybook.com/media/images/webinars/btn_register-optionblitz.jpg]
[www.optionsplaybook.com/option-strategies/call-ratio-vertical-spread/index.html]
[www.optionsplaybook.com/media/images/webinars/img_mmc.jpg]
[www.optionsplaybook.com/media/images/webinars/btn_register-mmc.png]
[www.optionsplaybook.com/media/images/webinars/btn_watch-session-one.jpg]
[www.optionsplaybook.com/option-strategies/put-ratio-vertical-spread/index.html]
[www.optionsplaybook.com/media/images/webinars/btn_watch-session-two.jpg]
[www.optionsplaybook.com/media/images/webinars/btn_watch-session-three.jpg]
[www.optionsplaybook.com/options-introduction/upcoming-webinars/index.html]
[www.optionsplaybook.com/option-strategies/basic-option-strategies/index.html]
[www.optionsplaybook.com/rookies-corner/learn-options-trading/h1, h2, .html]
[www.optionsplaybook.com/option-strategies/double-diagonal-spread/index.html]
[www.optionsplaybook.com/option-strategies/veteran-option-strategies/index.html]
[www.optionsplaybook.com/option-strategies/seasoned-veteran-option-strategies/index.html]
[www.optionsplaybook.com/rookies-corner/writing-covered-calls/h1, h2, .offers h4]
[www.optionsplaybook.com/rookies-corner/writing-covered-calls/index.html]
[www.optionsplaybook.com/option-strategies/advanced-option-strategies/index.html]
[www.optionsplaybook.com/option-strategies/two-leg-plays/index.html]
[www.optionsplaybook.com/option-strategies/three-leg-plays/index.html]
[www.optionsplaybook.com/option-strategies/one-leg-plays/index.html]
[www.optionsplaybook.com/rookies-corner/buying-leap-options/h1, h2, .offers h4]
[www.optionsplaybook.com/rookies-corner/buying-leap-options/index.html]
[www.optionsplaybook.com/managing-positions/rolling-covered-calls/index.html]
[www.optionsplaybook.com/managing-positions/rolling-cash-secured-puts/index.html]
[www.optionsplaybook.com/managing-positions/rolling-short-spreads/index.html]
[www.optionsplaybook.com/option-strategies/four-leg-plays/index.html]
[www.optionsplaybook.com/rookies-corner/cash-secured-puts/h1, h2, .offers h4]
[www.optionsplaybook.com/rookies-corner/cash-secured-puts/index.html]
[www.optionsplaybook.com/managing-positions/early-options-exercise/index.html]
[www.optionsplaybook.com/managing-positions/position-delta/index.html]
[www.optionsplaybook.com/rookies-corner/five-options-trading-mistakes/h1, h2, .offers h4]
[www.optionsplaybook.com/rookies-corner/five-options-trading-mistakes/index.html]
[www.optionsplaybook.com/option-strategies/h1, h2, .html]
[www.optionsplaybook.com/option-strategies/covered-call/h1, h2, .offers h4]
[www.optionsplaybook.com/media/images/graphics/btn_trade.png]
[www.optionsplaybook.com/media/images/plays/covered_call_big.png]
[www.optionsplaybook.com/option-strategies/covered-call/index.html]
[www.optionsplaybook.com/media/images/graphics/btn_login.png]
[www.optionsplaybook.com/option-strategies/protective-put/h1, h2, .offers h4]
[www.optionsplaybook.com/option-strategies/protective-put/index.html]
[www.optionsplaybook.com/media/images/plays/protective_put_big.png]
[www.optionsplaybook.com/option-strategies/collar-option/h1, h2, .offers h4]
[www.optionsplaybook.com/option-strategies/collar-option/index.html]
[www.optionsplaybook.com/media/images/plays/collar_big.png]
[www.optionsplaybook.com/option-strategies/cash-secured-put/h1, h2, .offers h4]
[www.optionsplaybook.com/option-strategies/cash-secured-put/index.html]
[www.optionsplaybook.com/media/images/plays/cash_secured_put_big.png]
[www.optionsplaybook.com/option-strategies/long-call/h1, h2, .offers h4]
[www.optionsplaybook.com/option-strategies/long-call/index.html]
[www.optionsplaybook.com/media/images/plays/long_call_big.png]
[www.optionsplaybook.com/option-strategies/long-put/h1, h2, .offers h4]
[www.optionsplaybook.com/option-strategies/long-put/index.html]
[www.optionsplaybook.com/media/images/plays/long_put_big.png]
[www.optionsplaybook.com/option-strategies/leveraged-covered-call/h1, h2, .offers h4]
[www.optionsplaybook.com/media/images/plays/fig_leaf_big.png]
[www.optionsplaybook.com/media/images/graphics/figleaf.gif]
[www.optionsplaybook.com/option-strategies/leveraged-covered-call/index.html]
[www.optionsplaybook.com/option-strategies/long-call-spread/h1, h2, .offers h4]
[www.optionsplaybook.com/option-strategies/long-call-spread/index.html]
[www.optionsplaybook.com/media/images/plays/long_call_spread_big.png]
[www.optionsplaybook.com/option-strategies/long-put-spread/h1, h2, .offers h4]
[www.optionsplaybook.com/option-strategies/long-put-spread/index.html]
[www.optionsplaybook.com/media/images/plays/long_put_spread_big.png]
[www.optionsplaybook.com/option-strategies/short-call-spread/h1, h2, .offers h4]
[www.optionsplaybook.com/option-strategies/short-call-spread/index.html]
[www.optionsplaybook.com/media/images/plays/short_call_spread_big.png]
[www.optionsplaybook.com/option-strategies/short-put-spread/h1, h2, .offers h4]
[www.optionsplaybook.com/option-strategies/short-put-spread/index.html]
[www.optionsplaybook.com/media/images/plays/short_put_spread_big.png]
[www.optionsplaybook.com/option-strategies/long-straddle/h1, h2, .offers h4]
[www.optionsplaybook.com/option-strategies/long-straddle/index.html]
[www.optionsplaybook.com/media/images/plays/long_straddle_big.png]
[www.optionsplaybook.com/option-strategies/long-strangle/h1, h2, .offers h4]
[www.optionsplaybook.com/media/images/plays/long_strangle_big.png]
[www.optionsplaybook.com/option-strategies/long-strangle/index.html]
[www.optionsplaybook.com/option-strategies/call-backspread/h1, h2, .offers h4]
[www.optionsplaybook.com/option-strategies/call-backspread/index.html]
[www.optionsplaybook.com/media/images/plays/back_spread_calls_big.png]
[www.optionsplaybook.com/option-strategies/put-backspread/h1, h2, .offers h4]
[www.optionsplaybook.com/option-strategies/put-backspread/index.html]
[www.optionsplaybook.com/media/images/plays/back_spread_puts_big.png]
[www.optionsplaybook.com/option-strategies/calendar-call-spread/h1, h2, .offers h4]
[www.optionsplaybook.com/option-strategies/calendar-call-spread/index.html]
[www.optionsplaybook.com/media/images/plays/calendar_spread_calls_big.png]
[www.optionsplaybook.com/option-strategies/calendar-put-spread/h1, h2, .offers h4]
[www.optionsplaybook.com/option-strategies/calendar-put-spread/index.html]
[www.optionsplaybook.com/option-strategies/diagonal-call-spread/h1, h2, .offers h4]
[www.optionsplaybook.com/option-strategies/diagonal-call-spread/index.html]
[www.optionsplaybook.com/media/images/plays/diagonal_calls_big.png]
[www.optionsplaybook.com/option-strategies/diagonal-put-spread/h1, h2, .offers h4]
[www.optionsplaybook.com/option-strategies/diagonal-put-spread/index.html]
[www.optionsplaybook.com/media/images/plays/diagonal_puts_big.png]
[www.optionsplaybook.com/option-strategies/long-call-butterfly-spread/h1, h2, .offers h4]
[www.optionsplaybook.com/option-strategies/long-call-butterfly-spread/index.html]
[www.optionsplaybook.com/media/images/plays/long_butterfly_calls_big.png]
[www.optionsplaybook.com/option-strategies/long-put-butterfly-spread/h1, h2, .offers h4]
[www.optionsplaybook.com/option-strategies/long-put-butterfly-spread/index.html]
[www.optionsplaybook.com/media/images/plays/long_butterfly_puts_big.png]
[www.optionsplaybook.com/option-strategies/iron-butterfly/h1, h2, .offers h4]
[www.optionsplaybook.com/media/images/plays/iron_butterfly_big.png]
[www.optionsplaybook.com/option-strategies/iron-butterfly/index.html]
[www.optionsplaybook.com/option-strategies/broken-wing-butterfly-call/h1, h2, .offers h4]
[www.optionsplaybook.com/option-strategies/broken-wing-butterfly-call/index.html]
[www.optionsplaybook.com/media/images/plays/strike_calls_big.png]
[www.optionsplaybook.com/option-strategies/broken-wing-butterfly-put/h1, h2, .offers h4]
[www.optionsplaybook.com/option-strategies/broken-wing-butterfly-put/index.html]
[www.optionsplaybook.com/media/images/plays/strike_puts_big.png]
[www.optionsplaybook.com/option-strategies/inverse-broken-wing-butterfly-call/h1, h2, .offers h4]
[www.optionsplaybook.com/option-strategies/inverse-broken-wing-butterfly-call/index.html]
[www.optionsplaybook.com/media/images/plays/inverse_strike_calls_big.png]
[www.optionsplaybook.com/option-strategies/inverse-broken-wing-butterfly-put/h1, h2, .offers h4]
[www.optionsplaybook.com/option-strategies/inverse-broken-wing-butterfly-put/index.html]
[www.optionsplaybook.com/media/images/plays/inverse_strike_puts_big.png]
[www.optionsplaybook.com/option-strategies/christmas-tree-butterfly-call/h1, h2, .offers h4]
[www.optionsplaybook.com/option-strategies/christmas-tree-butterfly-call/index.html]
[www.optionsplaybook.com/media/images/plays/xmas_tree_calls_big.png]
[www.optionsplaybook.com/option-strategies/christmas-tree-butterfly-put/h1, h2, .offers h4]
[www.optionsplaybook.com/option-strategies/christmas-tree-butterfly-put/index.html]
[www.optionsplaybook.com/media/images/plays/xmas_tree_puts_big.png]
[www.optionsplaybook.com/option-strategies/long-call-condor-spread/h1, h2, .offers h4]
[www.optionsplaybook.com/media/images/plays/long_condor_calls_big.png]
[www.optionsplaybook.com/option-strategies/long-call-condor-spread/index.html]
[www.optionsplaybook.com/option-strategies/long-put-condor-spread/h1, h2, .offers h4]
[www.optionsplaybook.com/option-strategies/long-put-condor-spread/index.html]
[www.optionsplaybook.com/media/images/plays/long_condor_puts_big.png]
[www.optionsplaybook.com/option-strategies/iron-condor/h1, h2, .offers h4]
[www.optionsplaybook.com/media/images/plays/iron_condor_big.png]
[www.optionsplaybook.com/option-strategies/iron-condor/index.html]
[www.optionsplaybook.com/option-strategies/short-call/h1, h2, .fe.delayed]
[www.optionsplaybook.com/option-strategies/short-call/index.html]
[www.optionsplaybook.com/media/images/plays/short_call_big.png]
[www.optionsplaybook.com/option-strategies/short-put/h1, h2, .offers h4]
[www.optionsplaybook.com/option-strategies/short-put/index.html]
[www.optionsplaybook.com/media/images/plays/short_put_big.png]
[www.optionsplaybook.com/option-strategies/short-straddle/h1, h2, .offers h4]
[www.optionsplaybook.com/option-strategies/short-straddle/index.html]
[www.optionsplaybook.com/media/images/plays/short_straddle_big.png]
[www.optionsplaybook.com/option-strategies/short-strangle/h1, h2, .offers h4]
[www.optionsplaybook.com/option-strategies/short-strangle/index.html]
[www.optionsplaybook.com/media/images/plays/short_strangle_big.png]
[www.optionsplaybook.com/option-strategies/synthetic-long-stock/h1, h2, .offers h4]
[www.optionsplaybook.com/option-strategies/synthetic-long-stock/index.html]
[www.optionsplaybook.com/media/images/plays/long_combination_big.png]
[www.optionsplaybook.com/option-strategies/synthetic-short-stock/h1, h2, .offers h4]
[www.optionsplaybook.com/option-strategies/synthetic-short-stock/index.html]
[www.optionsplaybook.com/media/images/plays/short_combination_big.png]
[www.optionsplaybook.com/option-strategies/call-ratio-vertical-spread/h1, h2, .offers h4]
[www.optionsplaybook.com/option-strategies/call-ratio-vertical-spread/index.html]
[www.optionsplaybook.com/media/images/plays/front_spread_calls_big.png]
[www.optionsplaybook.com/option-strategies/put-ratio-vertical-spread/h1, h2, .offers h4]
[www.optionsplaybook.com/option-strategies/put-ratio-vertical-spread/index.html]
[www.optionsplaybook.com/media/images/plays/front_spread_puts_big.png]
[www.optionsplaybook.com/option-strategies/double-diagonal-spread/h1, h2, .offers h4]
[www.optionsplaybook.com/option-strategies/double-diagonal-spread/index.html]
[www.optionsplaybook.com/media/images/plays/double_diagonal_big.png]
[www.optionsplaybook.com/option-strategies/basic-option-strategies/h1, h2, .offers h4]
[www.optionsplaybook.com/option-strategies/basic-option-strategies/index.html]
[www.optionsplaybook.com/option-strategies/veteran-option-strategies/h1, h2, .offers h4]
[www.optionsplaybook.com/option-strategies/veteran-option-strategies/index.html]
[www.optionsplaybook.com/option-strategies/seasoned-veteran-option-strategies/h1, h2, .offers h4]
[www.optionsplaybook.com/option-strategies/seasoned-veteran-option-strategies/index.html]
[www.optionsplaybook.com/option-strategies/advanced-option-strategies/h1, h2, .offers h4]
[www.optionsplaybook.com/option-strategies/advanced-option-strategies/index.html]
[www.optionsplaybook.com/option-strategies/one-leg-plays/h1, h2, .offers h4]
[www.optionsplaybook.com/option-strategies/one-leg-plays/index.html]
[www.optionsplaybook.com/option-strategies/two-leg-plays/h1, h2, .offers h4]
[www.optionsplaybook.com/option-strategies/two-leg-plays/index.html]
[www.optionsplaybook.com/option-strategies/three-leg-plays/h1, h2, .offers h4]
[www.optionsplaybook.com/option-strategies/three-leg-plays/index.html]
[www.optionsplaybook.com/option-strategies/four-leg-plays/h1, h2, .offers h4]
[www.optionsplaybook.com/option-strategies/four-leg-plays/index.html]
[www.optionsplaybook.com/managing-positions/h1, h2, .html]
[www.optionsplaybook.com/managing-positions/rolling-covered-calls/h1, h2, .offers h4]
[www.optionsplaybook.com/managing-positions/rolling-covered-calls/index.html]
[www.optionsplaybook.com/media/images/graphics/rolling_call.gif]
[www.optionsplaybook.com/managing-positions/rolling-cash-secured-puts/h1, h2, .offers h4]
[www.optionsplaybook.com/managing-positions/rolling-cash-secured-puts/index.html]
[www.optionsplaybook.com/media/images/graphics/rolling_put.gif]
[www.optionsplaybook.com/managing-positions/rolling-short-spreads/h1, h2, .offers h4]
[www.optionsplaybook.com/media/images/graphics/selling_short_call.gif]
[www.optionsplaybook.com/media/images/graphics/rolling_short_call.gif]
[www.optionsplaybook.com/managing-positions/rolling-short-spreads/index.html]
[www.optionsplaybook.com/managing-positions/early-options-exercise/h1, h2, .offers h4]
[www.optionsplaybook.com/media/images/graphics/early_exercise.gif]
[www.optionsplaybook.com/media/images/graphics/bread.gif]
[www.optionsplaybook.com/media/images/graphics/french_bread.gif]
[www.optionsplaybook.com/managing-positions/early-options-exercise/index.html]
[www.optionsplaybook.com/managing-positions/position-delta/h1, h2, .offers h4]
[www.optionsplaybook.com/media/images/graphics/pos_delta_ex_1.gif]
[www.optionsplaybook.com/media/images/graphics/pos_delta_ex_2.gif]
[www.optionsplaybook.com/managing-positions/position-delta/index.html]
[www.optionsplaybook.com/glossary/h1, h2, .html]
[www.optionsplaybook.com/options-introduction/definitions/h1, h2, .html]
[www.optionsplaybook.com/options-introduction/what-is-volatility/h1, h2, .html]
[www.optionsplaybook.com/options-introduction/options-basics/h1, h2, .html]
[www.optionsplaybook.com/options-introduction/stock-option-history/h1, h2, .html]
[www.optionsplaybook.com/options-introduction/option-greeks/h1, h2, .html]
[www.optionsplaybook.com/options-introduction/index-options/h1, h2, .html]
[www.optionsplaybook.com/options-introduction/closing-option-position/h1, h2, .html]
[www.optionsplaybook.com/options-introduction/open-interest/h1, h2, .html]
[www.optionsplaybook.com/options-introduction/options-traders/h1, h2, .html]
[www.optionsplaybook.com/options-introduction/upcoming-webinars/h1, h2, .html]
[www.optionsplaybook.com/media/images/webinars/btn-ar-whit.png]
[www.optionsplaybook.com/media/css/webinars.css]
[www.optionsplaybook.com/media/images/webinars/taketheoptions_pic.png]
[www.optionsplaybook.com/rookies-corner/writing-covered-calls/h1, h2, .html]
[www.optionsplaybook.com/rookies-corner/buying-leap-options/h1, h2, .html]
[www.optionsplaybook.com/rookies-corner/cash-secured-puts/h1, h2, .html]
[www.optionsplaybook.com/rookies-corner/five-options-trading-mistakes/h1, h2, .html]
[www.optionsplaybook.com/option-strategies/covered-call/h1, h2, .html]
[www.optionsplaybook.com/option-strategies/protective-put/h1, h2, .html]
[www.optionsplaybook.com/option-strategies/collar-option/h1, h2, .html]
[www.optionsplaybook.com/option-strategies/cash-secured-put/h1, h2, .html]
[www.optionsplaybook.com/option-strategies/long-call/h1, h2, .html]
[www.optionsplaybook.com/option-strategies/long-put/h1, h2, .html]
[www.optionsplaybook.com/option-strategies/leveraged-covered-call/h1, h2, .html]
[www.optionsplaybook.com/option-strategies/long-call-spread/h1, h2, .html]
[www.optionsplaybook.com/option-strategies/long-put-spread/h1, h2, .html]
[www.optionsplaybook.com/option-strategies/short-call-spread/h1, h2, .html]
[www.optionsplaybook.com/option-strategies/short-put-spread/h1, h2, .html]
[www.optionsplaybook.com/option-strategies/long-straddle/h1, h2, .html]
[www.optionsplaybook.com/option-strategies/long-strangle/h1, h2, .html]
[www.optionsplaybook.com/option-strategies/call-backspread/h1, h2, .html]
[www.optionsplaybook.com/option-strategies/put-backspread/h1, h2, .html]
[www.optionsplaybook.com/option-strategies/calendar-call-spread/h1, h2, .html]
[www.optionsplaybook.com/option-strategies/calendar-put-spread/h1, h2, .html]
[www.optionsplaybook.com/option-strategies/diagonal-call-spread/h1, h2, .html]
[www.optionsplaybook.com/option-strategies/diagonal-put-spread/h1, h2, .html]
[www.optionsplaybook.com/option-strategies/long-call-butterfly-spread/h1, h2, .html]
[www.optionsplaybook.com/option-strategies/long-put-butterfly-spread/h1, h2, .html]
[www.optionsplaybook.com/option-strategies/iron-butterfly/h1, h2, .html]
[www.optionsplaybook.com/option-strategies/broken-wing-butterfly-call/h1, h2, .html]
[www.optionsplaybook.com/option-strategies/broken-wing-butterfly-put/h1, h2, .html]
[www.optionsplaybook.com/option-strategies/inverse-broken-wing-butterfly-call/h1, h2, .html]
[www.optionsplaybook.com/option-strategies/inverse-broken-wing-butterfly-put/h1, h2, .html]
[www.optionsplaybook.com/option-strategies/christmas-tree-butterfly-call/h1, h2, .html]
[www.optionsplaybook.com/option-strategies/christmas-tree-butterfly-put/h1, h2, .html]
[www.optionsplaybook.com/option-strategies/long-call-condor-spread/h1, h2, .html]
[www.optionsplaybook.com/option-strategies/long-put-condor-spread/h1, h2, .html]
[www.optionsplaybook.com/option-strategies/iron-condor/h1, h2, .html]
[www.optionsplaybook.com/option-strategies/short-call/h1, h2, .html]
[www.optionsplaybook.com/option-strategies/short-put/h1, h2, .html]
[www.optionsplaybook.com/option-strategies/short-straddle/h1, h2, .html]
[www.optionsplaybook.com/option-strategies/short-strangle/h1, h2, .html]
[www.optionsplaybook.com/option-strategies/synthetic-long-stock/h1, h2, .html]
[www.optionsplaybook.com/option-strategies/synthetic-short-stock/h1, h2, .html]
[www.optionsplaybook.com/option-strategies/call-ratio-vertical-spread/h1, h2, .html]
[www.optionsplaybook.com/option-strategies/put-ratio-vertical-spread/h1, h2, .html]
[www.optionsplaybook.com/option-strategies/double-diagonal-spread/h1, h2, .html]
[www.optionsplaybook.com/option-strategies/basic-option-strategies/h1, h2, .html]
[www.optionsplaybook.com/option-strategies/veteran-option-strategies/h1, h2, .html]
[www.optionsplaybook.com/option-strategies/seasoned-veteran-option-strategies/h1, h2, .html]
[www.optionsplaybook.com/option-strategies/advanced-option-strategies/h1, h2, .html]
[www.optionsplaybook.com/option-strategies/one-leg-plays/h1, h2, .html]
[www.optionsplaybook.com/option-strategies/two-leg-plays/h1, h2, .html]
[www.optionsplaybook.com/option-strategies/three-leg-plays/h1, h2, .html]
[www.optionsplaybook.com/option-strategies/four-leg-plays/h1, h2, .html]
[www.optionsplaybook.com/managing-positions/rolling-covered-calls/h1, h2, .html]
[www.optionsplaybook.com/managing-positions/rolling-cash-secured-puts/h1, h2, .html]
[www.optionsplaybook.com/managing-positions/rolling-short-spreads/h1, h2, .html]
[www.optionsplaybook.com/managing-positions/early-options-exercise/h1, h2, .html]
[www.optionsplaybook.com/managing-positions/position-delta/h1, h2, .html]
