[backblue.gif]
[fade.gif]
[index.html]
[nicklevine.org/index.html]
[nicklevine.org/ilc2014/pplus/talk.pdf]
[nicklevine.org/la-finca/index.html]
[nicklevine.org/claude/paper.pdf]
[nicklevine.org/sums/OnLatticesIsomorphictotheirIdealLattices.pdf]
[nicklevine.org/claude/index.html]
[nicklevine.org/cl-log/index.html]
[nicklevine.org/play/xhtml.html]
[nicklevine.org/sums/SuperconvergentRecoveryoftheGradientfromPiecewiseLinearFinite-elementApproximations.pdf]
[nicklevine.org/nick_levine.jpg]
[nicklevine.org/la-finca/map.jpg]
[nicklevine.org/la-finca/turnoff.jpg]
[www.nicklevine.org/lisp-book/index.html]
[nicklevine.org/la-finca/from-distance.jpg]
[nicklevine.org/la-finca/from-distance-thumb.jpg]
[nicklevine.org/la-finca/bear-right.jpg]
[nicklevine.org/la-finca/finca.jpg]
[www.nicklevine.org/declarative/lectures/index.html]
[nicklevine.org/la-finca/bear-left.jpg]
[nicklevine.org/la-finca/climb.jpg]
[nicklevine.org/claude/claude-1.0.2.zip]
[www.nicklevine.org/ilc2003/index.html]
[nicklevine.org/claude/slides.txt]
[www.nicklevine.org/ilc2002/index.html]
[nicklevine.org/cl-log/master/doc/index.txt]
[nicklevine.org/cl-log/cl-log-latest.tar.gz]
[www.nicklevine.org/lisp-book/contents/chgo.pdf]
[nicklevine.org/play/patching-made-easy.html]
[www.nicklevine.org/lisp-book/contents/chgc.pdf]
[www.nicklevine.org/lisp-book/contents/chopt.pdf]
[www.nicklevine.org/lisp-book/contents/chhttp.pdf]
[www.nicklevine.org/lisp-book/talks/eclm-2011-10-23/slides.txt]
[nicklevine.org/cl-rabbit/index.html]
[www.nicklevine.org/lisp-book/talks/eclm-2011-10-23/plan.txt]
[www.nicklevine.org/lisp-book/cover.png]
[nicklevine.org/jfli/index.html]
[www.nicklevine.org/lisp-book/contents/chbasic.pdf]
[www.nicklevine.org/lisp-book/contents/chac.pdf]
[www.nicklevine.org/lisp-book/contents/chac2.pdf]
[www.nicklevine.org/lisp-book/contents/chmp.pdf]
[nicklevine.org/jfli/jfli/docs/jfli.html]
[www.nicklevine.org/lisp-book/contents/chimg.pdf]
[www.nicklevine.org/lisp-book/contents/chslime.pdf]
[www.nicklevine.org/lisp-book/contents/chasdf.pdf]
[nicklevine.org/lw-p4/p4-lw-0.3.zip]
[nicklevine.org/lw-p4/index.html]
[www.nicklevine.org/ilc2003/images/fig-1.gif]
[www.nicklevine.org/ilc2003/images/fig-2.gif]
[www.nicklevine.org/ilc2003/images/fig-3.gif]
[nicklevine.org/FastIndex/index.html]
[www.nicklevine.org/ilc2003/images/fig-4.gif]
[www.nicklevine.org/ilc2003/images/fig-5.gif]
[www.nicklevine.org/ilc2003/images/fig-6.gif]
[www.nicklevine.org/ilc2003/valid-xhtml10.png]
[nicklevine.org/contest/2003/judges-report.txt]
[www.nicklevine.org/ilc2002/valid-xhtml10.png]
[nicklevine.org/contest/2003/entries/readme.txt]
[nicklevine.org/icons/blank.gif]
[nicklevine.org/contest/2003/gifs/nosolve.gif]
[nicklevine.org/icons/back.gif]
[nicklevine.org/icons/unknown.gif]
[nicklevine.org/contest/2003/gifs/starter.gif]
[nicklevine.org/icons/compressed.gif]
[nicklevine.org/cl-rabbit/cl-rabbit.0.1.0.tar.gz]
[nicklevine.org/cl-rabbit/commons-io-1.2.jar]
[nicklevine.org/contest/2003/gifs/F5.gif]
[nicklevine.org/cl-rabbit/java-classes.lisp.src]
[nicklevine.org/contest/2003/gifs/J5.gif]
[nicklevine.org/cl-rabbit/rabbitmq-client.jar]
[nicklevine.org/jfli/jfli.gz]
[nicklevine.org/icons/folder.gif]
[nicklevine.org/contest/2003/gifs/L5.gif]
[nicklevine.org/contest/2003/gifs/N5.gif]
[nicklevine.org/contest/2003/gifs/Q5.gif]
[nicklevine.org/contest/2003/gifs/S5.gif]
[nicklevine.org/contest/2003/gifs/T5.gif]
[nicklevine.org/contest/2003/gifs/W5.gif]
[nicklevine.org/contest/2003/gifs/Z5.gif]
[nicklevine.org/contest/2003/gifs/j4.gif]
[nicklevine.org/contest/2003/gifs/l4.gif]
[nicklevine.org/contest/2003/gifs/s4.gif]
[nicklevine.org/contest/2003/gifs/t4.gif]
[nicklevine.org/contest/2003/gifs/3.gif]
[nicklevine.org/contest/2003/gifs/frame.gif]
[nicklevine.org/contest/2003/valid-xhtml10.png]
[nicklevine.org/contest/2003/index.html]
[nicklevine.org/contest/2007/judges-report.pdf]
[nicklevine.org/contest/2007/entries.tar.gz]
[nicklevine.org/contest/2007/contest.html]
[nicklevine.org/contest/2007/entries.zip]
[nicklevine.org/els2014/gabriel.mp3]
[nicklevine.org/els2014/levine.mp3]
[nicklevine.org/els2014/levine-slides.txt]
[nicklevine.org/els2014/rideau.mp3]
[nicklevine.org/els2014/rhodes.mp3]
[nicklevine.org/els2014/costanza.mp3]
[nicklevine.org/els2014/bois.mp3]
[nicklevine.org/els2014/barthes-omas.mp3]
[nicklevine.org/els2014/marty.mp3]
[nicklevine.org/els2014/lightning-one.mp3]
[nicklevine.org/els2014/melis.mp3]
[nicklevine.org/els2014/melis-slides.pdf]
[nicklevine.org/els2014/melis-tron.mkv]
[nicklevine.org/els2014/melis-planet-wars.mkv]
[nicklevine.org/els2014/ghilardi.mp3]
[nicklevine.org/els2014/ghilardi-slides.pdf]
[nicklevine.org/els2014/alvarez.mp3]
[nicklevine.org/els2014/raimondi.mp3]
[nicklevine.org/els2014/barthes-multilingual.mp3]
[nicklevine.org/els2014/ramos.mp3]
[nicklevine.org/els2014/selgrad.mp3]
[nicklevine.org/els2014/workshop.mp3]
[nicklevine.org/els2014/lightning-two.mp3]
[nicklevine.org/els2014/index.html]
[nicklevine.org/els2013/proceedings.pdf]
[nicklevine.org/els2013/ludovic-courtes.mp3]
[nicklevine.org/els2013/mikhail-raskin.mp3]
[nicklevine.org/els2013/erik-sandewall.mp3]
[nicklevine.org/els2013/jason-cornez.mp3]
[nicklevine.org/els2013/jason-cornez-main.pdf]
[nicklevine.org/els2013/arturo-de-salabert.mp3]
[nicklevine.org/els2013/lightning-monday.mp3]
[nicklevine.org/els2013/jason-cornez-lightning.pdf]
[nicklevine.org/els2013/gerard-assayag.mp3]
[nicklevine.org/els2013/mika-kuuskankare.mp3]
[nicklevine.org/els2013/irene-durand.mp3]
[nicklevine.org/els2013/irene-durand-paper.pdf]
[nicklevine.org/els2013/irene-durand-slides.pdf]
[nicklevine.org/els2013/francois-rene-rideau.mp3]
[nicklevine.org/els2013/francois-rene-rideau.pdf]
[nicklevine.org/els2013/max-rottenkolber.mp3]
[nicklevine.org/els2013/vsevolod-domkin.mp3]
[nicklevine.org/els2013/vsevolod-domkin-paper.pdf]
[nicklevine.org/els2013/vsevolod-domkin-slides.pdf]
[nicklevine.org/els2013/cdr-bof.mp3]
[nicklevine.org/els2013/index.html]
[nicklevine.org/claude/claude-1.0.2/manual/images/incorrect-config.png]
[nicklevine.org/claude/claude-1.0.2/mumble/examples/C/test.c]
[nicklevine.org/claude/claude-1.0.2/mumble/include/mumble.h]
[nicklevine.org/claude/claude-1.0.2/mumble/examples/C/mumble.c]
[nicklevine.org/claude/claude-1.0.2/manual/images/lisp.jpg]
[nicklevine.org/claude/claude-1.0.2/manual/index.html]
[nicklevine.org/cl-log/master/pkg.html]
[nicklevine.org/cl-log/master/cl-log.html]
[nicklevine.org/cl-log/master/cl-log-2.html]
[nicklevine.org/cl-log/master/cl-log-test.html]
[www.nicklevine.org/lisp-book/talks/eclm-2011-10-23/html/00-title.png]
[www.nicklevine.org/lisp-book/talks/eclm-2011-10-23/html/00-title.html]
[www.nicklevine.org/lisp-book/contents/index.html]
[www.nicklevine.org/declarative/assignment-1999/assignment.doc]
[www.nicklevine.org/declarative/assignment-1999/examples.doc]
[www.nicklevine.org/icons/text.gif]
[www.nicklevine.org/declarative/assignment-1999/mod2-ebnf.txt]
[www.nicklevine.org/declarative/assignment-1999/index.html]
[www.nicklevine.org/declarative/assignment/assignment.doc]
[www.nicklevine.org/declarative/assignment/readme.txt]
[www.nicklevine.org/declarative/assignment/index.html]
[www.nicklevine.org/declarative/lectures/exam/DecLangJan00Answers.doc]
[www.nicklevine.org/declarative/lectures/exam/DeclLang99.doc]
[www.nicklevine.org/declarative/lectures/exam/index.html]
[www.nicklevine.org/declarative/lectures/lectures/lecture-1.html]
[www.nicklevine.org/declarative/lectures/lectures/lecture-2.html]
[www.nicklevine.org/declarative/lectures/lectures/image-3-5.jpg]
[www.nicklevine.org/declarative/lectures/lectures/lecture-3.html]
[www.nicklevine.org/declarative/lectures/lectures/lecture-4.html]
[www.nicklevine.org/declarative/lectures/lectures/lecture-5.html]
[www.nicklevine.org/declarative/lectures/lectures/image-6-1.jpg]
[www.nicklevine.org/declarative/lectures/lectures/lecture-6.html]
[www.nicklevine.org/declarative/lectures/lectures/lecture-7.html]
[www.nicklevine.org/declarative/lectures/lectures/lecture-8.html]
[www.nicklevine.org/declarative/lectures/lectures/lecture-9.html]
[www.nicklevine.org/declarative/lectures/lectures/lecture-10.html]
[www.nicklevine.org/declarative/lectures/lectures/lecture-11.html]
[www.nicklevine.org/declarative/lectures/lectures/lecture-12.html]
[www.nicklevine.org/declarative/lectures/solutions/solutions-2.html]
[www.nicklevine.org/declarative/lectures/solutions/solutions-3.html]
[www.nicklevine.org/declarative/lectures/solutions/solutions-4.html]
[www.nicklevine.org/declarative/lectures/solutions/solutions-5.html]
[www.nicklevine.org/declarative/lectures/solutions/solutions-6.html]
[www.nicklevine.org/declarative/lectures/solutions/solutions-7.html]
[www.nicklevine.org/declarative/lectures/solutions/solutions-8.html]
[www.nicklevine.org/declarative/lectures/additional/index.html]
[www.nicklevine.org/declarative/lectures/additional/key-binds.html]
[www.nicklevine.org/declarative/lectures/additional/agony-corner.html]
[www.nicklevine.org/ilc2003/examples.html]
[www.nicklevine.org/ilc2003/present.html]
[www.nicklevine.org/ilc2002/examples.html]
[www.nicklevine.org/ilc2002/present.html]
[www.nicklevine.org/ilc2002/tables.html]
[nicklevine.org/cl-rabbit/indexc052.html]
[nicklevine.org/cl-rabbit/indexf8a0.html]
[nicklevine.org/cl-rabbit/indexbfec.html]
[nicklevine.org/cl-rabbit/index30b5.html]
[nicklevine.org/cl-rabbit/channel.html]
[nicklevine.org/cl-rabbit/connection.html]
[nicklevine.org/cl-rabbit/defsys.html]
[nicklevine.org/cl-rabbit/errors.html]
[nicklevine.org/cl-rabbit/message.html]
[nicklevine.org/cl-rabbit/parameters.html]
[nicklevine.org/cl-rabbit/pkg.html]
[nicklevine.org/cl-rabbit/rabbitmq.html]
[nicklevine.org/cl-rabbit/rabbitmq-2.html]
[nicklevine.org/jfli/indexc052.html]
[nicklevine.org/jfli/indexf8a0.html]
[nicklevine.org/jfli/indexbfec.html]
[nicklevine.org/jfli/index30b5.html]
[nicklevine.org/jfli/jfli/CPL.TXT]
[nicklevine.org/jfli/jfli/jfli.jar]
[nicklevine.org/jfli/jfli/index.html]
[nicklevine.org/jfli/jfli/docs/jfli_bkgrnd.gif]
[nicklevine.org/jfli/jfli/docs/jfli_new.gif]
[nicklevine.org/jfli/jfli/docs/bullet.gif]
[nicklevine.org/jfli/jfli/docs/bullet2.gif]
[nicklevine.org/jfli/jfli/docs/jfli.css]
[nicklevine.org/lw-p4/indexc052.html]
[nicklevine.org/lw-p4/indexf8a0.html]
[nicklevine.org/lw-p4/indexbfec.html]
[nicklevine.org/lw-p4/index30b5.html]
[nicklevine.org/lw-p4/capi-prompters.html]
[nicklevine.org/lw-p4/cl-mashal.html]
[nicklevine.org/lw-p4/editor-bindings.html]
[nicklevine.org/lw-p4/load.html]
[nicklevine.org/lw-p4/p4.html]
[nicklevine.org/lw-p4/pkg.html]
[nicklevine.org/contest/2003/entries/index.html]
[nicklevine.org/contest/2007/style/ilc-screen.css]
[nicklevine.org/contest/2007/style/ilc-print.css]
[nicklevine.org/els2014/levine-sbcl.html]
[nicklevine.org/claude/claude-1.0.2/manual/style/claude.css]
[nicklevine.org/claude/claude-1.0.2/mumble/manual/images/incorrect-config.png]
[nicklevine.org/claude/claude-1.0.2/mumble/manual/images/lisp.jpg]
[nicklevine.org/claude/claude-1.0.2/mumble/manual/index.html]
[nicklevine.org/claude/claude-1.0.2/mumble/build/save-dll.html]
[nicklevine.org/claude/claude-1.0.2/mumble/src/defsys.html]
[nicklevine.org/claude/claude-1.0.2/mumble/pyMumble/invoke.html]
[nicklevine.org/claude/claude-1.0.2/mumble/pyMumble/lib.html]
[nicklevine.org/claude/claude-1.0.2/mumble/pyMumble/objects.html]
[nicklevine.org/claude/claude-1.0.2/mumble/pyMumble/connect.html]
[nicklevine.org/claude/claude-1.0.2/mumble/pyMumble/config.html]
[nicklevine.org/claude/claude-1.0.2/mumble/claude/src/pkg.html]
[www.nicklevine.org/lisp-book/talks/eclm-2011-10-23/html/01-abstract.png]
[www.nicklevine.org/lisp-book/talks/eclm-2011-10-23/html/01-abstract.html]
[www.nicklevine.org/issue.html]
[www.nicklevine.org/declarative/assignment-1999/indexc052.html]
[www.nicklevine.org/declarative/assignment-1999/indexf8a0.html]
[www.nicklevine.org/declarative/assignment-1999/indexbfec.html]
[www.nicklevine.org/declarative/assignment-1999/index30b5.html]
[www.nicklevine.org/declarative/index.html]
[www.nicklevine.org/declarative/assignment-1999/input-output.html]
[www.nicklevine.org/declarative/assignment-1999/mod2-ebnf.html]
[www.nicklevine.org/declarative/assignment-1999/mod2-ebnf-2.html]
[www.nicklevine.org/declarative/assignment-1999/mod2-ebnf-3.html]
[www.nicklevine.org/declarative/assignment-1999/parse.html]
[www.nicklevine.org/declarative/assignment-1999/source/inout.def]
[www.nicklevine.org/declarative/assignment-1999/source/index.html]
[www.nicklevine.org/declarative/assignment/indexc052.html]
[www.nicklevine.org/declarative/assignment/indexf8a0.html]
[www.nicklevine.org/declarative/assignment/indexbfec.html]
[www.nicklevine.org/declarative/assignment/index30b5.html]
[www.nicklevine.org/declarative/assignment/code/index.html]
[www.nicklevine.org/declarative/lectures/exam/indexc052.html]
[www.nicklevine.org/declarative/lectures/exam/indexf8a0.html]
[www.nicklevine.org/declarative/lectures/exam/indexbfec.html]
[www.nicklevine.org/declarative/lectures/exam/index30b5.html]
[www.nicklevine.org/declarative/lectures/index-2.html]
[www.nicklevine.org/ilc2002/index-2.html]
[nicklevine.org/cl-rabbit/indexb70a.html]
[nicklevine.org/cl-rabbit/index72c9.html]
[nicklevine.org/cl-rabbit/index5851.html]
[nicklevine.org/cl-rabbit/indexad3f.html]
[nicklevine.org/jfli/indexb70a.html]
[nicklevine.org/jfli/index72c9.html]
[nicklevine.org/jfli/index5851.html]
[nicklevine.org/jfli/indexad3f.html]
[nicklevine.org/jfli/jfli/indexc052.html]
[nicklevine.org/jfli/jfli/indexf8a0.html]
[nicklevine.org/jfli/jfli/indexbfec.html]
[nicklevine.org/jfli/jfli/index30b5.html]
[nicklevine.org/jfli/jfli/build-java-classes.html]
[nicklevine.org/jfli/jfli/com/index.html]
[nicklevine.org/jfli/jfli/defsys.html]
[nicklevine.org/icons/image2.gif]
[nicklevine.org/jfli/jfli/docs/index.html]
[nicklevine.org/jfli/jfli/examples/index.html]
[nicklevine.org/jfli/jfli/jfli.html]
[nicklevine.org/jfli/jfli/jni.html]
[nicklevine.org/jfli/jfli/process.html]
[nicklevine.org/lw-p4/indexb70a.html]
[nicklevine.org/lw-p4/index72c9.html]
[nicklevine.org/lw-p4/index5851.html]
[nicklevine.org/lw-p4/indexad3f.html]
[nicklevine.org/web/20070720071012/http_/www.international-lisp-conference.org/2007/ilc.html]
[nicklevine.org/claude/claude-1.0.2/mumble/manual/style/claude.css]
[nicklevine.org/claude/claude-1.0.2/mumble/examples/C/brief.html]
[nicklevine.org/claude/claude-1.0.2/mumble/pyMumble/mumble.html]
[www.nicklevine.org/lisp-book/talks/eclm-2011-10-23/html/02-dlw-email.png]
[www.nicklevine.org/lisp-book/talks/eclm-2011-10-23/html/02-dlw-email.html]
[www.nicklevine.org/declarative/assignment-1999/indexb70a.html]
[www.nicklevine.org/declarative/assignment-1999/index72c9.html]
[www.nicklevine.org/declarative/assignment-1999/index5851.html]
[www.nicklevine.org/declarative/assignment-1999/indexad3f.html]
[www.nicklevine.org/declarative/indexc052.html]
[www.nicklevine.org/declarative/indexf8a0.html]
[www.nicklevine.org/declarative/indexbfec.html]
[www.nicklevine.org/declarative/index30b5.html]
[www.nicklevine.org/declarative/assignment-1999/source/indexc052.html]
[www.nicklevine.org/declarative/assignment-1999/source/indexf8a0.html]
[www.nicklevine.org/declarative/assignment-1999/source/indexbfec.html]
[www.nicklevine.org/declarative/assignment-1999/source/index30b5.html]
[www.nicklevine.org/declarative/assignment-1999/source/average.html]
[www.nicklevine.org/declarative/assignment-1999/source/string.html]
[www.nicklevine.org/declarative/assignment-1999/source/test.html]
[www.nicklevine.org/declarative/assignment/indexb70a.html]
[www.nicklevine.org/declarative/assignment/index72c9.html]
[www.nicklevine.org/declarative/assignment/index5851.html]
[www.nicklevine.org/declarative/assignment/indexad3f.html]
[www.nicklevine.org/declarative/assignment/code/indexc052.html]
[www.nicklevine.org/declarative/assignment/code/indexf8a0.html]
[www.nicklevine.org/declarative/assignment/code/indexbfec.html]
[www.nicklevine.org/declarative/assignment/code/index30b5.html]
[www.nicklevine.org/declarative/assignment/code/application.html]
[www.nicklevine.org/declarative/assignment/code/defsys.html]
[www.nicklevine.org/declarative/assignment/code/hidden.html]
[www.nicklevine.org/declarative/assignment/code/html-tags.html]
[www.nicklevine.org/declarative/assignment/code/macros.html]
[www.nicklevine.org/declarative/assignment/code/server.html]
[www.nicklevine.org/declarative/lectures/exam/indexb70a.html]
[www.nicklevine.org/declarative/lectures/exam/index72c9.html]
[www.nicklevine.org/declarative/lectures/exam/index5851.html]
[www.nicklevine.org/declarative/lectures/exam/indexad3f.html]
[nicklevine.org/jfli/jfli/indexb70a.html]
[nicklevine.org/jfli/jfli/index72c9.html]
[nicklevine.org/jfli/jfli/index5851.html]
[nicklevine.org/jfli/jfli/indexad3f.html]
[nicklevine.org/jfli/jfli/com/indexc052.html]
[nicklevine.org/jfli/jfli/com/indexf8a0.html]
[nicklevine.org/jfli/jfli/com/indexbfec.html]
[nicklevine.org/jfli/jfli/com/index30b5.html]
[nicklevine.org/jfli/jfli/com/richhickey/index.html]
[nicklevine.org/jfli/jfli/docs/indexc052.html]
[nicklevine.org/jfli/jfli/docs/indexf8a0.html]
[nicklevine.org/jfli/jfli/docs/indexbfec.html]
[nicklevine.org/jfli/jfli/docs/index30b5.html]
[nicklevine.org/jfli/jfli/examples/indexc052.html]
[nicklevine.org/jfli/jfli/examples/indexf8a0.html]
[nicklevine.org/jfli/jfli/examples/indexbfec.html]
[nicklevine.org/jfli/jfli/examples/index30b5.html]
[nicklevine.org/jfli/jfli/examples/session.html]
[nicklevine.org/jfli/jfli/examples/swtdemo.html]
[www.nicklevine.org/lisp-book/talks/eclm-2011-10-23/html/03-not-looking.png]
[www.nicklevine.org/lisp-book/talks/eclm-2011-10-23/html/03-not-looking.html]
[www.nicklevine.org/declarative/indexb70a.html]
[www.nicklevine.org/declarative/index72c9.html]
[www.nicklevine.org/declarative/index5851.html]
[www.nicklevine.org/declarative/indexad3f.html]
[www.nicklevine.org/declarative/assignment-1999/source/indexb70a.html]
[www.nicklevine.org/declarative/assignment-1999/source/index72c9.html]
[www.nicklevine.org/declarative/assignment-1999/source/index5851.html]
[www.nicklevine.org/declarative/assignment-1999/source/indexad3f.html]
[www.nicklevine.org/declarative/assignment/code/indexb70a.html]
[www.nicklevine.org/declarative/assignment/code/index72c9.html]
[www.nicklevine.org/declarative/assignment/code/index5851.html]
[www.nicklevine.org/declarative/assignment/code/indexad3f.html]
[nicklevine.org/jfli/jfli/com/indexb70a.html]
[nicklevine.org/jfli/jfli/com/index72c9.html]
[nicklevine.org/jfli/jfli/com/index5851.html]
[nicklevine.org/jfli/jfli/com/indexad3f.html]
[nicklevine.org/jfli/jfli/com/richhickey/indexc052.html]
[nicklevine.org/jfli/jfli/com/richhickey/indexf8a0.html]
[nicklevine.org/jfli/jfli/com/richhickey/indexbfec.html]
[nicklevine.org/jfli/jfli/com/richhickey/index30b5.html]
[nicklevine.org/jfli/jfli/com/richhickey/jfli/LispInvocationHandler.java]
[nicklevine.org/jfli/jfli/com/richhickey/jfli/index.html]
[nicklevine.org/jfli/jfli/docs/indexb70a.html]
[nicklevine.org/jfli/jfli/docs/index72c9.html]
[nicklevine.org/jfli/jfli/docs/index5851.html]
[nicklevine.org/jfli/jfli/docs/indexad3f.html]
[nicklevine.org/jfli/jfli/examples/indexb70a.html]
[nicklevine.org/jfli/jfli/examples/index72c9.html]
[nicklevine.org/jfli/jfli/examples/index5851.html]
[nicklevine.org/jfli/jfli/examples/indexad3f.html]
[www.nicklevine.org/lisp-book/talks/eclm-2011-10-23/html/04-dismal.png]
[www.nicklevine.org/lisp-book/talks/eclm-2011-10-23/html/04-dismal.html]
[nicklevine.org/jfli/jfli/com/richhickey/indexb70a.html]
[nicklevine.org/jfli/jfli/com/richhickey/index72c9.html]
[nicklevine.org/jfli/jfli/com/richhickey/index5851.html]
[nicklevine.org/jfli/jfli/com/richhickey/indexad3f.html]
[nicklevine.org/jfli/jfli/com/richhickey/jfli/indexc052.html]
[nicklevine.org/jfli/jfli/com/richhickey/jfli/indexf8a0.html]
[nicklevine.org/jfli/jfli/com/richhickey/jfli/indexbfec.html]
[nicklevine.org/jfli/jfli/com/richhickey/jfli/index30b5.html]
[www.nicklevine.org/lisp-book/talks/eclm-2011-10-23/html/05-sussman.html]
[www.nicklevine.org/lisp-book/talks/eclm-2011-10-23/html/05-sussman.jpg]
[nicklevine.org/jfli/jfli/com/richhickey/jfli/indexb70a.html]
[nicklevine.org/jfli/jfli/com/richhickey/jfli/index72c9.html]
[nicklevine.org/jfli/jfli/com/richhickey/jfli/index5851.html]
[nicklevine.org/jfli/jfli/com/richhickey/jfli/indexad3f.html]
[www.nicklevine.org/lisp-book/talks/eclm-2011-10-23/html/06-mission.html]
[www.nicklevine.org/lisp-book/talks/eclm-2011-10-23/html/06-mission.png]
[www.nicklevine.org/lisp-book/talks/eclm-2011-10-23/html/07-book-not.png]
[www.nicklevine.org/lisp-book/talks/eclm-2011-10-23/html/07-book-not.html]
[www.nicklevine.org/lisp-book/talks/eclm-2011-10-23/html/08-overall.html]
[www.nicklevine.org/lisp-book/talks/eclm-2011-10-23/html/08-overall.png]
[www.nicklevine.org/lisp-book/talks/eclm-2011-10-23/html/09-vanilla.html]
[www.nicklevine.org/lisp-book/talks/eclm-2011-10-23/html/09-vanilla.png]
[www.nicklevine.org/lisp-book/talks/eclm-2011-10-23/html/10-flavoured.html]
[www.nicklevine.org/lisp-book/talks/eclm-2011-10-23/html/10-flavoured.png]
[www.nicklevine.org/lisp-book/talks/eclm-2011-10-23/html/11-more-flavoured.html]
[www.nicklevine.org/lisp-book/talks/eclm-2011-10-23/html/11-more-flavoured.png]
[www.nicklevine.org/lisp-book/talks/eclm-2011-10-23/html/12-make-it-happen.html]
[www.nicklevine.org/lisp-book/talks/eclm-2011-10-23/html/12-make-it-happen.png]
[www.nicklevine.org/lisp-book/talks/eclm-2011-10-23/html/13-editorial.html]
[www.nicklevine.org/lisp-book/talks/eclm-2011-10-23/html/13-editorial.png]
[www.nicklevine.org/lisp-book/talks/eclm-2011-10-23/html/14-good-news.html]
[www.nicklevine.org/lisp-book/talks/eclm-2011-10-23/html/14-good-news.png]
[www.nicklevine.org/lisp-book/talks/eclm-2011-10-23/html/15-ora-check.html]
[www.nicklevine.org/lisp-book/talks/eclm-2011-10-23/html/15-ora-check.jpg]
[www.nicklevine.org/lisp-book/talks/eclm-2011-10-23/html/16-pleasing.html]
[www.nicklevine.org/lisp-book/talks/eclm-2011-10-23/html/16-pleasing.png]
[www.nicklevine.org/lisp-book/talks/eclm-2011-10-23/html/17-cover.png]
[www.nicklevine.org/lisp-book/talks/eclm-2011-10-23/html/17-cover.html]
[www.nicklevine.org/lisp-book/talks/eclm-2011-10-23/html/18-competition.html]
[www.nicklevine.org/lisp-book/talks/eclm-2011-10-23/html/18-competition.png]
[www.nicklevine.org/lisp-book/talks/eclm-2011-10-23/html/19-back-inside.png]
[www.nicklevine.org/lisp-book/talks/eclm-2011-10-23/html/19-back-inside.html]
[www.nicklevine.org/lisp-book/talks/eclm-2011-10-23/html/20-comments.html]
[www.nicklevine.org/lisp-book/talks/eclm-2011-10-23/html/20-comments.png]
[www.nicklevine.org/lisp-book/talks/eclm-2011-10-23/html/21-defects.html]
[www.nicklevine.org/lisp-book/talks/eclm-2011-10-23/html/21-defects.png]
[www.nicklevine.org/lisp-book/talks/eclm-2011-10-23/html/22-favourite.html]
[www.nicklevine.org/lisp-book/talks/eclm-2011-10-23/html/22-favourite.png]
[www.nicklevine.org/lisp-book/talks/eclm-2011-10-23/html/23-no-repository.html]
[www.nicklevine.org/lisp-book/talks/eclm-2011-10-23/html/23-no-repository.png]
[www.nicklevine.org/lisp-book/talks/eclm-2011-10-23/html/24-really.html]
[www.nicklevine.org/lisp-book/talks/eclm-2011-10-23/html/24-really.png]
[www.nicklevine.org/lisp-book/talks/eclm-2011-10-23/html/25-google-it.html]
[www.nicklevine.org/lisp-book/talks/eclm-2011-10-23/html/25-google-it.png]
[www.nicklevine.org/lisp-book/talks/eclm-2011-10-23/html/26-google-summary.html]
[www.nicklevine.org/lisp-book/talks/eclm-2011-10-23/html/26-google-summary.png]
[www.nicklevine.org/lisp-book/talks/eclm-2011-10-23/html/27-topic-marker.html]
[www.nicklevine.org/lisp-book/talks/eclm-2011-10-23/html/27-topic-marker.png]
[www.nicklevine.org/lisp-book/talks/eclm-2011-10-23/html/28-the-forum.html]
[www.nicklevine.org/lisp-book/talks/eclm-2011-10-23/html/28-the-forum.png]
[www.nicklevine.org/lisp-book/talks/eclm-2011-10-23/html/29-mudballs.html]
[www.nicklevine.org/lisp-book/talks/eclm-2011-10-23/html/29-mudballs.png]
[www.nicklevine.org/lisp-book/talks/eclm-2011-10-23/html/30-cl-projects.html]
[www.nicklevine.org/lisp-book/talks/eclm-2011-10-23/html/30-cl-projects.png]
[www.nicklevine.org/lisp-book/talks/eclm-2011-10-23/html/31-cl-directory.html]
[www.nicklevine.org/lisp-book/talks/eclm-2011-10-23/html/31-cl-directory.png]
[www.nicklevine.org/lisp-book/talks/eclm-2011-10-23/html/32-cl-wiki.html]
[www.nicklevine.org/lisp-book/talks/eclm-2011-10-23/html/32-cl-wiki.png]
[www.nicklevine.org/lisp-book/talks/eclm-2011-10-23/html/33-current-recommended.html]
[www.nicklevine.org/lisp-book/talks/eclm-2011-10-23/html/33-current-recommended.png]
[www.nicklevine.org/lisp-book/talks/eclm-2011-10-23/html/34-one-good-one.html]
[www.nicklevine.org/lisp-book/talks/eclm-2011-10-23/html/34-one-good-one.png]
[www.nicklevine.org/lisp-book/talks/eclm-2011-10-23/html/35-proposal.html]
[www.nicklevine.org/lisp-book/talks/eclm-2011-10-23/html/35-proposal.png]
[www.nicklevine.org/lisp-book/talks/eclm-2011-10-23/html/36-readily-located.html]
[www.nicklevine.org/lisp-book/talks/eclm-2011-10-23/html/36-readily-located.png]
[www.nicklevine.org/lisp-book/talks/eclm-2011-10-23/html/37-lisp-dot-org.html]
[www.nicklevine.org/lisp-book/talks/eclm-2011-10-23/html/37-lisp-dot-org.png]
[www.nicklevine.org/lisp-book/talks/eclm-2011-10-23/html/38-generously-linked.html]
[www.nicklevine.org/lisp-book/talks/eclm-2011-10-23/html/38-generously-linked.png]
[www.nicklevine.org/lisp-book/talks/eclm-2011-10-23/html/39-nitty-gritty.html]
[www.nicklevine.org/lisp-book/talks/eclm-2011-10-23/html/39-nitty-gritty.png]
[www.nicklevine.org/lisp-book/talks/eclm-2011-10-23/html/40-maintenance.html]
[www.nicklevine.org/lisp-book/talks/eclm-2011-10-23/html/40-maintenance.png]
[www.nicklevine.org/lisp-book/talks/eclm-2011-10-23/html/41-pay-someone.html]
[www.nicklevine.org/lisp-book/talks/eclm-2011-10-23/html/41-pay-someone.png]
[www.nicklevine.org/lisp-book/talks/eclm-2011-10-23/html/42-rant-summary.html]
[www.nicklevine.org/lisp-book/talks/eclm-2011-10-23/html/42-rant-summary.png]
[www.nicklevine.org/lisp-book/talks/eclm-2011-10-23/html/43-achieve.html]
[www.nicklevine.org/lisp-book/talks/eclm-2011-10-23/html/43-achieve.png]
[www.nicklevine.org/lisp-book/talks/eclm-2011-10-23/html/44-tilton.html]
[www.nicklevine.org/lisp-book/talks/eclm-2011-10-23/html/44-tilton.png]
