[learnyousomeerlang.com/index.html]
[backblue.gif]
[fade.gif]
[index.html]
[learnyousomeerlang.com/favicon.ico]
[learnyousomeerlang.com/rss]
[learnyousomeerlang.com/static/img/touch-icon-iphone.png]
[learnyousomeerlang.com/static/img/touch-icon-ipad.png]
[learnyousomeerlang.com/static/img/touch-icon-iphone4.png]
[learnyousomeerlang.com/static/img/splash-joe.png]
[learnyousomeerlang.com/static/img/splash-book.png]
[learnyousomeerlang.com/static/erlang/learn-you-some-erlang.zip]
[learnyousomeerlang.com/index.html]
[learnyousomeerlang.com/static/img/splash-gradient.png]
[learnyousomeerlang.com/static/img/splash-buy.png]
[learnyousomeerlang.com/content.html]
[learnyousomeerlang.com/static/css/splashd41d.css]
[learnyousomeerlang.com/static/img/splash-read.png]
[learnyousomeerlang.com/faq.html]
[learnyousomeerlang.com/introduction.html]
[learnyousomeerlang.com/starting-out.html]
[learnyousomeerlang.com/starting-out-for-real.html]
[learnyousomeerlang.com/modules.html]
[learnyousomeerlang.com/syntax-in-functions.html]
[learnyousomeerlang.com/types-or-lack-thereof.html]
[learnyousomeerlang.com/higher-order-functions.html]
[learnyousomeerlang.com/recursion.html]
[learnyousomeerlang.com/errors-and-exceptions.html]
[learnyousomeerlang.com/functionally-solving-problems.html]
[learnyousomeerlang.com/a-short-visit-to-common-data-structures.html]
[learnyousomeerlang.com/the-hitchhikers-guide-to-concurrency.html]
[learnyousomeerlang.com/more-on-multiprocessing.html]
[learnyousomeerlang.com/what-is-otp.html]
[learnyousomeerlang.com/errors-and-processes.html]
[learnyousomeerlang.com/clients-and-servers.html]
[learnyousomeerlang.com/designing-a-concurrent-application.html]
[learnyousomeerlang.com/event-handlers.html]
[learnyousomeerlang.com/finite-state-machines.html]
[learnyousomeerlang.com/supervisors.html]
[learnyousomeerlang.com/building-applications-with-otp.html]
[learnyousomeerlang.com/building-otp-applications.html]
[learnyousomeerlang.com/the-count-of-applications.html]
[learnyousomeerlang.com/release-is-the-word.html]
[learnyousomeerlang.com/relups.html]
[learnyousomeerlang.com/buckets-of-sockets.html]
[learnyousomeerlang.com/eunit.html]
[learnyousomeerlang.com/distributed-otp-applications.html]
[learnyousomeerlang.com/ets.html]
[learnyousomeerlang.com/distribunomicon.html]
[learnyousomeerlang.com/conclusion.html]
[learnyousomeerlang.com/common-test-for-uncommon-tests.html]
[learnyousomeerlang.com/dialyzer.html]
[learnyousomeerlang.com/mnesia.html]
[learnyousomeerlang.com/time.html]
[learnyousomeerlang.com/maps.html]
[learnyousomeerlang.com/static/img/cc.png]
[learnyousomeerlang.com/static/js/shCore.js]
[learnyousomeerlang.com/content.html]
[learnyousomeerlang.com/static/js/shBrushErlang26512.js]
[learnyousomeerlang.com/contents.html]
[learnyousomeerlang.com/static/css/sh/shThemeLYSE2.css]
[learnyousomeerlang.com/static/css/print.css]
[learnyousomeerlang.com/faq.html]
[learnyousomeerlang.com/static/css/sh/wrapping.png]
[learnyousomeerlang.com/static/img/erlang.png]
[learnyousomeerlang.com/static/img/envelope.png]
[learnyousomeerlang.com/static/img/letitcrash.png]
[learnyousomeerlang.com/introduction.html]
[learnyousomeerlang.com/static/img/scaling.png]
[learnyousomeerlang.com/static/img/shell.png]
[learnyousomeerlang.com/starting-out.html]
[learnyousomeerlang.com/static/img/calculator.png]
[learnyousomeerlang.com/static/img/atom.png]
[learnyousomeerlang.com/static/img/boole.png]
[learnyousomeerlang.com/static/img/mr-brackets.png]
[learnyousomeerlang.com/static/img/worm.png]
[learnyousomeerlang.com/static/img/set-comprehension.png]
[learnyousomeerlang.com/static/img/binometer.png]
[learnyousomeerlang.com/starting-out-for-real.html]
[learnyousomeerlang.com/static/img/string.png]
[learnyousomeerlang.com/static/img/modules.png]
[learnyousomeerlang.com/static/img/declaration.png]
[learnyousomeerlang.com/static/img/imports.png]
[learnyousomeerlang.com/static/img/circular-dependencies.png]
[learnyousomeerlang.com/modules.html]
[learnyousomeerlang.com/static/img/snail.png]
[learnyousomeerlang.com/static/img/musical-chair.png]
[learnyousomeerlang.com/static/img/driving-age.png]
[learnyousomeerlang.com/static/img/guard.png]
[learnyousomeerlang.com/static/img/labyrinth.png]
[learnyousomeerlang.com/syntax-in-functions.html]
[learnyousomeerlang.com/static/img/coppertone.png]
[learnyousomeerlang.com/static/img/ham.png]
[learnyousomeerlang.com/static/img/my-name-is.png]
[learnyousomeerlang.com/static/img/type-dance.png]
[learnyousomeerlang.com/types-or-lack-thereof.html]
[learnyousomeerlang.com/static/img/fifo.png]
[learnyousomeerlang.com/static/img/reCURSE.png]
[learnyousomeerlang.com/static/img/fac.png]
[learnyousomeerlang.com/static/img/tail-recursion.png]
[learnyousomeerlang.com/static/img/rock-paper-scissors.png]
[learnyousomeerlang.com/static/img/quicksort.png]
[learnyousomeerlang.com/static/img/tree.png]
[learnyousomeerlang.com/recursion.html]
[learnyousomeerlang.com/static/img/fib.png]
[learnyousomeerlang.com/static/img/lambda.png]
[learnyousomeerlang.com/static/img/batman.png]
[learnyousomeerlang.com/static/img/erland.png]
[learnyousomeerlang.com/static/img/foldr.png]
[learnyousomeerlang.com/higher-order-functions.html]
[learnyousomeerlang.com/static/img/cyclist.png]
[learnyousomeerlang.com/static/img/exam.png]
[learnyousomeerlang.com/static/img/stop.png]
[learnyousomeerlang.com/static/img/a-b-msg.png]
[learnyousomeerlang.com/static/img/a-b-c-hello.png]
[learnyousomeerlang.com/static/img/a-b-dead.png]
[learnyousomeerlang.com/static/img/catch.png]
[learnyousomeerlang.com/static/img/black-knight.png]
[learnyousomeerlang.com/static/img/tree-case.png]
[learnyousomeerlang.com/errors-and-exceptions.html]
[learnyousomeerlang.com/static/img/tree-throw.png]
[learnyousomeerlang.com/static/img/stack1.png]
[learnyousomeerlang.com/static/img/stack2.png]
[learnyousomeerlang.com/static/img/stack3.png]
[learnyousomeerlang.com/static/img/stack4.png]
[learnyousomeerlang.com/static/img/road1.png]
[learnyousomeerlang.com/static/erlang/road.txt]
[learnyousomeerlang.com/static/img/road2.png]
[learnyousomeerlang.com/static/img/road3.png]
[learnyousomeerlang.com/static/img/road3.2.png]
[learnyousomeerlang.com/static/img/road1.2.png]
[learnyousomeerlang.com/static/img/road1.3.png]
[learnyousomeerlang.com/static/img/road1.4.png]
[learnyousomeerlang.com/functionally-solving-problems.html]
[learnyousomeerlang.com/static/img/record-player.png]
[learnyousomeerlang.com/static/img/key.png]
[learnyousomeerlang.com/static/img/dict.png]
[learnyousomeerlang.com/static/img/swingset.png]
[learnyousomeerlang.com/a-short-visit-to-common-data-structures.html]
[learnyousomeerlang.com/static/img/fat-guy.png]
[learnyousomeerlang.com/static/img/erlang-the-movie.png]
[learnyousomeerlang.com/static/img/schedulers.png]
[learnyousomeerlang.com/static/img/amdahl.png]
[learnyousomeerlang.com/static/img/hello.png]
[learnyousomeerlang.com/the-hitchhikers-guide-to-concurrency.html]
[learnyousomeerlang.com/static/img/dolphin.png]
[learnyousomeerlang.com/static/img/turkey.png]
[learnyousomeerlang.com/static/img/abstraction.png]
[learnyousomeerlang.com/static/img/hourglass.png]
[learnyousomeerlang.com/static/img/msg-match.png]
[learnyousomeerlang.com/static/img/msg-nomatch.png]
[learnyousomeerlang.com/more-on-multiprocessing.html]
[learnyousomeerlang.com/static/img/link-exit.png]
[learnyousomeerlang.com/static/img/ackbar.jpg]
[learnyousomeerlang.com/static/img/trap.png]
[learnyousomeerlang.com/static/img/homer.png]
[learnyousomeerlang.com/errors-and-processes.html]
[learnyousomeerlang.com/static/img/clock.png]
[learnyousomeerlang.com/static/img/reminder-structure.png]
[learnyousomeerlang.com/static/img/reminder-bubbles-and-arrows.png]
[learnyousomeerlang.com/static/img/reminder-subscribe.png]
[learnyousomeerlang.com/static/img/reminder-add.png]
[learnyousomeerlang.com/static/img/reminder-remove.png]
[learnyousomeerlang.com/static/img/reminder-cs-done.png]
[learnyousomeerlang.com/static/img/reminder-shutdown.png]
[learnyousomeerlang.com/static/img/reminder-es-done.png]
[learnyousomeerlang.com/static/img/reminder-cancel.png]
[learnyousomeerlang.com/static/img/reminder-code-change.png]
[learnyousomeerlang.com/static/img/cement.png]
[learnyousomeerlang.com/static/img/rss.png]
[learnyousomeerlang.com/static/img/hot-code-loading.png]
[learnyousomeerlang.com/static/img/oven.png]
[learnyousomeerlang.com/designing-a-concurrent-application.html]
[learnyousomeerlang.com/static/img/gentleman.png]
[learnyousomeerlang.com/static/img/hullo.png]
[learnyousomeerlang.com/static/img/common-pattern.png]
[learnyousomeerlang.com/static/img/abstraction-layers.png]
[learnyousomeerlang.com/static/img/sink.png]
[learnyousomeerlang.com/what-is-otp.html]
[learnyousomeerlang.com/static/img/dung.png]
[learnyousomeerlang.com/static/img/cbttf.png]
[learnyousomeerlang.com/static/img/kitty.png]
[learnyousomeerlang.com/clients-and-servers.html]
[learnyousomeerlang.com/static/img/mittens.png]
[learnyousomeerlang.com/static/img/fsm_dog.png]
[learnyousomeerlang.com/static/img/fsm_cat.png]
[learnyousomeerlang.com/static/img/dog.png]
[learnyousomeerlang.com/static/img/fsm_talk.png]
[learnyousomeerlang.com/static/img/fsm_overview.png]
[learnyousomeerlang.com/static/img/fsm_general.png]
[learnyousomeerlang.com/static/img/fsm_initiate_nego.png]
[learnyousomeerlang.com/static/img/fsm_other_accept.png]
[learnyousomeerlang.com/static/img/fsm_other_initiate_nego.png]
[learnyousomeerlang.com/static/img/fsm_initiate_race.png]
[learnyousomeerlang.com/static/img/fsm_item_offers.png]
[learnyousomeerlang.com/static/img/fsm_other_item_offers.png]
[learnyousomeerlang.com/static/img/fsm_own_ready.png]
[learnyousomeerlang.com/static/img/fsm_other_ready.png]
[learnyousomeerlang.com/static/img/fsm_wait_after_are_you_ready.png]
[learnyousomeerlang.com/static/img/fsm_wait_item_offers.png]
[learnyousomeerlang.com/static/img/fsm_reply_are_you_ready.png]
[learnyousomeerlang.com/static/img/fsm_race_wait.png]
[learnyousomeerlang.com/static/img/fsm_both_ready.png]
[learnyousomeerlang.com/static/img/fsm_commit.png]
[learnyousomeerlang.com/static/img/take-a-break.png]
[learnyousomeerlang.com/static/img/camera.png]
[learnyousomeerlang.com/static/img/cash.png]
[learnyousomeerlang.com/static/img/commitment.png]
[learnyousomeerlang.com/finite-state-machines.html]
[learnyousomeerlang.com/static/img/snake.png]
[learnyousomeerlang.com/static/img/event-manager.png]
[learnyousomeerlang.com/static/img/event-handler-pattern.png]
[learnyousomeerlang.com/static/img/event-handler-pattern-local.png]
[learnyousomeerlang.com/static/img/hibernate.png]
[learnyousomeerlang.com/static/img/curling-ice.png]
[learnyousomeerlang.com/static/img/curling-stone.png]
[learnyousomeerlang.com/static/img/alert.png]
[learnyousomeerlang.com/static/img/leash.png]
[learnyousomeerlang.com/event-handlers.html]
[learnyousomeerlang.com/static/img/watchmen.png]
[learnyousomeerlang.com/static/img/sup-tree.png]
[learnyousomeerlang.com/static/img/sup-tree-shutdown.png]
[learnyousomeerlang.com/static/img/restart-one-for-one.png]
[learnyousomeerlang.com/static/img/restart-one-for-all.png]
[learnyousomeerlang.com/static/img/restart-rest-for-one.png]
[learnyousomeerlang.com/static/img/bus.png]
[learnyousomeerlang.com/static/img/guitar-case.png]
[learnyousomeerlang.com/supervisors.html]
[learnyousomeerlang.com/static/img/ppool-dead.png]
[learnyousomeerlang.com/static/img/onion.png]
[learnyousomeerlang.com/static/img/crash-me-if-you-can.png]
[learnyousomeerlang.com/static/img/ppool_sup.png]
[learnyousomeerlang.com/static/img/ppool_supersup.png]
[learnyousomeerlang.com/static/img/ppool_sup_sub.png]
[learnyousomeerlang.com/static/img/zombies.png]
[learnyousomeerlang.com/static/img/ppool_deadlock.png]
[learnyousomeerlang.com/static/img/soap.png]
[learnyousomeerlang.com/building-applications-with-otp.html]
[learnyousomeerlang.com/static/img/construction.png]
[learnyousomeerlang.com/static/img/carpool.png]
[learnyousomeerlang.com/static/img/indiana.gif]
[learnyousomeerlang.com/static/img/application-controller.png]
[learnyousomeerlang.com/building-otp-applications.html]
[learnyousomeerlang.com/static/img/files.png]
[learnyousomeerlang.com/static/img/erlcount-sups.png]
[learnyousomeerlang.com/static/img/snowman.png]
[learnyousomeerlang.com/static/img/continue.png]
[learnyousomeerlang.com/static/img/erlcount-events.png]
[learnyousomeerlang.com/static/img/dispatch-async.png]
[learnyousomeerlang.com/static/img/erlcount-race1.png]
[learnyousomeerlang.com/static/img/erlcount-race2.png]
[learnyousomeerlang.com/stdlib/re.html]
[learnyousomeerlang.com/static/img/pope.png]
[learnyousomeerlang.com/static/img/club.png]
[learnyousomeerlang.com/static/img/agner1.png]
[learnyousomeerlang.com/static/img/agner2.png]
[learnyousomeerlang.com/the-count-of-applications.html]
[learnyousomeerlang.com/static/img/trainwreck.png]
[learnyousomeerlang.com/static/img/pizza.png]
[learnyousomeerlang.com/static/img/pipes.png]
[learnyousomeerlang.com/static/img/cupcake.png]
[learnyousomeerlang.com/static/img/reltool-levels.png]
[learnyousomeerlang.com/static/img/cuffs.png]
[learnyousomeerlang.com/static/img/rube.png]
[learnyousomeerlang.com/static/img/ez.png]
[learnyousomeerlang.com/release-is-the-word.html]
[learnyousomeerlang.com/static/img/release.png]
[learnyousomeerlang.com/static/img/evolve.png]
[learnyousomeerlang.com/static/img/9-circles-of-erl.png]
[learnyousomeerlang.com/static/img/progressquest.jpg]
[learnyousomeerlang.com/static/img/sock.png]
[learnyousomeerlang.com/static/erlang/processquest.zip]
[learnyousomeerlang.com/static/img/ant.png]
[learnyousomeerlang.com/static/img/couch.png]
[learnyousomeerlang.com/static/img/podium.png]
[learnyousomeerlang.com/relups.html]
[learnyousomeerlang.com/static/img/bucket.png]
[learnyousomeerlang.com/static/img/udp-ports.png]
[learnyousomeerlang.com/static/img/udp.png]
[learnyousomeerlang.com/static/img/tcp-client.png]
[learnyousomeerlang.com/static/img/tcp-server.png]
[learnyousomeerlang.com/static/img/socket-owner.png]
[learnyousomeerlang.com/static/img/sequential-server.png]
[learnyousomeerlang.com/static/img/sequential-accept.png]
[learnyousomeerlang.com/static/img/parallel-accept.png]
[learnyousomeerlang.com/static/erlang/sockserv-1.0.1.zip]
[learnyousomeerlang.com/static/img/dice.png]
[learnyousomeerlang.com/buckets-of-sockets.html]
[learnyousomeerlang.com/static/img/eunit.png]
[learnyousomeerlang.com/static/img/lies.png]
[learnyousomeerlang.com/static/img/fixture.png]
[learnyousomeerlang.com/static/img/fatspawn.png]
[learnyousomeerlang.com/static/erlang/regis-1.0.0.zip]
[learnyousomeerlang.com/static/img/regis.png]
[learnyousomeerlang.com/static/img/electrocardiogram.png]
[learnyousomeerlang.com/static/img/watch.png]
[learnyousomeerlang.com/static/img/knit.png]
[learnyousomeerlang.com/eunit.html]
[learnyousomeerlang.com/static/img/beets.png]
[learnyousomeerlang.com/static/img/central-regis.png]
[learnyousomeerlang.com/static/img/et.png]
[learnyousomeerlang.com/static/img/match.png]
[learnyousomeerlang.com/static/img/claw-game.png]
[learnyousomeerlang.com/static/img/elvis.png]
[learnyousomeerlang.com/static/erlang/regis-1.1.0.zip]
[learnyousomeerlang.com/static/img/shell-server-1.png]
[learnyousomeerlang.com/static/img/shell-server-2.png]
[learnyousomeerlang.com/ets.html]
[learnyousomeerlang.com/static/img/shell-server-3.png]
[learnyousomeerlang.com/static/img/machete.png]
[learnyousomeerlang.com/static/img/mesh1.png]
[learnyousomeerlang.com/static/img/mesh2.png]
[learnyousomeerlang.com/static/img/mesh3.png]
[learnyousomeerlang.com/static/img/duck.png]
[learnyousomeerlang.com/static/img/cap.png]
[learnyousomeerlang.com/static/img/zombie-map1.png]
[learnyousomeerlang.com/static/img/zombie-map2.png]
[learnyousomeerlang.com/static/img/cookie-monster.png]
[learnyousomeerlang.com/static/img/mustardolives.png]
[learnyousomeerlang.com/static/img/cthulu.png]
[learnyousomeerlang.com/distribunomicon.html]
[learnyousomeerlang.com/static/img/dist_ac.png]
[learnyousomeerlang.com/static/img/failover1.png]
[learnyousomeerlang.com/static/img/failover2.png]
[learnyousomeerlang.com/static/img/failover3.png]
[learnyousomeerlang.com/static/img/failover4.png]
[learnyousomeerlang.com/static/img/failover5.png]
[learnyousomeerlang.com/static/img/main-back.png]
[learnyousomeerlang.com/static/img/sup-serv.png]
[learnyousomeerlang.com/distributed-otp-applications.html]
[learnyousomeerlang.com/static/img/magic-8-ball.png]
[learnyousomeerlang.com/static/img/black-box.png]
[learnyousomeerlang.com/static/img/ct-struct.png]
[learnyousomeerlang.com/static/img/ct-logs.png]
[learnyousomeerlang.com/static/img/priv_dir.png]
[learnyousomeerlang.com/static/img/ct-log-screen.png]
[learnyousomeerlang.com/static/img/ct-cases.png]
[learnyousomeerlang.com/static/img/ct-groups.png]
[learnyousomeerlang.com/static/img/shuffling.png]
[learnyousomeerlang.com/static/img/dog-meeting.png]
[learnyousomeerlang.com/static/img/ct-suite.png]
[learnyousomeerlang.com/static/img/ct-specs.png]
[learnyousomeerlang.com/static/img/ct-large-scale.png]
[learnyousomeerlang.com/static/img/venn-ref.png]
[learnyousomeerlang.com/static/img/bots.png]
[learnyousomeerlang.com/common-test-for-uncommon-tests.html]
[learnyousomeerlang.com/static/img/the-codefather.png]
[learnyousomeerlang.com/static/img/bff.png]
[learnyousomeerlang.com/static/img/chicken-egg.png]
[learnyousomeerlang.com/static/erlang/mafiapp-1.0.0.zip]
[learnyousomeerlang.com/static/img/moneybag.png]
[learnyousomeerlang.com/static/img/guestbook.png]
[learnyousomeerlang.com/static/img/iou.png]
[learnyousomeerlang.com/static/erlang/mafiapp-1.0.0/src/mafiapp-2.html]
[learnyousomeerlang.com/static/erlang/mafiapp-1.0.1.zip]
[learnyousomeerlang.com/mnesia.html]
[learnyousomeerlang.com/static/img/trace.png]
[learnyousomeerlang.com/static/img/blt.png]
[learnyousomeerlang.com/static/img/atlas.png]
[learnyousomeerlang.com/static/img/venn.png]
[learnyousomeerlang.com/static/img/31337.png]
[learnyousomeerlang.com/static/img/contract.png]
[learnyousomeerlang.com/static/img/domain-image.png]
[learnyousomeerlang.com/static/img/opaque.png]
[learnyousomeerlang.com/static/img/ditto.png]
[learnyousomeerlang.com/dialyzer.html]
[learnyousomeerlang.com/static/img/squid-red-panda.png]
[learnyousomeerlang.com/conclusion.html]
[learnyousomeerlang.com/static/img/eep-eep.png]
[learnyousomeerlang.com/static/img/bee.png]
[learnyousomeerlang.com/static/img/corgi.png]
[learnyousomeerlang.com/static/img/mexican-standoff.png]
[learnyousomeerlang.com/maps.html]
[learnyousomeerlang.com/static/img/scale.png]
[learnyousomeerlang.com/static/img/hook.png]
[learnyousomeerlang.com/static/img/clock-os.png]
[learnyousomeerlang.com/static/img/clock-vm.png]
[learnyousomeerlang.com/static/img/clock-uncorrected.png]
[learnyousomeerlang.com/static/img/clock-corrected.png]
[learnyousomeerlang.com/static/img/clock-compare.png]
[learnyousomeerlang.com/static/img/clock-melt.png]
[learnyousomeerlang.com/time.html]
[learnyousomeerlang.com/contents.html]
[learnyousomeerlang.com/static/img/grass-top.jpg]
[learnyousomeerlang.com/static/img/main-title.png]
[learnyousomeerlang.com/static/img/grass-bottom.jpg]
[learnyousomeerlang.com/static/img/note-background.jpg]
[learnyousomeerlang.com/static/img/koolaid-background.jpg]
[learnyousomeerlang.com/static/css/screen43a0.css]
[learnyousomeerlang.com/static/img/update-background.jpg]
[learnyousomeerlang.com/static/css/sh/magnifier.png]
[learnyousomeerlang.com/static/css/sh/page_white_code.png]
[learnyousomeerlang.com/static/css/sh/printer.png]
[learnyousomeerlang.com/static/css/sh/shCore.css]
[learnyousomeerlang.com/static/css/sh/help.png]
[learnyousomeerlang.com/static/erlang/useless.html]
[learnyousomeerlang.com/static/erlang/tester.html]
[learnyousomeerlang.com/static/erlang/functions.html]
[learnyousomeerlang.com/static/erlang/guards.html]
[learnyousomeerlang.com/static/erlang/what_the_if.html]
[learnyousomeerlang.com/static/erlang/cases.html]
[learnyousomeerlang.com/static/erlang/fifo.html]
[learnyousomeerlang.com/static/erlang/recursive.html]
[learnyousomeerlang.com/static/erlang/tree.html]
[learnyousomeerlang.com/static/erlang/hhfuns.html]
[learnyousomeerlang.com/static/erlang/exceptions.html]
[learnyousomeerlang.com/static/erlang/calc.html]
[learnyousomeerlang.com/static/erlang/road.html]
[learnyousomeerlang.com/static/erlang/records.html]
[learnyousomeerlang.com/static/erlang/records-2.html]
[learnyousomeerlang.com/static/erlang/keyval_benchmark.html]
[learnyousomeerlang.com/static/img/squid-concurrency.png]
[learnyousomeerlang.com/static/img/cacti-laser.png]
[learnyousomeerlang.com/static/erlang/dolphins.html]
[learnyousomeerlang.com/static/erlang/kitchen.html]
[learnyousomeerlang.com/static/erlang/multiproc.html]
[learnyousomeerlang.com/static/erlang/linkmon.html]
[learnyousomeerlang.com/static/erlang/event.html]
[learnyousomeerlang.com/static/erlang/evserv.html]
[learnyousomeerlang.com/static/erlang/sup.html]
[learnyousomeerlang.com/static/erlang/kitty_server.html]
[learnyousomeerlang.com/static/erlang/my_server.html]
[learnyousomeerlang.com/static/erlang/kitty_server2.html]
[learnyousomeerlang.com/static/erlang/kitty_gen_server.html]
[learnyousomeerlang.com/static/erlang/cat_fsm.html]
[learnyousomeerlang.com/static/erlang/dog_fsm.html]
[learnyousomeerlang.com/static/erlang/trade_fsm.html]
[learnyousomeerlang.com/static/erlang/trade_calls.html]
[learnyousomeerlang.com/static/erlang/curling_scoreboard_hw.html]
[learnyousomeerlang.com/static/erlang/curling_scoreboard.html]
[learnyousomeerlang.com/static/erlang/curling.html]
[learnyousomeerlang.com/static/erlang/curling_feed.html]
[learnyousomeerlang.com/static/erlang/curling_accumulator.html]
[learnyousomeerlang.com/static/erlang/musicians.html]
[learnyousomeerlang.com/static/erlang/band_supervisor.html]
[learnyousomeerlang.com/static/erlang/ppool_supersup.html]
[learnyousomeerlang.com/static/erlang/ppool_worker_sup.html]
[learnyousomeerlang.com/static/erlang/ppool_serv.html]
[learnyousomeerlang.com/static/erlang/ppool_tests.html]
[learnyousomeerlang.com/static/erlang/ppool.html]
[learnyousomeerlang.com/static/erlang/ppool-1.0/ebin/ppool.html]
[learnyousomeerlang.com/static/erlang/ppool-1.0/src/ppool.html]
[learnyousomeerlang.com/static/erlang/ppool-1.0/test/ppool_tests.html]
[learnyousomeerlang.com/static/erlang/ppool-1.0/src/ppool_supersup.html]
[learnyousomeerlang.com/static/erlang/erlcount-1.0/ebin/erlcount.html]
[learnyousomeerlang.com/static/erlang/erlcount-1.0/src/erlcount.html]
[learnyousomeerlang.com/static/erlang/erlcount-1.0/src/erlcount_sup.html]
[learnyousomeerlang.com/static/erlang/erlcount-1.0/src/erlcount_lib.html]
[learnyousomeerlang.com/static/erlang/erlcount-1.0/src/erlcount_dispatch.html]
[learnyousomeerlang.com/stdlib/re.html]
[learnyousomeerlang.com/static/erlang/erlcount-1.0/src/erlcount_counter.html]
[learnyousomeerlang.com/static/erlang/release/erlcount-1.0/src/erlcount_dispatch.html]
[learnyousomeerlang.com/static/erlang/release/ppool-1.0/ebin/ppool.html]
[learnyousomeerlang.com/static/erlang/release/erlcount-1.0/ebin/erlcount.html]
[learnyousomeerlang.com/static/erlang/release/erlcount-1.0.html]
[learnyousomeerlang.com/static/erlang/release/erlcount-1.0-2.html]
[learnyousomeerlang.com/static/erlang/release/erlcount-sm.html]
[learnyousomeerlang.com/static/erlang/processquest/apps/regis-1.0.0/src/regis.html]
[learnyousomeerlang.com/static/erlang/processquest/apps/regis-1.0.0/src/regis_server.html]
[learnyousomeerlang.com/static/erlang/processquest/apps/regis-1.0.0/src/regis_sup.html]
[learnyousomeerlang.com/static/erlang/processquest/apps/processquest-1.0.0/src/pq_enemy.html]
[learnyousomeerlang.com/static/erlang/processquest/apps/processquest-1.0.0/src/pq_market.html]
[learnyousomeerlang.com/static/erlang/processquest/apps/processquest-1.0.0/src/pq_stats.html]
[learnyousomeerlang.com/static/erlang/processquest/apps/processquest-1.0.0/src/pq_events.html]
[learnyousomeerlang.com/static/erlang/processquest/apps/processquest-1.0.0/src/pq_player.html]
[learnyousomeerlang.com/static/erlang/processquest/apps/processquest-1.0.0/src/pq_sup.html]
[learnyousomeerlang.com/static/erlang/processquest/apps/processquest-1.0.0/src/pq_supersup.html]
[learnyousomeerlang.com/static/erlang/processquest/apps/processquest-1.0.0/src/processquest.html]
[learnyousomeerlang.com/static/erlang/processquest/apps/sockserv-1.0.0/src/sockserv_trans.html]
[learnyousomeerlang.com/static/erlang/processquest/apps/sockserv-1.0.0/src/sockserv_pq_events.html]
[learnyousomeerlang.com/static/erlang/processquest/apps/sockserv-1.0.0/src/sockserv_serv.html]
[learnyousomeerlang.com/static/erlang/processquest/apps/sockserv-1.0.0/src/sockserv_sup.html]
[learnyousomeerlang.com/static/erlang/processquest/apps/sockserv-1.0.0/src/sockserv.html]
[learnyousomeerlang.com/static/erlang/processquest/processquest-1.0.0.html]
[learnyousomeerlang.com/static/erlang/processquest/apps/processquest-1.1.0/src/pq_enemy.html]
[learnyousomeerlang.com/static/erlang/processquest/apps/processquest-1.1.0/src/pq_events.html]
[learnyousomeerlang.com/static/erlang/processquest/apps/processquest-1.1.0/src/pq_player.html]
[learnyousomeerlang.com/static/erlang/processquest/apps/processquest-1.1.0/src/pq_quest.html]
[learnyousomeerlang.com/static/erlang/processquest/apps/sockserv-1.0.1/src/sockserv_serv.html]
[learnyousomeerlang.com/static/erlang/processquest/apps/processquest-1.1.0/ebin/processquest.html]
[learnyousomeerlang.com/static/erlang/processquest/apps/sockserv-1.0.1/ebin/sockserv.html]
[learnyousomeerlang.com/static/erlang/processquest/processquest-1.1.0.html]
[learnyousomeerlang.com/static/img/brotocol.png]
[learnyousomeerlang.com/static/erlang/processquest/apps/sockserv-1.0.1/src/sockserv_pq_events.html]
[learnyousomeerlang.com/static/erlang/ops.html]
[learnyousomeerlang.com/static/erlang/ops_tests.html]
[learnyousomeerlang.com/static/erlang/processquest/apps/regis-1.0.0/test/regis_server_tests.html]
[learnyousomeerlang.com/static/erlang/processquest/apps/processquest-1.1.0/test/pq_player_tests.html]
[learnyousomeerlang.com/static/erlang/m8ball/src/m8ball_sup.html]
[learnyousomeerlang.com/static/erlang/m8ball/src/m8ball_server.html]
[learnyousomeerlang.com/static/erlang/m8ball/src/m8ball.html]
[learnyousomeerlang.com/static/erlang/m8ball/ebin/m8ball.html]
[learnyousomeerlang.com/static/erlang/m8ball/config/a.html]
[learnyousomeerlang.com/static/erlang/m8ball/config/b.html]
[learnyousomeerlang.com/static/erlang/m8ball/config/c.html]
[learnyousomeerlang.com/static/erlang/ct/demo/basic_SUITE.html]
[learnyousomeerlang.com/static/erlang/ct/demo/state_SUITE.html]
[learnyousomeerlang.com/static/erlang/ct/meeting/meeting_SUITE.html]
[learnyousomeerlang.com/static/erlang/mafiapp-1.0.0/test/mafiapp_SUITE.html]
[learnyousomeerlang.com/static/erlang/mafiapp-1.0.0/src/mafiapp.html]
[learnyousomeerlang.com/static/erlang/mafiapp-1.0.0/src/mafiapp_sup.html]
[learnyousomeerlang.com/static/erlang/mafiapp-1.0.0/ebin/mafiapp.html]
[learnyousomeerlang.com/static/erlang/mafiapp-1.0.0/src/mafiapp-2.html]
[learnyousomeerlang.com/static/erlang/discrep1.html]
[learnyousomeerlang.com/static/erlang/discrep2.html]
[learnyousomeerlang.com/static/erlang/discrep3.html]
[learnyousomeerlang.com/static/erlang/cards.html]
[learnyousomeerlang.com/static/erlang/convert.html]
[learnyousomeerlang.com/static/erlang/discrep4.html]
[learnyousomeerlang.com/static/erlang/fifo_types.html]
[learnyousomeerlang.com/static/erlang/zoo.html]
